Archive member included to satisfy reference by file (symbol)

/home/vbshightime/nrf52/gcc-arm-none-eabi-10.3-2021.10/bin/../lib/gcc/arm-none-eabi/10.3.1/../../../../arm-none-eabi/lib/thumb/v7e-m+fp/hard/libc_nano.a(lib_a-abs.o)
                              _build/nrf52840_xxaa/ssd1306.c.o (abs)
/home/vbshightime/nrf52/gcc-arm-none-eabi-10.3-2021.10/bin/../lib/gcc/arm-none-eabi/10.3.1/../../../../arm-none-eabi/lib/thumb/v7e-m+fp/hard/libc_nano.a(lib_a-ctype_.o)
                              _build/nrf52840_xxaa/nrf_log_str_formatter.c.o (_ctype_)
/home/vbshightime/nrf52/gcc-arm-none-eabi-10.3-2021.10/bin/../lib/gcc/arm-none-eabi/10.3.1/../../../../arm-none-eabi/lib/thumb/v7e-m+fp/hard/libc_nano.a(lib_a-exit.o)
                              /home/vbshightime/nrf52/gcc-arm-none-eabi-10.3-2021.10/bin/../lib/gcc/arm-none-eabi/10.3.1/../../../../arm-none-eabi/lib/thumb/v7e-m+fp/hard/crt0.o (exit)
/home/vbshightime/nrf52/gcc-arm-none-eabi-10.3-2021.10/bin/../lib/gcc/arm-none-eabi/10.3.1/../../../../arm-none-eabi/lib/thumb/v7e-m+fp/hard/libc_nano.a(lib_a-impure.o)
                              /home/vbshightime/nrf52/gcc-arm-none-eabi-10.3-2021.10/bin/../lib/gcc/arm-none-eabi/10.3.1/../../../../arm-none-eabi/lib/thumb/v7e-m+fp/hard/libc_nano.a(lib_a-exit.o) (_global_impure_ptr)
/home/vbshightime/nrf52/gcc-arm-none-eabi-10.3-2021.10/bin/../lib/gcc/arm-none-eabi/10.3.1/../../../../arm-none-eabi/lib/thumb/v7e-m+fp/hard/libc_nano.a(lib_a-init.o)
                              /home/vbshightime/nrf52/gcc-arm-none-eabi-10.3-2021.10/bin/../lib/gcc/arm-none-eabi/10.3.1/../../../../arm-none-eabi/lib/thumb/v7e-m+fp/hard/crt0.o (__libc_init_array)
/home/vbshightime/nrf52/gcc-arm-none-eabi-10.3-2021.10/bin/../lib/gcc/arm-none-eabi/10.3.1/../../../../arm-none-eabi/lib/thumb/v7e-m+fp/hard/libc_nano.a(lib_a-memcpy-stub.o)
                              _build/nrf52840_xxaa/nrf_log_frontend.c.o (memcpy)
/home/vbshightime/nrf52/gcc-arm-none-eabi-10.3-2021.10/bin/../lib/gcc/arm-none-eabi/10.3.1/../../../../arm-none-eabi/lib/thumb/v7e-m+fp/hard/libc_nano.a(lib_a-memset.o)
                              /home/vbshightime/nrf52/gcc-arm-none-eabi-10.3-2021.10/bin/../lib/gcc/arm-none-eabi/10.3.1/../../../../arm-none-eabi/lib/thumb/v7e-m+fp/hard/crt0.o (memset)
/home/vbshightime/nrf52/gcc-arm-none-eabi-10.3-2021.10/bin/../lib/gcc/arm-none-eabi/10.3.1/../../../../arm-none-eabi/lib/thumb/v7e-m+fp/hard/libc_nano.a(lib_a-strcpy.o)
                              _build/nrf52840_xxaa/SEGGER_RTT.c.o (strcpy)
/home/vbshightime/nrf52/gcc-arm-none-eabi-10.3-2021.10/bin/../lib/gcc/arm-none-eabi/10.3.1/../../../../arm-none-eabi/lib/thumb/v7e-m+fp/hard/libc_nano.a(lib_a-strlen.o)
                              _build/nrf52840_xxaa/nrf_log_frontend.c.o (strlen)
/home/vbshightime/nrf52/gcc-arm-none-eabi-10.3-2021.10/bin/../lib/gcc/arm-none-eabi/10.3.1/../../../../arm-none-eabi/lib/thumb/v7e-m+fp/hard/libnosys.a(_exit.o)
                              /home/vbshightime/nrf52/gcc-arm-none-eabi-10.3-2021.10/bin/../lib/gcc/arm-none-eabi/10.3.1/../../../../arm-none-eabi/lib/thumb/v7e-m+fp/hard/libc_nano.a(lib_a-exit.o) (_exit)

Discarded input sections

 .text          0x0000000000000000        0x0 /home/vbshightime/nrf52/gcc-arm-none-eabi-10.3-2021.10/bin/../lib/gcc/arm-none-eabi/10.3.1/thumb/v7e-m+fp/hard/crti.o
 .data          0x0000000000000000        0x0 /home/vbshightime/nrf52/gcc-arm-none-eabi-10.3-2021.10/bin/../lib/gcc/arm-none-eabi/10.3.1/thumb/v7e-m+fp/hard/crti.o
 .bss           0x0000000000000000        0x0 /home/vbshightime/nrf52/gcc-arm-none-eabi-10.3-2021.10/bin/../lib/gcc/arm-none-eabi/10.3.1/thumb/v7e-m+fp/hard/crti.o
 .data          0x0000000000000000        0x4 /home/vbshightime/nrf52/gcc-arm-none-eabi-10.3-2021.10/bin/../lib/gcc/arm-none-eabi/10.3.1/thumb/v7e-m+fp/hard/crtbegin.o
 .rodata        0x0000000000000000       0x24 /home/vbshightime/nrf52/gcc-arm-none-eabi-10.3-2021.10/bin/../lib/gcc/arm-none-eabi/10.3.1/thumb/v7e-m+fp/hard/crtbegin.o
 .data          0x0000000000000000        0x0 /home/vbshightime/nrf52/gcc-arm-none-eabi-10.3-2021.10/bin/../lib/gcc/arm-none-eabi/10.3.1/../../../../arm-none-eabi/lib/thumb/v7e-m+fp/hard/crt0.o
 .bss           0x0000000000000000        0x0 /home/vbshightime/nrf52/gcc-arm-none-eabi-10.3-2021.10/bin/../lib/gcc/arm-none-eabi/10.3.1/../../../../arm-none-eabi/lib/thumb/v7e-m+fp/hard/crt0.o
 .ARM.extab     0x0000000000000000        0x0 /home/vbshightime/nrf52/gcc-arm-none-eabi-10.3-2021.10/bin/../lib/gcc/arm-none-eabi/10.3.1/../../../../arm-none-eabi/lib/thumb/v7e-m+fp/hard/crt0.o
 .data          0x0000000000000000        0x0 _build/nrf52840_xxaa/gcc_startup_nrf52840.S.o
 .bss           0x0000000000000000        0x0 _build/nrf52840_xxaa/gcc_startup_nrf52840.S.o
 .group         0x0000000000000000        0xc _build/nrf52840_xxaa/nrf_log_backend_rtt.c.o
 .group         0x0000000000000000        0xc _build/nrf52840_xxaa/nrf_log_backend_rtt.c.o
[...]
Memory Configuration

Name             Origin             Length             Attributes
FLASH            0x0000000000001000 0x00000000000df000 xr
RAM              0x0000000020000008 0x000000000003fff8 xrw
*default*        0x0000000000000000 0xffffffffffffffff

Linker script and memory map


.text           0x0000000000001000     0x4698
 *(.isr_vector)
 .isr_vector    0x0000000000001000      0x200 _build/nrf52840_xxaa/gcc_startup_nrf52840.S.o
                0x0000000000001000                __isr_vector
 *(.text*)
 .text          0x0000000000001200       0x40 /home/vbshightime/nrf52/gcc-arm-none-eabi-10.3-2021.10/bin/../lib/gcc/arm-none-eabi/10.3.1/thumb/v7e-m+fp/hard/crtbegin.o
 .text          0x0000000000001240       0x7c /home/vbshightime/nrf52/gcc-arm-none-eabi-10.3-2021.10/bin/../lib/gcc/arm-none-eabi/10.3.1/../../../../arm-none-eabi/lib/thumb/v7e-m+fp/hard/crt0.o
                0x0000000000001240                _stack_init
                0x0000000000001248                _mainCRTStartup
                0x0000000000001248                _start
 .text          0x00000000000012bc       0x3c _build/nrf52840_xxaa/gcc_startup_nrf52840.S.o
                0x00000000000012bc                Reset_Handler
                0x00000000000012e4                NMI_Handler
                0x00000000000012e6                HardFault_Handler
                0x00000000000012e8                MemoryManagement_Handler
                0x00000000000012ea                BusFault_Handler
                0x00000000000012ec                UsageFault_Handler
                0x00000000000012ee                SVC_Handler
                0x00000000000012f0                DebugMon_Handler
                0x00000000000012f2                PendSV_Handler
                0x00000000000012f4                SysTick_Handler
                0x00000000000012f6                TIMER2_IRQHandler
                0x00000000000012f6                RTC0_IRQHandler
                0x00000000000012f6                SWI0_EGU0_IRQHandler
                0x00000000000012f6                SWI2_EGU2_IRQHandler
                0x00000000000012f6                GPIOTE_IRQHandler
                0x00000000000012f6                PWM1_IRQHandler
                0x00000000000012f6                POWER_CLOCK_IRQHandler
                0x00000000000012f6                RADIO_IRQHandler
                0x00000000000012f6                PDM_IRQHandler
                0x00000000000012f6                TEMP_IRQHandler
                0x00000000000012f6                QDEC_IRQHandler
                0x00000000000012f6                TIMER3_IRQHandler
                0x00000000000012f6                PWM3_IRQHandler
                0x00000000000012f6                FPU_IRQHandler
                0x00000000000012f6                USBD_IRQHandler
                0x00000000000012f6                TIMER4_IRQHandler
                0x00000000000012f6                CRYPTOCELL_IRQHandler
                0x00000000000012f6                I2S_IRQHandler
                0x00000000000012f6                SWI4_EGU4_IRQHandler
                0x00000000000012f6                TIMER0_IRQHandler
                0x00000000000012f6                UARTE1_IRQHandler
                0x00000000000012f6                TIMER1_IRQHandler
                0x00000000000012f6                SPIM3_IRQHandler
                0x00000000000012f6                PWM2_IRQHandler
                0x00000000000012f6                ECB_IRQHandler
                0x00000000000012f6                Default_Handler
                0x00000000000012f6                SAADC_IRQHandler
                0x00000000000012f6                CCM_AAR_IRQHandler
                0x00000000000012f6                WDT_IRQHandler
                0x00000000000012f6                SWI5_EGU5_IRQHandler
                0x00000000000012f6                RNG_IRQHandler
                0x00000000000012f6                RTC2_IRQHandler
                0x00000000000012f6                PWM0_IRQHandler
                0x00000000000012f6                SWI3_EGU3_IRQHandler
                0x00000000000012f6                RTC1_IRQHandler
                0x00000000000012f6                SWI1_EGU1_IRQHandler
                0x00000000000012f6                SPIM2_SPIS2_SPI2_IRQHandler
                0x00000000000012f6                NFCT_IRQHandler
                0x00000000000012f6                MWU_IRQHandler
                0x00000000000012f6                QSPI_IRQHandler
                0x00000000000012f6                COMP_LPCOMP_IRQHandler
 .text.nrf_log_backend_serial_put
                0x00000000000012f8       0xd8 _build/nrf52840_xxaa/nrf_log_backend_serial.c.o
                0x00000000000012f8                nrf_log_backend_serial_put
 .text.nrf_log_backend_uart_flush
                0x00000000000013d0        0x4 _build/nrf52840_xxaa/nrf_log_backend_uart.c.o
 .text.nrf_log_backend_uart_put
                0x00000000000013d4       0x20 _build/nrf52840_xxaa/nrf_log_backend_uart.c.o
 .text.serial_tx
                0x00000000000013f4       0x50 _build/nrf52840_xxaa/nrf_log_backend_uart.c.o
 .text.nrf_log_backend_uart_panic_set
                0x0000000000001444       0x68 _build/nrf52840_xxaa/nrf_log_backend_uart.c.o
 .text.log_skip
                0x00000000000014ac       0xcc _build/nrf52840_xxaa/nrf_log_frontend.c.o
 .text.nrf_log_module_name_get
                0x0000000000001578       0x48 _build/nrf52840_xxaa/nrf_log_frontend.c.o
                0x0000000000001578                nrf_log_module_name_get
 .text.nrf_log_color_id_get
                0x00000000000015c0       0x2c _build/nrf52840_xxaa/nrf_log_frontend.c.o
                0x00000000000015c0                nrf_log_color_id_get
 .text.log_pending_hook
                0x00000000000015ec        0x4 _build/nrf52840_xxaa/nrf_log_frontend.c.o
                0x00000000000015ec                log_pending_hook
 .text.nrf_log_frontend_dequeue
                0x00000000000015f0      0x258 _build/nrf52840_xxaa/nrf_log_frontend.c.o
                0x00000000000015f0                nrf_log_frontend_dequeue
 .text.nrf_log_frontend_std_0
                0x0000000000001848       0xb4 _build/nrf52840_xxaa/nrf_log_frontend.c.o
                0x0000000000001848                nrf_log_frontend_std_0
 .text.nrf_log_panic
                0x00000000000018fc       0x28 _build/nrf52840_xxaa/nrf_log_frontend.c.o
                0x00000000000018fc                nrf_log_panic
 .text.prefix_process
                0x0000000000001924       0x84 _build/nrf52840_xxaa/nrf_log_str_formatter.c.o
 .text.nrf_log_std_entry_process
                0x00000000000019a8       0xec _build/nrf52840_xxaa/nrf_log_str_formatter.c.o
                0x00000000000019a8                nrf_log_std_entry_process
 .text.nrf_log_hexdump_entry_process
                0x0000000000001a94      0x104 _build/nrf52840_xxaa/nrf_log_str_formatter.c.o
                0x0000000000001a94                nrf_log_hexdump_entry_process
 .text.bsp_board_led_invert
                0x0000000000001b98       0x34 _build/nrf52840_xxaa/boards.c.o
                0x0000000000001b98                bsp_board_led_invert
 .text.bsp_board_init
                0x0000000000001bcc       0xd8 _build/nrf52840_xxaa/boards.c.o
                0x0000000000001bcc                bsp_board_init
 .text.app_error_handler_bare
                0x0000000000001ca4       0x20 _build/nrf52840_xxaa/app_error.c.o
                0x0000000000001ca4                app_error_handler_bare
 .text.app_error_fault_handler
                0x0000000000001cc4       0x6c _build/nrf52840_xxaa/app_error_weak.c.o
                0x0000000000001cc4                app_error_fault_handler
 .text.app_util_critical_region_enter
                0x0000000000001d30       0x10 _build/nrf52840_xxaa/app_util_platform.c.o
                0x0000000000001d30                app_util_critical_region_enter
 .text.app_util_critical_region_exit
                0x0000000000001d40       0x14 _build/nrf52840_xxaa/app_util_platform.c.o
                0x0000000000001d40                app_util_critical_region_exit
 .text.nrf_atomic_u32_fetch_store
                0x0000000000001d54       0x14 _build/nrf52840_xxaa/nrf_atomic.c.o
                0x0000000000001d54                nrf_atomic_u32_fetch_store
 .text.nrf_atomic_u32_add
                0x0000000000001d68       0x18 _build/nrf52840_xxaa/nrf_atomic.c.o
                0x0000000000001d68                nrf_atomic_u32_add
 .text.nrf_atomic_u32_sub
                0x0000000000001d80       0x18 _build/nrf52840_xxaa/nrf_atomic.c.o
                0x0000000000001d80                nrf_atomic_u32_sub
 .text.nrf_atomic_flag_set
                0x0000000000001d98       0x18 _build/nrf52840_xxaa/nrf_atomic.c.o
                0x0000000000001d98                nrf_atomic_flag_set
 .text.nrf_atomic_flag_clear_fetch
                0x0000000000001db0       0x18 _build/nrf52840_xxaa/nrf_atomic.c.o
                0x0000000000001db0                nrf_atomic_flag_clear_fetch
 .text.nrf_balloc_alloc
                0x0000000000001dc8       0x4c _build/nrf52840_xxaa/nrf_balloc.c.o
                0x0000000000001dc8                nrf_balloc_alloc
 .text.nrf_balloc_free
                0x0000000000001e14       0x2c _build/nrf52840_xxaa/nrf_balloc.c.o
                0x0000000000001e14                nrf_balloc_free
 .text.nrf_fprintf_buffer_flush
                0x0000000000001e40       0x18 _build/nrf52840_xxaa/nrf_fprintf.c.o
                0x0000000000001e40                nrf_fprintf_buffer_flush
 .text.nrf_fprintf
                0x0000000000001e58       0x20 _build/nrf52840_xxaa/nrf_fprintf.c.o
                0x0000000000001e58                nrf_fprintf
 .text.unsigned_print
                0x0000000000001e78      0x160 _build/nrf52840_xxaa/nrf_fprintf_format.c.o
 .text.nrf_fprintf_fmt
                0x0000000000001fd8      0x584 _build/nrf52840_xxaa/nrf_fprintf_format.c.o
                0x0000000000001fd8                nrf_fprintf_fmt
 .text.nrf_memobj_alloc
                0x000000000000255c       0x94 _build/nrf52840_xxaa/nrf_memobj.c.o
                0x000000000000255c                nrf_memobj_alloc
 .text.nrf_memobj_get
                0x00000000000025f0        0x8 _build/nrf52840_xxaa/nrf_memobj.c.o
                0x00000000000025f0                nrf_memobj_get
 .text.nrf_memobj_put
                0x00000000000025f8       0x58 _build/nrf52840_xxaa/nrf_memobj.c.o
                0x00000000000025f8                nrf_memobj_put
 .text.nrf_memobj_write
                0x0000000000002650       0x68 _build/nrf52840_xxaa/nrf_memobj.c.o
                0x0000000000002650                nrf_memobj_write
 .text.nrf_memobj_read
                0x00000000000026b8       0x68 _build/nrf52840_xxaa/nrf_memobj.c.o
                0x00000000000026b8                nrf_memobj_read
 .text.twim_evt_handler
                0x0000000000002720       0x44 _build/nrf52840_xxaa/nrf_drv_twi.c.o
 .text.nrf_drv_twi_init
                0x0000000000002764      0x16c _build/nrf52840_xxaa/nrf_drv_twi.c.o
                0x0000000000002764                nrf_drv_twi_init
 .text.uarte_evt_handler
                0x00000000000028d0       0x34 _build/nrf52840_xxaa/nrf_drv_uart.c.o
 .text.uart_evt_handler
                0x0000000000002904       0x34 _build/nrf52840_xxaa/nrf_drv_uart.c.o
 .text.nrf_drv_uart_init
                0x0000000000002938       0x78 _build/nrf52840_xxaa/nrf_drv_uart.c.o
                0x0000000000002938                nrf_drv_uart_init
 .text.UARTE0_UART0_IRQHandler
                0x00000000000029b0        0xc _build/nrf52840_xxaa/nrfx_prs.c.o
                0x00000000000029b0                UARTE0_UART0_IRQHandler
 .text.nrfx_prs_acquire
                0x00000000000029bc       0x3c _build/nrf52840_xxaa/nrfx_prs.c.o
                0x00000000000029bc                nrfx_prs_acquire
 .text.nrfx_prs_release
                0x00000000000029f8       0x18 _build/nrf52840_xxaa/nrfx_prs.c.o
                0x00000000000029f8                nrfx_prs_release
 .text.xfer_completeness_check
                0x0000000000002a10       0x70 _build/nrf52840_xxaa/nrfx_twim.c.o
 .text.SPIM0_SPIS0_TWIM0_TWIS0_SPI0_TWI0_IRQHandler
                0x0000000000002a80      0x1d4 _build/nrf52840_xxaa/nrfx_twim.c.o
                0x0000000000002a80                SPIM0_SPIS0_TWIM0_TWIS0_SPI0_TWI0_IRQHandler
 .text.SPIM1_SPIS1_TWIM1_TWIS1_SPI1_TWI1_IRQHandler
                0x0000000000002c54      0x1dc _build/nrf52840_xxaa/nrfx_twim.c.o
                0x0000000000002c54                SPIM1_SPIS1_TWIM1_TWIS1_SPI1_TWI1_IRQHandler
 .text.nrfx_twim_init
                0x0000000000002e30      0x11c _build/nrf52840_xxaa/nrfx_twim.c.o
                0x0000000000002e30                nrfx_twim_init
 .text.nrfx_twim_enable
                0x0000000000002f4c       0x20 _build/nrf52840_xxaa/nrfx_twim.c.o
                0x0000000000002f4c                nrfx_twim_enable
 .text.nrfx_twim_tx
                0x0000000000002f6c      0x1f0 _build/nrf52840_xxaa/nrfx_twim.c.o
                0x0000000000002f6c                nrfx_twim_tx
 *fill*         0x000000000000315c        0x4 
 .text.nrfx_uart_0_irq_handler
                0x0000000000003160      0x1d0 _build/nrf52840_xxaa/nrfx_uart.c.o
                0x0000000000003160                nrfx_uart_0_irq_handler
 .text.nrfx_uart_init
                0x0000000000003330      0x1ec _build/nrf52840_xxaa/nrfx_uart.c.o
                0x0000000000003330                nrfx_uart_init
 .text.nrfx_uart_uninit
                0x000000000000351c      0x10c _build/nrf52840_xxaa/nrfx_uart.c.o
                0x000000000000351c                nrfx_uart_uninit
 .text.nrfx_uart_tx
                0x0000000000003628       0xd8 _build/nrf52840_xxaa/nrfx_uart.c.o
                0x0000000000003628                nrfx_uart_tx
 .text.nrfx_uarte_0_irq_handler
                0x0000000000003700      0x178 _build/nrf52840_xxaa/nrfx_uarte.c.o
                0x0000000000003700                nrfx_uarte_0_irq_handler
 .text.nrfx_uarte_init
                0x0000000000003878      0x21c _build/nrf52840_xxaa/nrfx_uarte.c.o
                0x0000000000003878                nrfx_uarte_init
 .text.nrfx_uarte_uninit
                0x0000000000003a94      0x170 _build/nrf52840_xxaa/nrfx_uarte.c.o
                0x0000000000003a94                nrfx_uarte_uninit
 .text.nrfx_uarte_tx
                0x0000000000003c04       0xb0 _build/nrf52840_xxaa/nrfx_uarte.c.o
                0x0000000000003c04                nrfx_uarte_tx
 .text.startup.main
                0x0000000000003cb4       0x9c _build/nrf52840_xxaa/main.c.o
                0x0000000000003cb4                main
 .text.SystemInit
                0x0000000000003d50      0x25c _build/nrf52840_xxaa/system_nrf52840.c.o
                0x0000000000003d50                SystemInit
 .text.ssd1306_UpdateScreen
                0x0000000000003fac       0x90 _build/nrf52840_xxaa/ssd1306.c.o
                0x0000000000003fac                ssd1306_UpdateScreen
 .text.ssd1306_Init
                0x000000000000403c      0x2e4 _build/nrf52840_xxaa/ssd1306.c.o
                0x000000000000403c                ssd1306_Init
 .text.ssd1306_Draw_String
                0x0000000000004320      0x288 _build/nrf52840_xxaa/ssd1306.c.o
                0x0000000000004320                ssd1306_Draw_String
 .text.ssd1306_FlipScreenVertically
                0x00000000000045a8       0x3c _build/nrf52840_xxaa/ssd1306.c.o
                0x00000000000045a8                ssd1306_FlipScreenVertically
 .text.ssd1306_Clear
                0x00000000000045e4       0x10 _build/nrf52840_xxaa/ssd1306.c.o
                0x00000000000045e4                ssd1306_Clear
 .text.ssd1306_Start_Scroll_Right
                0x00000000000045f4       0xbc _build/nrf52840_xxaa/ssd1306.c.o
                0x00000000000045f4                ssd1306_Start_Scroll_Right
 .text.i2c_init
                0x00000000000046b0       0x50 _build/nrf52840_xxaa/ssd1306.c.o
                0x00000000000046b0                i2c_init
 .text.exit     0x0000000000004700       0x28 /home/vbshightime/nrf52/gcc-arm-none-eabi-10.3-2021.10/bin/../lib/gcc/arm-none-eabi/10.3.1/../../../../arm-none-eabi/lib/thumb/v7e-m+fp/hard/libc_nano.a(lib_a-exit.o)
                0x0000000000004700                exit
 .text.__libc_init_array
                0x0000000000004728       0x48 /home/vbshightime/nrf52/gcc-arm-none-eabi-10.3-2021.10/bin/../lib/gcc/arm-none-eabi/10.3.1/../../../../arm-none-eabi/lib/thumb/v7e-m+fp/hard/libc_nano.a(lib_a-init.o)
                0x0000000000004728                __libc_init_array
 .text.memcpy   0x0000000000004770       0x1c /home/vbshightime/nrf52/gcc-arm-none-eabi-10.3-2021.10/bin/../lib/gcc/arm-none-eabi/10.3.1/../../../../arm-none-eabi/lib/thumb/v7e-m+fp/hard/libc_nano.a(lib_a-memcpy-stub.o)
                0x0000000000004770                memcpy
 .text.memset   0x000000000000478c       0x10 /home/vbshightime/nrf52/gcc-arm-none-eabi-10.3-2021.10/bin/../lib/gcc/arm-none-eabi/10.3.1/../../../../arm-none-eabi/lib/thumb/v7e-m+fp/hard/libc_nano.a(lib_a-memset.o)
                0x000000000000478c                memset
 .text          0x000000000000479c       0x10 /home/vbshightime/nrf52/gcc-arm-none-eabi-10.3-2021.10/bin/../lib/gcc/arm-none-eabi/10.3.1/../../../../arm-none-eabi/lib/thumb/v7e-m+fp/hard/libc_nano.a(lib_a-strlen.o)
                0x000000000000479c                strlen
 .text._exit    0x00000000000047ac        0x4 /home/vbshightime/nrf52/gcc-arm-none-eabi-10.3-2021.10/bin/../lib/gcc/arm-none-eabi/10.3.1/../../../../arm-none-eabi/lib/thumb/v7e-m+fp/hard/libnosys.a(_exit.o)
                0x00000000000047ac                _exit
 *(.init)
 .init          0x00000000000047b0        0x4 /home/vbshightime/nrf52/gcc-arm-none-eabi-10.3-2021.10/bin/../lib/gcc/arm-none-eabi/10.3.1/thumb/v7e-m+fp/hard/crti.o
                0x00000000000047b0                _init
 .init          0x00000000000047b4        0x8 /home/vbshightime/nrf52/gcc-arm-none-eabi-10.3-2021.10/bin/../lib/gcc/arm-none-eabi/10.3.1/thumb/v7e-m+fp/hard/crtn.o
 *(.fini)
 .fini          0x00000000000047bc        0x4 /home/vbshightime/nrf52/gcc-arm-none-eabi-10.3-2021.10/bin/../lib/gcc/arm-none-eabi/10.3.1/thumb/v7e-m+fp/hard/crti.o
                0x00000000000047bc                _fini
 .fini          0x00000000000047c0        0x8 /home/vbshightime/nrf52/gcc-arm-none-eabi-10.3-2021.10/bin/../lib/gcc/arm-none-eabi/10.3.1/thumb/v7e-m+fp/hard/crtn.o
 *crtbegin.o(.ctors)
 *crtbegin?.o(.ctors)
 *(EXCLUDE_FILE(*crtend.o *crtend?.o) .ctors)
 *(SORT_BY_NAME(.ctors.*))
 *(.ctors)
 *crtbegin.o(.dtors)
 *crtbegin?.o(.dtors)
 *(EXCLUDE_FILE(*crtend.o *crtend?.o) .dtors)
 *(SORT_BY_NAME(.dtors.*))
 *(.dtors)
 *(.rodata*)
 .rodata        0x00000000000047c8       0x20 _build/nrf52840_xxaa/nrf_log_backend_uart.c.o
 .rodata.nrf_log_backend_uart_api
                0x00000000000047e8        0xc _build/nrf52840_xxaa/nrf_log_backend_uart.c.o
                0x00000000000047e8                nrf_log_backend_uart_api
 .rodata.str1.4
                0x00000000000047f4       0x11 _build/nrf52840_xxaa/nrf_log_default_backends.c.o
 *fill*         0x0000000000004805        0x3 
 .rodata.nrf_log_frontend_dequeue.str1.4
                0x0000000000004808       0x11 _build/nrf52840_xxaa/nrf_log_frontend.c.o
 *fill*         0x0000000000004819        0x3 
 .rodata.str1.4
                0x000000000000481c        0x4 _build/nrf52840_xxaa/nrf_log_frontend.c.o
 .rodata.prefix_process.str1.4
                0x0000000000004820       0x36 _build/nrf52840_xxaa/nrf_log_str_formatter.c.o
 *fill*         0x0000000000004856        0x2 
 .rodata.nrf_log_std_entry_process.str1.4
                0x0000000000004858        0x3 _build/nrf52840_xxaa/nrf_log_str_formatter.c.o
 *fill*         0x000000000000485b        0x1 
 .rodata.nrf_log_hexdump_entry_process.str1.4
                0x000000000000485c       0x13 _build/nrf52840_xxaa/nrf_log_str_formatter.c.o
                                         0x16 (size before relaxing)
 *fill*         0x000000000000486f        0x1 
 .rodata.str1.4
                0x0000000000004870       0x56 _build/nrf52840_xxaa/nrf_log_str_formatter.c.o
 *fill*         0x00000000000048c6        0x2 
 .rodata.m_colors
                0x00000000000048c8       0x24 _build/nrf52840_xxaa/nrf_log_str_formatter.c.o
 .rodata.severity_names
                0x00000000000048ec       0x14 _build/nrf52840_xxaa/nrf_log_str_formatter.c.o
 .rodata.m_board_led_list
                0x0000000000004900        0x4 _build/nrf52840_xxaa/boards.c.o
 .rodata.app_error_fault_handler.str1.4
                0x0000000000004904       0x19 _build/nrf52840_xxaa/app_error_weak.c.o
 *fill*         0x000000000000491d        0x3 
 .rodata._aV2C.0
                0x0000000000004920       0x10 _build/nrf52840_xxaa/nrf_fprintf_format.c.o
 .rodata.delay_machine_code.0
                0x0000000000004930        0x6 _build/nrf52840_xxaa/nrf_drv_twi.c.o
 *fill*         0x0000000000004936        0x2 
 .rodata.str1.4
                0x0000000000004938        0x4 _build/nrf52840_xxaa/nrfx_prs.c.o
 .rodata.str1.4
                0x000000000000493c        0x5 _build/nrf52840_xxaa/nrfx_twim.c.o
 *fill*         0x0000000000004941        0x3 
 .rodata.irq_handlers.0
                0x0000000000004944        0x8 _build/nrf52840_xxaa/nrfx_twim.c.o
 .rodata.str1.4
                0x000000000000494c        0x5 _build/nrf52840_xxaa/nrfx_uart.c.o
 *fill*         0x0000000000004951        0x3 
 .rodata.str1.4
                0x0000000000004954        0x6 _build/nrf52840_xxaa/nrfx_uarte.c.o
 *fill*         0x000000000000495a        0x2 
 .rodata.main.str1.4
                0x000000000000495c       0x20 _build/nrf52840_xxaa/main.c.o
 *fill*         0x000000000000497c        0x4 
 .rodata.delay_machine_code.0
                0x0000000000004980        0x6 _build/nrf52840_xxaa/main.c.o
 *fill*         0x0000000000004986        0x2 
 .rodata.CSWTCH.15
                0x0000000000004988        0x6 _build/nrf52840_xxaa/system_nrf52840.c.o
 *fill*         0x000000000000498e        0x2 
 .rodata.CSWTCH.6
                0x0000000000004990        0x6 _build/nrf52840_xxaa/system_nrf52840.c.o
 *fill*         0x0000000000004996        0xa 
 .rodata.delay_machine_code.0
                0x00000000000049a0        0x6 _build/nrf52840_xxaa/ssd1306.c.o
 *fill*         0x00000000000049a6        0x2 
 .rodata.Font_8x10
                0x00000000000049a8        0x8 _build/nrf52840_xxaa/Font_8x10.c.o
                0x00000000000049a8                Font_8x10
 .rodata.Font_8x10_0x20
                0x00000000000049b0        0xc _build/nrf52840_xxaa/Font_8x10.c.o
 .rodata.Font_8x10_0x21
                0x00000000000049bc        0xc _build/nrf52840_xxaa/Font_8x10.c.o
 .rodata.Font_8x10_0x22
                0x00000000000049c8        0xc _build/nrf52840_xxaa/Font_8x10.c.o
 .rodata.Font_8x10_0x23
                0x00000000000049d4        0xc _build/nrf52840_xxaa/Font_8x10.c.o
 .rodata.Font_8x10_0x24
                0x00000000000049e0        0xc _build/nrf52840_xxaa/Font_8x10.c.o
 .rodata.Font_8x10_0x25
                0x00000000000049ec        0xc _build/nrf52840_xxaa/Font_8x10.c.o
 .rodata.Font_8x10_0x26
                0x00000000000049f8        0xc _build/nrf52840_xxaa/Font_8x10.c.o
 .rodata.Font_8x10_0x27
                0x0000000000004a04        0xc _build/nrf52840_xxaa/Font_8x10.c.o
 .rodata.Font_8x10_0x28
                0x0000000000004a10        0xc _build/nrf52840_xxaa/Font_8x10.c.o
 .rodata.Font_8x10_0x29
                0x0000000000004a1c        0xc _build/nrf52840_xxaa/Font_8x10.c.o
 .rodata.Font_8x10_0x2a
                0x0000000000004a28        0xc _build/nrf52840_xxaa/Font_8x10.c.o
 .rodata.Font_8x10_0x2b
                0x0000000000004a34        0xc _build/nrf52840_xxaa/Font_8x10.c.o
 .rodata.Font_8x10_0x2c
                0x0000000000004a40        0xc _build/nrf52840_xxaa/Font_8x10.c.o
 .rodata.Font_8x10_0x2d
                0x0000000000004a4c        0xc _build/nrf52840_xxaa/Font_8x10.c.o
 .rodata.Font_8x10_0x2e
                0x0000000000004a58        0xc _build/nrf52840_xxaa/Font_8x10.c.o
 .rodata.Font_8x10_0x2f
                0x0000000000004a64        0xc _build/nrf52840_xxaa/Font_8x10.c.o
 .rodata.Font_8x10_0x30
                0x0000000000004a70        0xc _build/nrf52840_xxaa/Font_8x10.c.o
 .rodata.Font_8x10_0x31
                0x0000000000004a7c        0xc _build/nrf52840_xxaa/Font_8x10.c.o
 .rodata.Font_8x10_0x32
                0x0000000000004a88        0xc _build/nrf52840_xxaa/Font_8x10.c.o
 .rodata.Font_8x10_0x33
                0x0000000000004a94        0xc _build/nrf52840_xxaa/Font_8x10.c.o
 .rodata.Font_8x10_0x34
                0x0000000000004aa0        0xc _build/nrf52840_xxaa/Font_8x10.c.o
 .rodata.Font_8x10_0x35
                0x0000000000004aac        0xc _build/nrf52840_xxaa/Font_8x10.c.o
 .rodata.Font_8x10_0x36
                0x0000000000004ab8        0xc _build/nrf52840_xxaa/Font_8x10.c.o
 .rodata.Font_8x10_0x37
                0x0000000000004ac4        0xc _build/nrf52840_xxaa/Font_8x10.c.o
 .rodata.Font_8x10_0x38
                0x0000000000004ad0        0xc _build/nrf52840_xxaa/Font_8x10.c.o
 .rodata.Font_8x10_0x39
                0x0000000000004adc        0xc _build/nrf52840_xxaa/Font_8x10.c.o
 .rodata.Font_8x10_0x3a
                0x0000000000004ae8        0xc _build/nrf52840_xxaa/Font_8x10.c.o
 .rodata.Font_8x10_0x3b
                0x0000000000004af4        0xc _build/nrf52840_xxaa/Font_8x10.c.o
 .rodata.Font_8x10_0x3c
                0x0000000000004b00        0xc _build/nrf52840_xxaa/Font_8x10.c.o
 .rodata.Font_8x10_0x3d
                0x0000000000004b0c        0xc _build/nrf52840_xxaa/Font_8x10.c.o
 .rodata.Font_8x10_0x3e
                0x0000000000004b18        0xc _build/nrf52840_xxaa/Font_8x10.c.o
 .rodata.Font_8x10_0x3f
                0x0000000000004b24        0xc _build/nrf52840_xxaa/Font_8x10.c.o
 .rodata.Font_8x10_0x40
                0x0000000000004b30        0xc _build/nrf52840_xxaa/Font_8x10.c.o
 .rodata.Font_8x10_0x41
                0x0000000000004b3c        0xc _build/nrf52840_xxaa/Font_8x10.c.o
 .rodata.Font_8x10_0x42
                0x0000000000004b48        0xc _build/nrf52840_xxaa/Font_8x10.c.o
 .rodata.Font_8x10_0x43
                0x0000000000004b54        0xc _build/nrf52840_xxaa/Font_8x10.c.o
 .rodata.Font_8x10_0x44
                0x0000000000004b60        0xc _build/nrf52840_xxaa/Font_8x10.c.o
 .rodata.Font_8x10_0x45
                0x0000000000004b6c        0xc _build/nrf52840_xxaa/Font_8x10.c.o
 .rodata.Font_8x10_0x46
                0x0000000000004b78        0xc _build/nrf52840_xxaa/Font_8x10.c.o
 .rodata.Font_8x10_0x47
                0x0000000000004b84        0xc _build/nrf52840_xxaa/Font_8x10.c.o
 .rodata.Font_8x10_0x48
                0x0000000000004b90        0xc _build/nrf52840_xxaa/Font_8x10.c.o
 .rodata.Font_8x10_0x49
                0x0000000000004b9c        0xc _build/nrf52840_xxaa/Font_8x10.c.o
 .rodata.Font_8x10_0x4a
                0x0000000000004ba8        0xc _build/nrf52840_xxaa/Font_8x10.c.o
 .rodata.Font_8x10_0x4b
                0x0000000000004bb4        0xc _build/nrf52840_xxaa/Font_8x10.c.o
 .rodata.Font_8x10_0x4c
                0x0000000000004bc0        0xc _build/nrf52840_xxaa/Font_8x10.c.o
 .rodata.Font_8x10_0x4d
                0x0000000000004bcc        0xc _build/nrf52840_xxaa/Font_8x10.c.o
 .rodata.Font_8x10_0x4e
                0x0000000000004bd8        0xc _build/nrf52840_xxaa/Font_8x10.c.o
 .rodata.Font_8x10_0x4f
                0x0000000000004be4        0xc _build/nrf52840_xxaa/Font_8x10.c.o
 .rodata.Font_8x10_0x50
                0x0000000000004bf0        0xc _build/nrf52840_xxaa/Font_8x10.c.o
 .rodata.Font_8x10_0x51
                0x0000000000004bfc        0xc _build/nrf52840_xxaa/Font_8x10.c.o
 .rodata.Font_8x10_0x52
                0x0000000000004c08        0xc _build/nrf52840_xxaa/Font_8x10.c.o
 .rodata.Font_8x10_0x53
                0x0000000000004c14        0xc _build/nrf52840_xxaa/Font_8x10.c.o
 .rodata.Font_8x10_0x54
                0x0000000000004c20        0xc _build/nrf52840_xxaa/Font_8x10.c.o
 .rodata.Font_8x10_0x55
                0x0000000000004c2c        0xc _build/nrf52840_xxaa/Font_8x10.c.o
 .rodata.Font_8x10_0x56
                0x0000000000004c38        0xc _build/nrf52840_xxaa/Font_8x10.c.o
 .rodata.Font_8x10_0x57
                0x0000000000004c44        0xc _build/nrf52840_xxaa/Font_8x10.c.o
 .rodata.Font_8x10_0x58
                0x0000000000004c50        0xc _build/nrf52840_xxaa/Font_8x10.c.o
 .rodata.Font_8x10_0x59
                0x0000000000004c5c        0xc _build/nrf52840_xxaa/Font_8x10.c.o
 .rodata.Font_8x10_0x5a
                0x0000000000004c68        0xc _build/nrf52840_xxaa/Font_8x10.c.o
 .rodata.Font_8x10_0x5b
                0x0000000000004c74        0xc _build/nrf52840_xxaa/Font_8x10.c.o
 .rodata.Font_8x10_0x5c
                0x0000000000004c80        0xc _build/nrf52840_xxaa/Font_8x10.c.o
 .rodata.Font_8x10_0x5d
                0x0000000000004c8c        0xc _build/nrf52840_xxaa/Font_8x10.c.o
 .rodata.Font_8x10_0x5e
                0x0000000000004c98        0xc _build/nrf52840_xxaa/Font_8x10.c.o
 .rodata.Font_8x10_0x5f
                0x0000000000004ca4        0xc _build/nrf52840_xxaa/Font_8x10.c.o
 .rodata.Font_8x10_0x60
                0x0000000000004cb0        0xc _build/nrf52840_xxaa/Font_8x10.c.o
 .rodata.Font_8x10_0x61
                0x0000000000004cbc        0xc _build/nrf52840_xxaa/Font_8x10.c.o
 .rodata.Font_8x10_0x62
                0x0000000000004cc8        0xc _build/nrf52840_xxaa/Font_8x10.c.o
 .rodata.Font_8x10_0x63
                0x0000000000004cd4        0xc _build/nrf52840_xxaa/Font_8x10.c.o
 .rodata.Font_8x10_0x64
                0x0000000000004ce0        0xc _build/nrf52840_xxaa/Font_8x10.c.o
 .rodata.Font_8x10_0x65
                0x0000000000004cec        0xc _build/nrf52840_xxaa/Font_8x10.c.o
 .rodata.Font_8x10_0x66
                0x0000000000004cf8        0xc _build/nrf52840_xxaa/Font_8x10.c.o
 .rodata.Font_8x10_0x67
                0x0000000000004d04        0xc _build/nrf52840_xxaa/Font_8x10.c.o
 .rodata.Font_8x10_0x68
                0x0000000000004d10        0xc _build/nrf52840_xxaa/Font_8x10.c.o
 .rodata.Font_8x10_0x69
                0x0000000000004d1c        0xc _build/nrf52840_xxaa/Font_8x10.c.o
 .rodata.Font_8x10_0x6a
                0x0000000000004d28        0xc _build/nrf52840_xxaa/Font_8x10.c.o
 .rodata.Font_8x10_0x6b
                0x0000000000004d34        0xc _build/nrf52840_xxaa/Font_8x10.c.o
 .rodata.Font_8x10_0x6c
                0x0000000000004d40        0xc _build/nrf52840_xxaa/Font_8x10.c.o
 .rodata.Font_8x10_0x6d
                0x0000000000004d4c        0xc _build/nrf52840_xxaa/Font_8x10.c.o
 .rodata.Font_8x10_0x6e
                0x0000000000004d58        0xc _build/nrf52840_xxaa/Font_8x10.c.o
 .rodata.Font_8x10_0x6f
                0x0000000000004d64        0xc _build/nrf52840_xxaa/Font_8x10.c.o
 .rodata.Font_8x10_0x70
                0x0000000000004d70        0xc _build/nrf52840_xxaa/Font_8x10.c.o
 .rodata.Font_8x10_0x71
                0x0000000000004d7c        0xc _build/nrf52840_xxaa/Font_8x10.c.o
 .rodata.Font_8x10_0x72
                0x0000000000004d88        0xc _build/nrf52840_xxaa/Font_8x10.c.o
 .rodata.Font_8x10_0x73
                0x0000000000004d94        0xc _build/nrf52840_xxaa/Font_8x10.c.o
 .rodata.Font_8x10_0x74
                0x0000000000004da0        0xc _build/nrf52840_xxaa/Font_8x10.c.o
 .rodata.Font_8x10_0x75
                0x0000000000004dac        0xc _build/nrf52840_xxaa/Font_8x10.c.o
 .rodata.Font_8x10_0x76
                0x0000000000004db8        0xc _build/nrf52840_xxaa/Font_8x10.c.o
 .rodata.Font_8x10_0x77
                0x0000000000004dc4        0xc _build/nrf52840_xxaa/Font_8x10.c.o
 .rodata.Font_8x10_0x78
                0x0000000000004dd0        0xc _build/nrf52840_xxaa/Font_8x10.c.o
 .rodata.Font_8x10_0x79
                0x0000000000004ddc        0xc _build/nrf52840_xxaa/Font_8x10.c.o
 .rodata.Font_8x10_0x7a
                0x0000000000004de8        0xc _build/nrf52840_xxaa/Font_8x10.c.o
 .rodata.Font_8x10_0x7b
                0x0000000000004df4        0xc _build/nrf52840_xxaa/Font_8x10.c.o
 .rodata.Font_8x10_0x7c
                0x0000000000004e00        0xc _build/nrf52840_xxaa/Font_8x10.c.o
 .rodata.Font_8x10_0x7d
                0x0000000000004e0c        0xc _build/nrf52840_xxaa/Font_8x10.c.o
 .rodata.Font_8x10_0x7e
                0x0000000000004e18        0xc _build/nrf52840_xxaa/Font_8x10.c.o
 .rodata.Font_8x10_array
                0x0000000000004e24      0x2f8 _build/nrf52840_xxaa/Font_8x10.c.o
 .rodata.image_data_Font_8x10_0x20
                0x000000000000511c        0xa _build/nrf52840_xxaa/Font_8x10.c.o
 *fill*         0x0000000000005126        0x2 
 .rodata.image_data_Font_8x10_0x21
                0x0000000000005128        0xa _build/nrf52840_xxaa/Font_8x10.c.o
 *fill*         0x0000000000005132        0x2 
 .rodata.image_data_Font_8x10_0x22
                0x0000000000005134        0xa _build/nrf52840_xxaa/Font_8x10.c.o
 *fill*         0x000000000000513e        0x2 
 .rodata.image_data_Font_8x10_0x23
                0x0000000000005140        0xa _build/nrf52840_xxaa/Font_8x10.c.o
 *fill*         0x000000000000514a        0x2 
 .rodata.image_data_Font_8x10_0x24
                0x000000000000514c        0xa _build/nrf52840_xxaa/Font_8x10.c.o
 *fill*         0x0000000000005156        0x2 
 .rodata.image_data_Font_8x10_0x25
                0x0000000000005158        0xa _build/nrf52840_xxaa/Font_8x10.c.o
 *fill*         0x0000000000005162        0x2 
 .rodata.image_data_Font_8x10_0x26
                0x0000000000005164        0xa _build/nrf52840_xxaa/Font_8x10.c.o
 *fill*         0x000000000000516e        0x2 
 .rodata.image_data_Font_8x10_0x27
                0x0000000000005170        0xa _build/nrf52840_xxaa/Font_8x10.c.o
 *fill*         0x000000000000517a        0x2 
 .rodata.image_data_Font_8x10_0x28
                0x000000000000517c        0xa _build/nrf52840_xxaa/Font_8x10.c.o
 *fill*         0x0000000000005186        0x2 
 .rodata.image_data_Font_8x10_0x29
                0x0000000000005188        0xa _build/nrf52840_xxaa/Font_8x10.c.o
 *fill*         0x0000000000005192        0x2 
 .rodata.image_data_Font_8x10_0x2a
                0x0000000000005194        0xa _build/nrf52840_xxaa/Font_8x10.c.o
 *fill*         0x000000000000519e        0x2 
 .rodata.image_data_Font_8x10_0x2b
                0x00000000000051a0        0xa _build/nrf52840_xxaa/Font_8x10.c.o
 *fill*         0x00000000000051aa        0x2 
 .rodata.image_data_Font_8x10_0x2c
                0x00000000000051ac        0xa _build/nrf52840_xxaa/Font_8x10.c.o
 *fill*         0x00000000000051b6        0x2 
 .rodata.image_data_Font_8x10_0x2d
                0x00000000000051b8        0xa _build/nrf52840_xxaa/Font_8x10.c.o
 *fill*         0x00000000000051c2        0x2 
 .rodata.image_data_Font_8x10_0x2e
                0x00000000000051c4        0xa _build/nrf52840_xxaa/Font_8x10.c.o
 *fill*         0x00000000000051ce        0x2 
 .rodata.image_data_Font_8x10_0x2f
                0x00000000000051d0        0xa _build/nrf52840_xxaa/Font_8x10.c.o
 *fill*         0x00000000000051da        0x2 
 .rodata.image_data_Font_8x10_0x30
                0x00000000000051dc        0xa _build/nrf52840_xxaa/Font_8x10.c.o
 *fill*         0x00000000000051e6        0x2 
 .rodata.image_data_Font_8x10_0x31
                0x00000000000051e8        0xa _build/nrf52840_xxaa/Font_8x10.c.o
 *fill*         0x00000000000051f2        0x2 
 .rodata.image_data_Font_8x10_0x32
                0x00000000000051f4        0xa _build/nrf52840_xxaa/Font_8x10.c.o
 *fill*         0x00000000000051fe        0x2 
 .rodata.image_data_Font_8x10_0x33
                0x0000000000005200        0xa _build/nrf52840_xxaa/Font_8x10.c.o
 *fill*         0x000000000000520a        0x2 
 .rodata.image_data_Font_8x10_0x34
                0x000000000000520c        0xa _build/nrf52840_xxaa/Font_8x10.c.o
 *fill*         0x0000000000005216        0x2 
 .rodata.image_data_Font_8x10_0x35
                0x0000000000005218        0xa _build/nrf52840_xxaa/Font_8x10.c.o
 *fill*         0x0000000000005222        0x2 
 .rodata.image_data_Font_8x10_0x36
                0x0000000000005224        0xa _build/nrf52840_xxaa/Font_8x10.c.o
 *fill*         0x000000000000522e        0x2 
 .rodata.image_data_Font_8x10_0x37
                0x0000000000005230        0xa _build/nrf52840_xxaa/Font_8x10.c.o
 *fill*         0x000000000000523a        0x2 
 .rodata.image_data_Font_8x10_0x38
                0x000000000000523c        0xa _build/nrf52840_xxaa/Font_8x10.c.o
 *fill*         0x0000000000005246        0x2 
 .rodata.image_data_Font_8x10_0x39
                0x0000000000005248        0xa _build/nrf52840_xxaa/Font_8x10.c.o
 *fill*         0x0000000000005252        0x2 
 .rodata.image_data_Font_8x10_0x3a
                0x0000000000005254        0xa _build/nrf52840_xxaa/Font_8x10.c.o
 *fill*         0x000000000000525e        0x2 
 .rodata.image_data_Font_8x10_0x3b
                0x0000000000005260        0xa _build/nrf52840_xxaa/Font_8x10.c.o
 *fill*         0x000000000000526a        0x2 
 .rodata.image_data_Font_8x10_0x3c
                0x000000000000526c        0xa _build/nrf52840_xxaa/Font_8x10.c.o
 *fill*         0x0000000000005276        0x2 
 .rodata.image_data_Font_8x10_0x3d
                0x0000000000005278        0xa _build/nrf52840_xxaa/Font_8x10.c.o
 *fill*         0x0000000000005282        0x2 
 .rodata.image_data_Font_8x10_0x3e
                0x0000000000005284        0xa _build/nrf52840_xxaa/Font_8x10.c.o
 *fill*         0x000000000000528e        0x2 
 .rodata.image_data_Font_8x10_0x3f
                0x0000000000005290        0xa _build/nrf52840_xxaa/Font_8x10.c.o
 *fill*         0x000000000000529a        0x2 
 .rodata.image_data_Font_8x10_0x40
                0x000000000000529c        0xa _build/nrf52840_xxaa/Font_8x10.c.o
 *fill*         0x00000000000052a6        0x2 
 .rodata.image_data_Font_8x10_0x41
                0x00000000000052a8        0xa _build/nrf52840_xxaa/Font_8x10.c.o
 *fill*         0x00000000000052b2        0x2 
 .rodata.image_data_Font_8x10_0x42
                0x00000000000052b4        0xa _build/nrf52840_xxaa/Font_8x10.c.o
 *fill*         0x00000000000052be        0x2 
 .rodata.image_data_Font_8x10_0x43
                0x00000000000052c0        0xa _build/nrf52840_xxaa/Font_8x10.c.o
 *fill*         0x00000000000052ca        0x2 
 .rodata.image_data_Font_8x10_0x44
                0x00000000000052cc        0xa _build/nrf52840_xxaa/Font_8x10.c.o
 *fill*         0x00000000000052d6        0x2 
 .rodata.image_data_Font_8x10_0x45
                0x00000000000052d8        0xa _build/nrf52840_xxaa/Font_8x10.c.o
 *fill*         0x00000000000052e2        0x2 
 .rodata.image_data_Font_8x10_0x46
                0x00000000000052e4        0xa _build/nrf52840_xxaa/Font_8x10.c.o
 *fill*         0x00000000000052ee        0x2 
 .rodata.image_data_Font_8x10_0x47
                0x00000000000052f0        0xa _build/nrf52840_xxaa/Font_8x10.c.o
 *fill*         0x00000000000052fa        0x2 
 .rodata.image_data_Font_8x10_0x48
                0x00000000000052fc        0xa _build/nrf52840_xxaa/Font_8x10.c.o
 *fill*         0x0000000000005306        0x2 
 .rodata.image_data_Font_8x10_0x49
                0x0000000000005308        0xa _build/nrf52840_xxaa/Font_8x10.c.o
 *fill*         0x0000000000005312        0x2 
 .rodata.image_data_Font_8x10_0x4a
                0x0000000000005314        0xa _build/nrf52840_xxaa/Font_8x10.c.o
 *fill*         0x000000000000531e        0x2 
 .rodata.image_data_Font_8x10_0x4b
                0x0000000000005320        0xa _build/nrf52840_xxaa/Font_8x10.c.o
 *fill*         0x000000000000532a        0x2 
 .rodata.image_data_Font_8x10_0x4c
                0x000000000000532c        0xa _build/nrf52840_xxaa/Font_8x10.c.o
 *fill*         0x0000000000005336        0x2 
 .rodata.image_data_Font_8x10_0x4d
                0x0000000000005338        0xa _build/nrf52840_xxaa/Font_8x10.c.o
 *fill*         0x0000000000005342        0x2 
 .rodata.image_data_Font_8x10_0x4e
                0x0000000000005344        0xa _build/nrf52840_xxaa/Font_8x10.c.o
 *fill*         0x000000000000534e        0x2 
 .rodata.image_data_Font_8x10_0x4f
                0x0000000000005350        0xa _build/nrf52840_xxaa/Font_8x10.c.o
 *fill*         0x000000000000535a        0x2 
 .rodata.image_data_Font_8x10_0x50
                0x000000000000535c        0xa _build/nrf52840_xxaa/Font_8x10.c.o
 *fill*         0x0000000000005366        0x2 
 .rodata.image_data_Font_8x10_0x51
                0x0000000000005368        0xa _build/nrf52840_xxaa/Font_8x10.c.o
 *fill*         0x0000000000005372        0x2 
 .rodata.image_data_Font_8x10_0x52
                0x0000000000005374        0xa _build/nrf52840_xxaa/Font_8x10.c.o
 *fill*         0x000000000000537e        0x2 
 .rodata.image_data_Font_8x10_0x53
                0x0000000000005380        0xa _build/nrf52840_xxaa/Font_8x10.c.o
 *fill*         0x000000000000538a        0x2 
 .rodata.image_data_Font_8x10_0x54
                0x000000000000538c        0xa _build/nrf52840_xxaa/Font_8x10.c.o
 *fill*         0x0000000000005396        0x2 
 .rodata.image_data_Font_8x10_0x55
                0x0000000000005398        0xa _build/nrf52840_xxaa/Font_8x10.c.o
 *fill*         0x00000000000053a2        0x2 
 .rodata.image_data_Font_8x10_0x56
                0x00000000000053a4        0xa _build/nrf52840_xxaa/Font_8x10.c.o
 *fill*         0x00000000000053ae        0x2 
 .rodata.image_data_Font_8x10_0x57
                0x00000000000053b0        0xa _build/nrf52840_xxaa/Font_8x10.c.o
 *fill*         0x00000000000053ba        0x2 
 .rodata.image_data_Font_8x10_0x58
                0x00000000000053bc        0xa _build/nrf52840_xxaa/Font_8x10.c.o
 *fill*         0x00000000000053c6        0x2 
 .rodata.image_data_Font_8x10_0x59
                0x00000000000053c8        0xa _build/nrf52840_xxaa/Font_8x10.c.o
 *fill*         0x00000000000053d2        0x2 
 .rodata.image_data_Font_8x10_0x5a
                0x00000000000053d4        0xa _build/nrf52840_xxaa/Font_8x10.c.o
 *fill*         0x00000000000053de        0x2 
 .rodata.image_data_Font_8x10_0x5b
                0x00000000000053e0        0xa _build/nrf52840_xxaa/Font_8x10.c.o
 *fill*         0x00000000000053ea        0x2 
 .rodata.image_data_Font_8x10_0x5c
                0x00000000000053ec        0xa _build/nrf52840_xxaa/Font_8x10.c.o
 *fill*         0x00000000000053f6        0x2 
 .rodata.image_data_Font_8x10_0x5d
                0x00000000000053f8        0xa _build/nrf52840_xxaa/Font_8x10.c.o
 *fill*         0x0000000000005402        0x2 
 .rodata.image_data_Font_8x10_0x5e
                0x0000000000005404        0xa _build/nrf52840_xxaa/Font_8x10.c.o
 *fill*         0x000000000000540e        0x2 
 .rodata.image_data_Font_8x10_0x5f
                0x0000000000005410        0xa _build/nrf52840_xxaa/Font_8x10.c.o
 *fill*         0x000000000000541a        0x2 
 .rodata.image_data_Font_8x10_0x60
                0x000000000000541c        0xa _build/nrf52840_xxaa/Font_8x10.c.o
 *fill*         0x0000000000005426        0x2 
 .rodata.image_data_Font_8x10_0x61
                0x0000000000005428        0xa _build/nrf52840_xxaa/Font_8x10.c.o
 *fill*         0x0000000000005432        0x2 
 .rodata.image_data_Font_8x10_0x62
                0x0000000000005434        0xa _build/nrf52840_xxaa/Font_8x10.c.o
 *fill*         0x000000000000543e        0x2 
 .rodata.image_data_Font_8x10_0x63
                0x0000000000005440        0xa _build/nrf52840_xxaa/Font_8x10.c.o
 *fill*         0x000000000000544a        0x2 
 .rodata.image_data_Font_8x10_0x64
                0x000000000000544c        0xa _build/nrf52840_xxaa/Font_8x10.c.o
 *fill*         0x0000000000005456        0x2 
 .rodata.image_data_Font_8x10_0x65
                0x0000000000005458        0xa _build/nrf52840_xxaa/Font_8x10.c.o
 *fill*         0x0000000000005462        0x2 
 .rodata.image_data_Font_8x10_0x66
                0x0000000000005464        0xa _build/nrf52840_xxaa/Font_8x10.c.o
 *fill*         0x000000000000546e        0x2 
 .rodata.image_data_Font_8x10_0x67
                0x0000000000005470        0xa _build/nrf52840_xxaa/Font_8x10.c.o
 *fill*         0x000000000000547a        0x2 
 .rodata.image_data_Font_8x10_0x68
                0x000000000000547c        0xa _build/nrf52840_xxaa/Font_8x10.c.o
 *fill*         0x0000000000005486        0x2 
 .rodata.image_data_Font_8x10_0x69
                0x0000000000005488        0xa _build/nrf52840_xxaa/Font_8x10.c.o
 *fill*         0x0000000000005492        0x2 
 .rodata.image_data_Font_8x10_0x6a
                0x0000000000005494        0xa _build/nrf52840_xxaa/Font_8x10.c.o
 *fill*         0x000000000000549e        0x2 
 .rodata.image_data_Font_8x10_0x6b
                0x00000000000054a0        0xa _build/nrf52840_xxaa/Font_8x10.c.o
 *fill*         0x00000000000054aa        0x2 
 .rodata.image_data_Font_8x10_0x6c
                0x00000000000054ac        0xa _build/nrf52840_xxaa/Font_8x10.c.o
 *fill*         0x00000000000054b6        0x2 
 .rodata.image_data_Font_8x10_0x6d
                0x00000000000054b8        0xa _build/nrf52840_xxaa/Font_8x10.c.o
 *fill*         0x00000000000054c2        0x2 
 .rodata.image_data_Font_8x10_0x6e
                0x00000000000054c4        0xa _build/nrf52840_xxaa/Font_8x10.c.o
 *fill*         0x00000000000054ce        0x2 
 .rodata.image_data_Font_8x10_0x6f
                0x00000000000054d0        0xa _build/nrf52840_xxaa/Font_8x10.c.o
 *fill*         0x00000000000054da        0x2 
 .rodata.image_data_Font_8x10_0x70
                0x00000000000054dc        0xa _build/nrf52840_xxaa/Font_8x10.c.o
 *fill*         0x00000000000054e6        0x2 
 .rodata.image_data_Font_8x10_0x71
                0x00000000000054e8        0xa _build/nrf52840_xxaa/Font_8x10.c.o
 *fill*         0x00000000000054f2        0x2 
 .rodata.image_data_Font_8x10_0x72
                0x00000000000054f4        0xa _build/nrf52840_xxaa/Font_8x10.c.o
 *fill*         0x00000000000054fe        0x2 
 .rodata.image_data_Font_8x10_0x73
                0x0000000000005500        0xa _build/nrf52840_xxaa/Font_8x10.c.o
 *fill*         0x000000000000550a        0x2 
 .rodata.image_data_Font_8x10_0x74
                0x000000000000550c        0xa _build/nrf52840_xxaa/Font_8x10.c.o
 *fill*         0x0000000000005516        0x2 
 .rodata.image_data_Font_8x10_0x75
                0x0000000000005518        0xa _build/nrf52840_xxaa/Font_8x10.c.o
 *fill*         0x0000000000005522        0x2 
 .rodata.image_data_Font_8x10_0x76
                0x0000000000005524        0xa _build/nrf52840_xxaa/Font_8x10.c.o
 *fill*         0x000000000000552e        0x2 
 .rodata.image_data_Font_8x10_0x77
                0x0000000000005530        0xa _build/nrf52840_xxaa/Font_8x10.c.o
 *fill*         0x000000000000553a        0x2 
 .rodata.image_data_Font_8x10_0x78
                0x000000000000553c        0xa _build/nrf52840_xxaa/Font_8x10.c.o
 *fill*         0x0000000000005546        0x2 
 .rodata.image_data_Font_8x10_0x79
                0x0000000000005548        0xa _build/nrf52840_xxaa/Font_8x10.c.o
 *fill*         0x0000000000005552        0x2 
 .rodata.image_data_Font_8x10_0x7a
                0x0000000000005554        0xa _build/nrf52840_xxaa/Font_8x10.c.o
 *fill*         0x000000000000555e        0x2 
 .rodata.image_data_Font_8x10_0x7b
                0x0000000000005560        0xa _build/nrf52840_xxaa/Font_8x10.c.o
 *fill*         0x000000000000556a        0x2 
 .rodata.image_data_Font_8x10_0x7c
                0x000000000000556c        0xa _build/nrf52840_xxaa/Font_8x10.c.o
 *fill*         0x0000000000005576        0x2 
 .rodata.image_data_Font_8x10_0x7d
                0x0000000000005578        0xa _build/nrf52840_xxaa/Font_8x10.c.o
 *fill*         0x0000000000005582        0x2 
 .rodata.image_data_Font_8x10_0x7e
                0x0000000000005584        0xa _build/nrf52840_xxaa/Font_8x10.c.o
 .rodata._ctype_
                0x000000000000558e      0x101 /home/vbshightime/nrf52/gcc-arm-none-eabi-10.3-2021.10/bin/../lib/gcc/arm-none-eabi/10.3.1/../../../../arm-none-eabi/lib/thumb/v7e-m+fp/hard/libc_nano.a(lib_a-ctype_.o)
                0x000000000000558e                _ctype_
 *fill*         0x000000000000568f        0x1 
 .rodata._global_impure_ptr
                0x0000000000005690        0x4 /home/vbshightime/nrf52/gcc-arm-none-eabi-10.3-2021.10/bin/../lib/gcc/arm-none-eabi/10.3.1/../../../../arm-none-eabi/lib/thumb/v7e-m+fp/hard/libc_nano.a(lib_a-impure.o)
                0x0000000000005690                _global_impure_ptr
 *(.eh_frame*)
 .eh_frame      0x0000000000005694        0x0 /home/vbshightime/nrf52/gcc-arm-none-eabi-10.3-2021.10/bin/../lib/gcc/arm-none-eabi/10.3.1/thumb/v7e-m+fp/hard/crtbegin.o
 .eh_frame      0x0000000000005694        0x4 /home/vbshightime/nrf52/gcc-arm-none-eabi-10.3-2021.10/bin/../lib/gcc/arm-none-eabi/10.3.1/thumb/v7e-m+fp/hard/crtend.o

.glue_7         0x0000000000005698        0x0
 .glue_7        0x0000000000005698        0x0 linker stubs

.glue_7t        0x0000000000005698        0x0
 .glue_7t       0x0000000000005698        0x0 linker stubs

.vfp11_veneer   0x0000000000005698        0x0
 .vfp11_veneer  0x0000000000005698        0x0 linker stubs

.v4_bx          0x0000000000005698        0x0
 .v4_bx         0x0000000000005698        0x0 linker stubs

.iplt           0x0000000000005698        0x0
 .iplt          0x0000000000005698        0x0 /home/vbshightime/nrf52/gcc-arm-none-eabi-10.3-2021.10/bin/../lib/gcc/arm-none-eabi/10.3.1/thumb/v7e-m+fp/hard/crtbegin.o

.mem_section_dummy_rom

.log_const_data
                0x0000000000005698       0x28
                0x0000000000005698                PROVIDE (__start_log_const_data = .)
 *(SORT_BY_NAME(.log_const_data*))
 .log_const_data_PRS
                0x0000000000005698        0x8 _build/nrf52840_xxaa/nrfx_prs.c.o
                0x0000000000005698                m_nrf_log_PRS_logs_data_const
 .log_const_data_TWIM
                0x00000000000056a0        0x8 _build/nrf52840_xxaa/nrfx_twim.c.o
                0x00000000000056a0                m_nrf_log_TWIM_logs_data_const
 .log_const_data_UART
                0x00000000000056a8        0x8 _build/nrf52840_xxaa/nrfx_uart.c.o
                0x00000000000056a8                m_nrf_log_UART_logs_data_const
 .log_const_data_UARTE
                0x00000000000056b0        0x8 _build/nrf52840_xxaa/nrfx_uarte.c.o
                0x00000000000056b0                m_nrf_log_UARTE_logs_data_const
 .log_const_data_app
                0x00000000000056b8        0x8 _build/nrf52840_xxaa/nrf_log_frontend.c.o
                0x00000000000056b8                m_nrf_log_app_logs_data_const
                0x00000000000056c0                PROVIDE (__stop_log_const_data = .)

.log_backends   0x00000000000056c0       0x10
                [!provide]                        PROVIDE (__start_log_backends = .)
 *(SORT_BY_NAME(.log_backends*))
 .log_backends  0x00000000000056c0       0x10 _build/nrf52840_xxaa/nrf_log_default_backends.c.o
                [!provide]                        PROVIDE (__stop_log_backends = .)

.nrf_balloc     0x00000000000056d0       0x14
                [!provide]                        PROVIDE (__start_nrf_balloc = .)
 *(.nrf_balloc)
 .nrf_balloc    0x00000000000056d0       0x14 _build/nrf52840_xxaa/nrf_log_frontend.c.o
                0x00000000000056d0                log_mempool
                [!provide]                        PROVIDE (__stop_nrf_balloc = .)

.ARM.extab
 *(.ARM.extab* .gnu.linkonce.armextab.*)
                0x00000000000056e4                __exidx_start = .

.ARM.exidx      0x00000000000056e4        0x8
 *(.ARM.exidx* .gnu.linkonce.armexidx.*)
 .ARM.exidx     0x00000000000056e4        0x8 /home/vbshightime/nrf52/gcc-arm-none-eabi-10.3-2021.10/bin/../lib/gcc/arm-none-eabi/10.3.1/../../../../arm-none-eabi/lib/thumb/v7e-m+fp/hard/crt0.o
                                         0x10 (size before relaxing)
                0x00000000000056ec                __exidx_end = .

.rel.dyn        0x00000000000056ec        0x0
 .rel.iplt      0x00000000000056ec        0x0 /home/vbshightime/nrf52/gcc-arm-none-eabi-10.3-2021.10/bin/../lib/gcc/arm-none-eabi/10.3.1/thumb/v7e-m+fp/hard/crtbegin.o
                0x00000000000056ec                . = ALIGN (0x4)
                0x00000000000056ec                __etext = .

.data           0x0000000020000008       0xa4 load address 0x00000000000056ec
                0x0000000020000008                __data_start__ = .
 *(vtable)
 *(.data*)
 .data.m_uart   0x0000000020000008       0x14 _build/nrf52840_xxaa/nrf_log_backend_uart.c.o
                0x0000000020000008                m_uart
 .data.log_backend_cb_uart_log_backend
                0x000000002000001c        0x8 _build/nrf52840_xxaa/nrf_log_default_backends.c.o
 .data.SystemCoreClock
                0x0000000020000024        0x4 _build/nrf52840_xxaa/system_nrf52840.c.o
                0x0000000020000024                SystemCoreClock
 .data.SSD1306  0x0000000020000028       0x18 _build/nrf52840_xxaa/ssd1306.c.o
 .data.display_geometry
                0x0000000020000040        0x1 _build/nrf52840_xxaa/ssd1306.c.o
                0x0000000020000040                display_geometry
 *fill*         0x0000000020000041        0x3 
 .data.impure_data
                0x0000000020000044       0x60 /home/vbshightime/nrf52/gcc-arm-none-eabi-10.3-2021.10/bin/../lib/gcc/arm-none-eabi/10.3.1/../../../../arm-none-eabi/lib/thumb/v7e-m+fp/hard/libc_nano.a(lib_a-impure.o)
                0x00000000200000a4                . = ALIGN (0x4)
                0x00000000200000a4                PROVIDE (__preinit_array_start = .)
 *(.preinit_array)
                0x00000000200000a4                PROVIDE (__preinit_array_end = .)
                0x00000000200000a4                . = ALIGN (0x4)
                0x00000000200000a4                PROVIDE (__init_array_start = .)
 *(SORT_BY_NAME(.init_array.*))
 *(.init_array)
 .init_array    0x00000000200000a4        0x4 /home/vbshightime/nrf52/gcc-arm-none-eabi-10.3-2021.10/bin/../lib/gcc/arm-none-eabi/10.3.1/thumb/v7e-m+fp/hard/crtbegin.o
                0x00000000200000a8                PROVIDE (__init_array_end = .)
                0x00000000200000a8                . = ALIGN (0x4)
                [!provide]                        PROVIDE (__fini_array_start = .)
 *(SORT_BY_NAME(.fini_array.*))
 *(.fini_array)
 .fini_array    0x00000000200000a8        0x4 /home/vbshightime/nrf52/gcc-arm-none-eabi-10.3-2021.10/bin/../lib/gcc/arm-none-eabi/10.3.1/thumb/v7e-m+fp/hard/crtbegin.o
                [!provide]                        PROVIDE (__fini_array_end = .)
 *(.jcr*)
                0x00000000200000ac                . = ALIGN (0x4)
                0x00000000200000ac                __data_end__ = .
LOAD /home/vbshightime/nrf52/gcc-arm-none-eabi-10.3-2021.10/bin/../lib/gcc/arm-none-eabi/10.3.1/thumb/v7e-m+fp/hard/crti.o
LOAD /home/vbshightime/nrf52/gcc-arm-none-eabi-10.3-2021.10/bin/../lib/gcc/arm-none-eabi/10.3.1/thumb/v7e-m+fp/hard/crtbegin.o
LOAD /home/vbshightime/nrf52/gcc-arm-none-eabi-10.3-2021.10/bin/../lib/gcc/arm-none-eabi/10.3.1/../../../../arm-none-eabi/lib/thumb/v7e-m+fp/hard/crt0.o
LOAD _build/nrf52840_xxaa/gcc_startup_nrf52840.S.o
LOAD _build/nrf52840_xxaa/nrf_log_backend_rtt.c.o
LOAD _build/nrf52840_xxaa/nrf_log_backend_serial.c.o
LOAD _build/nrf52840_xxaa/nrf_log_backend_uart.c.o
LOAD _build/nrf52840_xxaa/nrf_log_default_backends.c.o
LOAD _build/nrf52840_xxaa/nrf_log_frontend.c.o
LOAD _build/nrf52840_xxaa/nrf_log_str_formatter.c.o
LOAD _build/nrf52840_xxaa/boards.c.o
LOAD _build/nrf52840_xxaa/app_error.c.o
LOAD _build/nrf52840_xxaa/app_error_handler_gcc.c.o
LOAD _build/nrf52840_xxaa/app_error_weak.c.o
LOAD _build/nrf52840_xxaa/app_util_platform.c.o
LOAD _build/nrf52840_xxaa/nrf_assert.c.o
LOAD _build/nrf52840_xxaa/nrf_atomic.c.o
LOAD _build/nrf52840_xxaa/nrf_balloc.c.o
LOAD _build/nrf52840_xxaa/nrf_fprintf.c.o
LOAD _build/nrf52840_xxaa/nrf_fprintf_format.c.o
LOAD _build/nrf52840_xxaa/nrf_memobj.c.o
LOAD _build/nrf52840_xxaa/nrf_ringbuf.c.o
LOAD _build/nrf52840_xxaa/nrf_strerror.c.o
LOAD _build/nrf52840_xxaa/nrf_drv_twi.c.o
LOAD _build/nrf52840_xxaa/nrf_drv_uart.c.o
LOAD _build/nrf52840_xxaa/nrfx_atomic.c.o
LOAD _build/nrf52840_xxaa/nrfx_prs.c.o
LOAD _build/nrf52840_xxaa/nrfx_twi.c.o
LOAD _build/nrf52840_xxaa/nrfx_twim.c.o
LOAD _build/nrf52840_xxaa/nrfx_uart.c.o
LOAD _build/nrf52840_xxaa/nrfx_uarte.c.o
LOAD _build/nrf52840_xxaa/main.c.o
LOAD _build/nrf52840_xxaa/SEGGER_RTT.c.o
LOAD _build/nrf52840_xxaa/SEGGER_RTT_Syscalls_GCC.c.o
LOAD _build/nrf52840_xxaa/SEGGER_RTT_printf.c.o
LOAD _build/nrf52840_xxaa/system_nrf52840.c.o
LOAD _build/nrf52840_xxaa/ssd1306.c.o
LOAD _build/nrf52840_xxaa/Font_8x10.c.o
LOAD /home/vbshightime/nrf52/gcc-arm-none-eabi-10.3-2021.10/bin/../lib/gcc/arm-none-eabi/10.3.1/../../../../arm-none-eabi/lib/thumb/v7e-m+fp/hard/libc_nano.a
LOAD /home/vbshightime/nrf52/gcc-arm-none-eabi-10.3-2021.10/bin/../lib/gcc/arm-none-eabi/10.3.1/../../../../arm-none-eabi/lib/thumb/v7e-m+fp/hard/libnosys.a
LOAD /home/vbshightime/nrf52/gcc-arm-none-eabi-10.3-2021.10/bin/../lib/gcc/arm-none-eabi/10.3.1/../../../../arm-none-eabi/lib/thumb/v7e-m+fp/hard/libm.a
START GROUP
LOAD /home/vbshightime/nrf52/gcc-arm-none-eabi-10.3-2021.10/bin/../lib/gcc/arm-none-eabi/10.3.1/thumb/v7e-m+fp/hard/libgcc.a
LOAD /home/vbshightime/nrf52/gcc-arm-none-eabi-10.3-2021.10/bin/../lib/gcc/arm-none-eabi/10.3.1/../../../../arm-none-eabi/lib/thumb/v7e-m+fp/hard/libg_nano.a
LOAD /home/vbshightime/nrf52/gcc-arm-none-eabi-10.3-2021.10/bin/../lib/gcc/arm-none-eabi/10.3.1/../../../../arm-none-eabi/lib/thumb/v7e-m+fp/hard/libc_nano.a
END GROUP
START GROUP
LOAD /home/vbshightime/nrf52/gcc-arm-none-eabi-10.3-2021.10/bin/../lib/gcc/arm-none-eabi/10.3.1/thumb/v7e-m+fp/hard/libgcc.a
LOAD /home/vbshightime/nrf52/gcc-arm-none-eabi-10.3-2021.10/bin/../lib/gcc/arm-none-eabi/10.3.1/../../../../arm-none-eabi/lib/thumb/v7e-m+fp/hard/libc_nano.a
END GROUP
LOAD /home/vbshightime/nrf52/gcc-arm-none-eabi-10.3-2021.10/bin/../lib/gcc/arm-none-eabi/10.3.1/thumb/v7e-m+fp/hard/crtend.o
LOAD /home/vbshightime/nrf52/gcc-arm-none-eabi-10.3-2021.10/bin/../lib/gcc/arm-none-eabi/10.3.1/thumb/v7e-m+fp/hard/crtn.o
START GROUP
LOAD /home/vbshightime/nrf52/gcc-arm-none-eabi-10.3-2021.10/bin/../lib/gcc/arm-none-eabi/10.3.1/thumb/v7e-m+fp/hard/libgcc.a
LOAD /home/vbshightime/nrf52/gcc-arm-none-eabi-10.3-2021.10/bin/../lib/gcc/arm-none-eabi/10.3.1/../../../../arm-none-eabi/lib/thumb/v7e-m+fp/hard/libc.a
LOAD /home/vbshightime/nrf52/gcc-arm-none-eabi-10.3-2021.10/bin/../lib/gcc/arm-none-eabi/10.3.1/../../../../arm-none-eabi/lib/thumb/v7e-m+fp/hard/libnosys.a
END GROUP

.igot.plt       0x00000000200000ac        0x0 load address 0x0000000000005790
 .igot.plt      0x00000000200000ac        0x0 /home/vbshightime/nrf52/gcc-arm-none-eabi-10.3-2021.10/bin/../lib/gcc/arm-none-eabi/10.3.1/thumb/v7e-m+fp/hard/crtbegin.o
                0x00000000200000ac                . = ALIGN (0x4)

.mem_section_dummy_ram

.log_dynamic_data
                0x00000000200000ac        0x0
                0x00000000200000ac                PROVIDE (__start_log_dynamic_data = .)
 *(SORT_BY_NAME(.log_dynamic_data*))
                [!provide]                        PROVIDE (__stop_log_dynamic_data = .)

.log_filter_data
                0x00000000200000ac        0x0
                [!provide]                        PROVIDE (__start_log_filter_data = .)
 *(SORT_BY_NAME(.log_filter_data*))
                [!provide]                        PROVIDE (__stop_log_filter_data = .)

.bss            0x00000000200000b0      0x844 load address 0x0000000000005798
                0x00000000200000b0                . = ALIGN (0x4)
                0x00000000200000b0                __bss_start__ = .
 *(.bss*)
 .bss           0x00000000200000b0       0x1c /home/vbshightime/nrf52/gcc-arm-none-eabi-10.3-2021.10/bin/../lib/gcc/arm-none-eabi/10.3.1/thumb/v7e-m+fp/hard/crtbegin.o
 .bss.m_async_mode
                0x00000000200000cc        0x1 _build/nrf52840_xxaa/nrf_log_backend_uart.c.o
 *fill*         0x00000000200000cd        0x3 
 .bss.m_string_buff
                0x00000000200000d0       0x40 _build/nrf52840_xxaa/nrf_log_backend_uart.c.o
 .bss.m_xfer_done
                0x0000000020000110        0x1 _build/nrf52840_xxaa/nrf_log_backend_uart.c.o
 *fill*         0x0000000020000111        0x3 
 .bss.log_mempool_nrf_balloc_cb
                0x0000000020000114        0x8 _build/nrf52840_xxaa/nrf_log_frontend.c.o
 .bss.log_mempool_nrf_balloc_pool_mem
                0x000000002000011c       0xc0 _build/nrf52840_xxaa/nrf_log_frontend.c.o
 .bss.log_mempool_nrf_balloc_pool_stack
                0x00000000200001dc        0x8 _build/nrf52840_xxaa/nrf_log_frontend.c.o
 .bss.m_log_data
                0x00000000200001e4      0x420 _build/nrf52840_xxaa/nrf_log_frontend.c.o
 .bss.m_in_critical_region
                0x0000000020000604        0x4 _build/nrf52840_xxaa/app_util_platform.c.o
 .bss.m_contexts
                0x0000000020000608        0x8 _build/nrf52840_xxaa/nrf_drv_twi.c.o
 .bss.m_handlers
                0x0000000020000610        0x8 _build/nrf52840_xxaa/nrf_drv_twi.c.o
 .bss.m_contexts
                0x0000000020000618        0x8 _build/nrf52840_xxaa/nrf_drv_uart.c.o
 .bss.m_handlers
                0x0000000020000620        0x8 _build/nrf52840_xxaa/nrf_drv_uart.c.o
 .bss.nrf_drv_uart_use_easy_dma
                0x0000000020000628        0x2 _build/nrf52840_xxaa/nrf_drv_uart.c.o
                0x0000000020000628                nrf_drv_uart_use_easy_dma
 *fill*         0x000000002000062a        0x2 
 .bss.m_prs_box_4
                0x000000002000062c        0x8 _build/nrf52840_xxaa/nrfx_prs.c.o
 .bss.m_cb      0x0000000020000634       0x68 _build/nrf52840_xxaa/nrfx_twim.c.o
 *fill*         0x000000002000069c        0x4 
 .bss.m_cb      0x00000000200006a0       0x2c _build/nrf52840_xxaa/nrfx_uart.c.o
 *fill*         0x00000000200006cc        0x4 
 .bss.m_cb      0x00000000200006d0       0x24 _build/nrf52840_xxaa/nrfx_uarte.c.o
 .bss.SSD1306_Buffer
                0x00000000200006f4      0x200 _build/nrf52840_xxaa/ssd1306.c.o
 *(COMMON)
                0x00000000200008f4                . = ALIGN (0x4)
                0x00000000200008f4                __bss_end__ = .

.heap           0x00000000200008f8     0x2000
                0x00000000200008f8                __HeapBase = .
                0x00000000200008f8                __end__ = .
                [!provide]                        PROVIDE (end = .)
 *(.heap*)
 .heap          0x00000000200008f8     0x2000 _build/nrf52840_xxaa/gcc_startup_nrf52840.S.o
                0x00000000200028f8                __HeapLimit = .

.stack_dummy    0x00000000200008f8     0x2000
 *(.stack*)
 .stack         0x00000000200008f8     0x2000 _build/nrf52840_xxaa/gcc_startup_nrf52840.S.o
                0x0000000020040000                __StackTop = (ORIGIN (RAM) + LENGTH (RAM))
                0x000000002003e000                __StackLimit = (__StackTop - SIZEOF (.stack_dummy))
                0x0000000020040000                PROVIDE (__stack = __StackTop)
                0x0000000000000001                ASSERT ((__StackLimit >= __HeapLimit), region RAM overflowed with stack)
                0x00000000000000a8                DataInitFlashUsed = (__bss_start__ - __data_start__)
                0x00000000000046ec                CodeFlashUsed = (__etext - ORIGIN (FLASH))
                0x0000000000004794                TotalFlashUsed = (CodeFlashUsed + DataInitFlashUsed)
                0x0000000000000001                ASSERT ((TotalFlashUsed <= LENGTH (FLASH)), region FLASH overflowed with .data and user data)
OUTPUT(_build/nrf52840_xxaa.out elf32-littlearm)
LOAD linker stubs

.ARM.attributes
                0x0000000000000000       0x30
 .ARM.attributes
                0x0000000000000000       0x1e /home/vbshightime/nrf52/gcc-arm-none-eabi-10.3-2021.10/bin/../lib/gcc/arm-none-eabi/10.3.1/thumb/v7e-m+fp/hard/crti.o
 .ARM.attributes
                0x000000000000001e       0x34 /home/vbshightime/nrf52/gcc-arm-none-eabi-10.3-2021.10/bin/../lib/gcc/arm-none-eabi/10.3.1/thumb/v7e-m+fp/hard/crtbegin.o
 .ARM.attributes
                0x0000000000000052       0x1c /home/vbshightime/nrf52/gcc-arm-none-eabi-10.3-2021.10/bin/../lib/gcc/arm-none-eabi/10.3.1/../../../../arm-none-eabi/lib/thumb/v7e-m+fp/hard/crt0.o
 .ARM.attributes
                0x000000000000006e       0x20 _build/nrf52840_xxaa/gcc_startup_nrf52840.S.o
 .ARM.attributes
                0x000000000000008e       0x34 _build/nrf52840_xxaa/nrf_log_backend_serial.c.o
 .ARM.attributes
                0x00000000000000c2       0x34 _build/nrf52840_xxaa/nrf_log_backend_uart.c.o
 .ARM.attributes
                0x00000000000000f6       0x34 _build/nrf52840_xxaa/nrf_log_default_backends.c.o
 .ARM.attributes
                0x000000000000012a       0x34 _build/nrf52840_xxaa/nrf_log_frontend.c.o
 .ARM.attributes
                0x000000000000015e       0x34 _build/nrf52840_xxaa/nrf_log_str_formatter.c.o
 .ARM.attributes
                0x0000000000000192       0x34 _build/nrf52840_xxaa/boards.c.o
 .ARM.attributes
                0x00000000000001c6       0x34 _build/nrf52840_xxaa/app_error.c.o
 .ARM.attributes
                0x00000000000001fa       0x34 _build/nrf52840_xxaa/app_error_weak.c.o
 .ARM.attributes
                0x000000000000022e       0x34 _build/nrf52840_xxaa/app_util_platform.c.o
 .ARM.attributes
                0x0000000000000262       0x34 _build/nrf52840_xxaa/nrf_atomic.c.o
 .ARM.attributes
                0x0000000000000296       0x34 _build/nrf52840_xxaa/nrf_balloc.c.o
 .ARM.attributes
                0x00000000000002ca       0x34 _build/nrf52840_xxaa/nrf_fprintf.c.o
 .ARM.attributes
                0x00000000000002fe       0x34 _build/nrf52840_xxaa/nrf_fprintf_format.c.o
 .ARM.attributes
                0x0000000000000332       0x34 _build/nrf52840_xxaa/nrf_memobj.c.o
 .ARM.attributes
                0x0000000000000366       0x34 _build/nrf52840_xxaa/nrf_drv_twi.c.o
 .ARM.attributes
                0x000000000000039a       0x34 _build/nrf52840_xxaa/nrf_drv_uart.c.o
 .ARM.attributes
                0x00000000000003ce       0x34 _build/nrf52840_xxaa/nrfx_prs.c.o
 .ARM.attributes
                0x0000000000000402       0x34 _build/nrf52840_xxaa/nrfx_twim.c.o
 .ARM.attributes
                0x0000000000000436       0x34 _build/nrf52840_xxaa/nrfx_uart.c.o
 .ARM.attributes
                0x000000000000046a       0x34 _build/nrf52840_xxaa/nrfx_uarte.c.o
 .ARM.attributes
                0x000000000000049e       0x34 _build/nrf52840_xxaa/main.c.o
 .ARM.attributes
                0x00000000000004d2       0x34 _build/nrf52840_xxaa/system_nrf52840.c.o
 .ARM.attributes
                0x0000000000000506       0x34 _build/nrf52840_xxaa/ssd1306.c.o
 .ARM.attributes
                0x000000000000053a       0x34 _build/nrf52840_xxaa/Font_8x10.c.o
 .ARM.attributes
                0x000000000000056e       0x34 /home/vbshightime/nrf52/gcc-arm-none-eabi-10.3-2021.10/bin/../lib/gcc/arm-none-eabi/10.3.1/../../../../arm-none-eabi/lib/thumb/v7e-m+fp/hard/libc_nano.a(lib_a-ctype_.o)
 .ARM.attributes
                0x00000000000005a2       0x34 /home/vbshightime/nrf52/gcc-arm-none-eabi-10.3-2021.10/bin/../lib/gcc/arm-none-eabi/10.3.1/../../../../arm-none-eabi/lib/thumb/v7e-m+fp/hard/libc_nano.a(lib_a-exit.o)
 .ARM.attributes
                0x00000000000005d6       0x34 /home/vbshightime/nrf52/gcc-arm-none-eabi-10.3-2021.10/bin/../lib/gcc/arm-none-eabi/10.3.1/../../../../arm-none-eabi/lib/thumb/v7e-m+fp/hard/libc_nano.a(lib_a-impure.o)
 .ARM.attributes
                0x000000000000060a       0x34 /home/vbshightime/nrf52/gcc-arm-none-eabi-10.3-2021.10/bin/../lib/gcc/arm-none-eabi/10.3.1/../../../../arm-none-eabi/lib/thumb/v7e-m+fp/hard/libc_nano.a(lib_a-init.o)
 .ARM.attributes
                0x000000000000063e       0x34 /home/vbshightime/nrf52/gcc-arm-none-eabi-10.3-2021.10/bin/../lib/gcc/arm-none-eabi/10.3.1/../../../../arm-none-eabi/lib/thumb/v7e-m+fp/hard/libc_nano.a(lib_a-memcpy-stub.o)
 .ARM.attributes
                0x0000000000000672       0x34 /home/vbshightime/nrf52/gcc-arm-none-eabi-10.3-2021.10/bin/../lib/gcc/arm-none-eabi/10.3.1/../../../../arm-none-eabi/lib/thumb/v7e-m+fp/hard/libc_nano.a(lib_a-memset.o)
 .ARM.attributes
                0x00000000000006a6       0x17 /home/vbshightime/nrf52/gcc-arm-none-eabi-10.3-2021.10/bin/../lib/gcc/arm-none-eabi/10.3.1/../../../../arm-none-eabi/lib/thumb/v7e-m+fp/hard/libc_nano.a(lib_a-strlen.o)
 .ARM.attributes
                0x00000000000006bd       0x34 /home/vbshightime/nrf52/gcc-arm-none-eabi-10.3-2021.10/bin/../lib/gcc/arm-none-eabi/10.3.1/../../../../arm-none-eabi/lib/thumb/v7e-m+fp/hard/libnosys.a(_exit.o)
 .ARM.attributes
                0x00000000000006f1       0x34 /home/vbshightime/nrf52/gcc-arm-none-eabi-10.3-2021.10/bin/../lib/gcc/arm-none-eabi/10.3.1/thumb/v7e-m+fp/hard/crtend.o
 .ARM.attributes
                0x0000000000000725       0x1e /home/vbshightime/nrf52/gcc-arm-none-eabi-10.3-2021.10/bin/../lib/gcc/arm-none-eabi/10.3.1/thumb/v7e-m+fp/hard/crtn.o

.comment        0x0000000000000000       0x49
 .comment       0x0000000000000000       0x49 _build/nrf52840_xxaa/nrf_log_backend_serial.c.o
                                         0x4a (size before relaxing)
 .comment       0x0000000000000049       0x4a _build/nrf52840_xxaa/nrf_log_backend_uart.c.o
 .comment       0x0000000000000049       0x4a _build/nrf52840_xxaa/nrf_log_default_backends.c.o
 .comment       0x0000000000000049       0x4a _build/nrf52840_xxaa/nrf_log_frontend.c.o
 .comment       0x0000000000000049       0x4a _build/nrf52840_xxaa/nrf_log_str_formatter.c.o
 .comment       0x0000000000000049       0x4a _build/nrf52840_xxaa/boards.c.o
 .comment       0x0000000000000049       0x4a _build/nrf52840_xxaa/app_error.c.o
 .comment       0x0000000000000049       0x4a _build/nrf52840_xxaa/app_error_weak.c.o
 .comment       0x0000000000000049       0x4a _build/nrf52840_xxaa/app_util_platform.c.o
 .comment       0x0000000000000049       0x4a _build/nrf52840_xxaa/nrf_atomic.c.o
 .comment       0x0000000000000049       0x4a _build/nrf52840_xxaa/nrf_balloc.c.o
 .comment       0x0000000000000049       0x4a _build/nrf52840_xxaa/nrf_fprintf.c.o
 .comment       0x0000000000000049       0x4a _build/nrf52840_xxaa/nrf_fprintf_format.c.o
 .comment       0x0000000000000049       0x4a _build/nrf52840_xxaa/nrf_memobj.c.o
 .comment       0x0000000000000049       0x4a _build/nrf52840_xxaa/nrf_drv_twi.c.o
 .comment       0x0000000000000049       0x4a _build/nrf52840_xxaa/nrf_drv_uart.c.o
 .comment       0x0000000000000049       0x4a _build/nrf52840_xxaa/nrfx_prs.c.o
 .comment       0x0000000000000049       0x4a _build/nrf52840_xxaa/nrfx_twim.c.o
 .comment       0x0000000000000049       0x4a _build/nrf52840_xxaa/nrfx_uart.c.o
 .comment       0x0000000000000049       0x4a _build/nrf52840_xxaa/nrfx_uarte.c.o
 .comment       0x0000000000000049       0x4a _build/nrf52840_xxaa/main.c.o
 .comment       0x0000000000000049       0x4a _build/nrf52840_xxaa/system_nrf52840.c.o
 .comment       0x0000000000000049       0x4a _build/nrf52840_xxaa/ssd1306.c.o
 .comment       0x0000000000000049       0x4a _build/nrf52840_xxaa/Font_8x10.c.o

.debug_line     0x0000000000000000    0x1a008
 .debug_line    0x0000000000000000       0x89 _build/nrf52840_xxaa/gcc_startup_nrf52840.S.o
 .debug_line    0x0000000000000089      0x8ea _build/nrf52840_xxaa/nrf_log_backend_serial.c.o
 .debug_line    0x0000000000000973      0xc0d _build/nrf52840_xxaa/nrf_log_backend_uart.c.o
 .debug_line    0x0000000000001580      0x7db _build/nrf52840_xxaa/nrf_log_default_backends.c.o
 .debug_line    0x0000000000001d5b     0x20da _build/nrf52840_xxaa/nrf_log_frontend.c.o
 .debug_line    0x0000000000003e35      0xa40 _build/nrf52840_xxaa/nrf_log_str_formatter.c.o
 .debug_line    0x0000000000004875     0x10fb _build/nrf52840_xxaa/boards.c.o
 .debug_line    0x0000000000005970      0x5c1 _build/nrf52840_xxaa/app_error.c.o
 .debug_line    0x0000000000005f31      0x8bf _build/nrf52840_xxaa/app_error_weak.c.o
 .debug_line    0x00000000000067f0      0x68d _build/nrf52840_xxaa/app_util_platform.c.o
 .debug_line    0x0000000000006e7d      0x912 _build/nrf52840_xxaa/nrf_atomic.c.o
 .debug_line    0x000000000000778f      0x938 _build/nrf52840_xxaa/nrf_balloc.c.o
 .debug_line    0x00000000000080c7      0x5e0 _build/nrf52840_xxaa/nrf_fprintf.c.o
 .debug_line    0x00000000000086a7     0x103c _build/nrf52840_xxaa/nrf_fprintf_format.c.o
 .debug_line    0x00000000000096e3      0xbd7 _build/nrf52840_xxaa/nrf_memobj.c.o
 .debug_line    0x000000000000a2ba      0xbd7 _build/nrf52840_xxaa/nrf_drv_twi.c.o
 .debug_line    0x000000000000ae91      0x892 _build/nrf52840_xxaa/nrf_drv_uart.c.o
 .debug_line    0x000000000000b723      0x98a _build/nrf52840_xxaa/nrfx_prs.c.o
 .debug_line    0x000000000000c0ad     0x2f70 _build/nrf52840_xxaa/nrfx_twim.c.o
 .debug_line    0x000000000000f01d     0x1f67 _build/nrf52840_xxaa/nrfx_uart.c.o
 .debug_line    0x0000000000010f84     0x1ec2 _build/nrf52840_xxaa/nrfx_uarte.c.o
 .debug_line    0x0000000000012e46      0xa0a _build/nrf52840_xxaa/main.c.o
 .debug_line    0x0000000000013850      0x916 _build/nrf52840_xxaa/system_nrf52840.c.o
 .debug_line    0x0000000000014166     0x5c9c _build/nrf52840_xxaa/ssd1306.c.o
 .debug_line    0x0000000000019e02      0x206 _build/nrf52840_xxaa/Font_8x10.c.o

.debug_info     0x0000000000000000    0x238f1
 .debug_info    0x0000000000000000       0x26 _build/nrf52840_xxaa/gcc_startup_nrf52840.S.o
 .debug_info    0x0000000000000026      0x7cf _build/nrf52840_xxaa/nrf_log_backend_serial.c.o
 .debug_info    0x00000000000007f5     0x11ee _build/nrf52840_xxaa/nrf_log_backend_uart.c.o
 .debug_info    0x00000000000019e3      0x303 _build/nrf52840_xxaa/nrf_log_default_backends.c.o
 .debug_info    0x0000000000001ce6     0x3395 _build/nrf52840_xxaa/nrf_log_frontend.c.o
 .debug_info    0x000000000000507b      0x865 _build/nrf52840_xxaa/nrf_log_str_formatter.c.o
 .debug_info    0x00000000000058e0     0x17a5 _build/nrf52840_xxaa/boards.c.o
 .debug_info    0x0000000000007085      0x2c3 _build/nrf52840_xxaa/app_error.c.o
 .debug_info    0x0000000000007348      0x4b9 _build/nrf52840_xxaa/app_error_weak.c.o
 .debug_info    0x0000000000007801      0x82c _build/nrf52840_xxaa/app_util_platform.c.o
 .debug_info    0x000000000000802d      0xae3 _build/nrf52840_xxaa/nrf_atomic.c.o
 .debug_info    0x0000000000008b10      0x3da _build/nrf52840_xxaa/nrf_balloc.c.o
 .debug_info    0x0000000000008eea      0x24b _build/nrf52840_xxaa/nrf_fprintf.c.o
 .debug_info    0x0000000000009135      0xc73 _build/nrf52840_xxaa/nrf_fprintf_format.c.o
 .debug_info    0x0000000000009da8      0xb78 _build/nrf52840_xxaa/nrf_memobj.c.o
 .debug_info    0x000000000000a920     0x175c _build/nrf52840_xxaa/nrf_drv_twi.c.o
 .debug_info    0x000000000000c07c     0x11eb _build/nrf52840_xxaa/nrf_drv_uart.c.o
 .debug_info    0x000000000000d267      0x801 _build/nrf52840_xxaa/nrfx_prs.c.o
 .debug_info    0x000000000000da68     0x49ec _build/nrf52840_xxaa/nrfx_twim.c.o
 .debug_info    0x0000000000012454     0x394c _build/nrf52840_xxaa/nrfx_uart.c.o
 .debug_info    0x0000000000015da0     0x38b7 _build/nrf52840_xxaa/nrfx_uarte.c.o
 .debug_info    0x0000000000019657      0x512 _build/nrf52840_xxaa/main.c.o
 .debug_info    0x0000000000019b69     0x18dc _build/nrf52840_xxaa/system_nrf52840.c.o
 .debug_info    0x000000000001b445     0x74e9 _build/nrf52840_xxaa/ssd1306.c.o
 .debug_info    0x000000000002292e      0xfc3 _build/nrf52840_xxaa/Font_8x10.c.o

.debug_abbrev   0x0000000000000000     0x45ae
 .debug_abbrev  0x0000000000000000       0x14 _build/nrf52840_xxaa/gcc_startup_nrf52840.S.o
 .debug_abbrev  0x0000000000000014      0x202 _build/nrf52840_xxaa/nrf_log_backend_serial.c.o
 .debug_abbrev  0x0000000000000216      0x38d _build/nrf52840_xxaa/nrf_log_backend_uart.c.o
 .debug_abbrev  0x00000000000005a3      0x190 _build/nrf52840_xxaa/nrf_log_default_backends.c.o
 .debug_abbrev  0x0000000000000733      0x5be _build/nrf52840_xxaa/nrf_log_frontend.c.o
 .debug_abbrev  0x0000000000000cf1      0x21a _build/nrf52840_xxaa/nrf_log_str_formatter.c.o
 .debug_abbrev  0x0000000000000f0b      0x3b8 _build/nrf52840_xxaa/boards.c.o
 .debug_abbrev  0x00000000000012c3      0x13b _build/nrf52840_xxaa/app_error.c.o
 .debug_abbrev  0x00000000000013fe      0x218 _build/nrf52840_xxaa/app_error_weak.c.o
 .debug_abbrev  0x0000000000001616      0x260 _build/nrf52840_xxaa/app_util_platform.c.o
 .debug_abbrev  0x0000000000001876      0x205 _build/nrf52840_xxaa/nrf_atomic.c.o
 .debug_abbrev  0x0000000000001a7b      0x1f7 _build/nrf52840_xxaa/nrf_balloc.c.o
 .debug_abbrev  0x0000000000001c72      0x143 _build/nrf52840_xxaa/nrf_fprintf.c.o
 .debug_abbrev  0x0000000000001db5      0x2d2 _build/nrf52840_xxaa/nrf_fprintf_format.c.o
 .debug_abbrev  0x0000000000002087      0x285 _build/nrf52840_xxaa/nrf_memobj.c.o
 .debug_abbrev  0x000000000000230c      0x3b3 _build/nrf52840_xxaa/nrf_drv_twi.c.o
 .debug_abbrev  0x00000000000026bf      0x22a _build/nrf52840_xxaa/nrf_drv_uart.c.o
 .debug_abbrev  0x00000000000028e9      0x27b _build/nrf52840_xxaa/nrfx_prs.c.o
 .debug_abbrev  0x0000000000002b64      0x4f4 _build/nrf52840_xxaa/nrfx_twim.c.o
 .debug_abbrev  0x0000000000003058      0x4f2 _build/nrf52840_xxaa/nrfx_uart.c.o
 .debug_abbrev  0x000000000000354a      0x4b5 _build/nrf52840_xxaa/nrfx_uarte.c.o
 .debug_abbrev  0x00000000000039ff      0x1c0 _build/nrf52840_xxaa/main.c.o
 .debug_abbrev  0x0000000000003bbf      0x321 _build/nrf52840_xxaa/system_nrf52840.c.o
 .debug_abbrev  0x0000000000003ee0      0x610 _build/nrf52840_xxaa/ssd1306.c.o
 .debug_abbrev  0x00000000000044f0       0xbe _build/nrf52840_xxaa/Font_8x10.c.o

.debug_aranges  0x0000000000000000      0x7f8
 .debug_aranges
                0x0000000000000000       0x20 _build/nrf52840_xxaa/gcc_startup_nrf52840.S.o
 .debug_aranges
                0x0000000000000020       0x20 _build/nrf52840_xxaa/nrf_log_backend_serial.c.o
 .debug_aranges
                0x0000000000000040       0x48 _build/nrf52840_xxaa/nrf_log_backend_uart.c.o
 .debug_aranges
                0x0000000000000088       0x20 _build/nrf52840_xxaa/nrf_log_default_backends.c.o
 .debug_aranges
                0x00000000000000a8       0xc8 _build/nrf52840_xxaa/nrf_log_frontend.c.o
 .debug_aranges
                0x0000000000000170       0x38 _build/nrf52840_xxaa/nrf_log_str_formatter.c.o
 .debug_aranges
                0x00000000000001a8       0x78 _build/nrf52840_xxaa/boards.c.o
 .debug_aranges
                0x0000000000000220       0x28 _build/nrf52840_xxaa/app_error.c.o
 .debug_aranges
                0x0000000000000248       0x20 _build/nrf52840_xxaa/app_error_weak.c.o
 .debug_aranges
                0x0000000000000268       0x48 _build/nrf52840_xxaa/app_util_platform.c.o
 .debug_aranges
                0x00000000000002b0       0xb0 _build/nrf52840_xxaa/nrf_atomic.c.o
 .debug_aranges
                0x0000000000000360       0x30 _build/nrf52840_xxaa/nrf_balloc.c.o
 .debug_aranges
                0x0000000000000390       0x28 _build/nrf52840_xxaa/nrf_fprintf.c.o
 .debug_aranges
                0x00000000000003b8       0x28 _build/nrf52840_xxaa/nrf_fprintf_format.c.o
 .debug_aranges
                0x00000000000003e0       0x50 _build/nrf52840_xxaa/nrf_memobj.c.o
 .debug_aranges
                0x0000000000000430       0x28 _build/nrf52840_xxaa/nrf_drv_twi.c.o
 .debug_aranges
                0x0000000000000458       0x30 _build/nrf52840_xxaa/nrf_drv_uart.c.o
 .debug_aranges
                0x0000000000000488       0x30 _build/nrf52840_xxaa/nrfx_prs.c.o
 .debug_aranges
                0x00000000000004b8       0x80 _build/nrf52840_xxaa/nrfx_twim.c.o
 .debug_aranges
                0x0000000000000538       0x78 _build/nrf52840_xxaa/nrfx_uart.c.o
 .debug_aranges
                0x00000000000005b0       0x68 _build/nrf52840_xxaa/nrfx_uarte.c.o
 .debug_aranges
                0x0000000000000618       0x20 _build/nrf52840_xxaa/main.c.o
 .debug_aranges
                0x0000000000000638       0x38 _build/nrf52840_xxaa/system_nrf52840.c.o
 .debug_aranges
                0x0000000000000670      0x170 _build/nrf52840_xxaa/ssd1306.c.o
 .debug_aranges
                0x00000000000007e0       0x18 _build/nrf52840_xxaa/Font_8x10.c.o

.debug_str      0x0000000000000000    0x9d53d
 .debug_str     0x0000000000000000       0xb6 _build/nrf52840_xxaa/gcc_startup_nrf52840.S.o
 .debug_str     0x00000000000000b6    0x86ccc _build/nrf52840_xxaa/nrf_log_backend_serial.c.o
                                      0x88140 (size before relaxing)
 .debug_str     0x0000000000086d82     0x4635 _build/nrf52840_xxaa/nrf_log_backend_uart.c.o
                                      0x8c1ff (size before relaxing)
 .debug_str     0x000000000008b3b7      0x126 _build/nrf52840_xxaa/nrf_log_default_backends.c.o
                                      0x87ee2 (size before relaxing)
 .debug_str     0x000000000008b4dd     0x14ad _build/nrf52840_xxaa/nrf_log_frontend.c.o
                                      0x894ef (size before relaxing)
 .debug_str     0x000000000008c98a      0x6a6 _build/nrf52840_xxaa/nrf_log_str_formatter.c.o
                                      0x885c5 (size before relaxing)
 .debug_str     0x000000000008d030     0x1329 _build/nrf52840_xxaa/boards.c.o
                                      0x88bd1 (size before relaxing)
 .debug_str     0x000000000008e359       0xf4 _build/nrf52840_xxaa/app_error.c.o
                                      0x79dfe (size before relaxing)
 .debug_str     0x000000000008e44d       0x64 _build/nrf52840_xxaa/app_error_weak.c.o
                                      0x885a6 (size before relaxing)
 .debug_str     0x000000000008e4b1      0x3eb _build/nrf52840_xxaa/app_util_platform.c.o
                                      0x7a66d (size before relaxing)
 .debug_str     0x000000000008e89c      0x6b9 _build/nrf52840_xxaa/nrf_atomic.c.o
                                      0x841ab (size before relaxing)
 .debug_str     0x000000000008ef55      0x13f _build/nrf52840_xxaa/nrf_balloc.c.o
                                      0x87f41 (size before relaxing)
 .debug_str     0x000000000008f094      0x144 _build/nrf52840_xxaa/nrf_fprintf.c.o
                                      0x83df0 (size before relaxing)
 .debug_str     0x000000000008f1d8      0x511 _build/nrf52840_xxaa/nrf_fprintf_format.c.o
                                      0x842ff (size before relaxing)
 .debug_str     0x000000000008f6e9      0x1ac _build/nrf52840_xxaa/nrf_memobj.c.o
                                      0x862db (size before relaxing)
 .debug_str     0x000000000008f895     0x1b64 _build/nrf52840_xxaa/nrf_drv_twi.c.o
                                      0x896a3 (size before relaxing)
 .debug_str     0x00000000000913f9      0x451 _build/nrf52840_xxaa/nrf_drv_uart.c.o
                                      0x88c48 (size before relaxing)
 .debug_str     0x000000000009184a      0x61d _build/nrf52840_xxaa/nrfx_prs.c.o
                                      0x8adad (size before relaxing)
 .debug_str     0x0000000000091e67      0xfd8 _build/nrf52840_xxaa/nrfx_twim.c.o
                                      0x8caaa (size before relaxing)
 .debug_str     0x0000000000092e3f      0x679 _build/nrf52840_xxaa/nrfx_uart.c.o
                                      0x8bfc3 (size before relaxing)
 .debug_str     0x00000000000934b8      0x930 _build/nrf52840_xxaa/nrfx_uarte.c.o
                                      0x8c456 (size before relaxing)
 .debug_str     0x0000000000093de8      0x563 _build/nrf52840_xxaa/main.c.o
                                      0x89b83 (size before relaxing)
 .debug_str     0x000000000009434b     0x82e9 _build/nrf52840_xxaa/system_nrf52840.c.o
                                      0x7ea50 (size before relaxing)
 .debug_str     0x000000000009c634      0x530 _build/nrf52840_xxaa/ssd1306.c.o
                                      0x89a07 (size before relaxing)
 .debug_str     0x000000000009cb64      0x9d9 _build/nrf52840_xxaa/Font_8x10.c.o
                                       0x4bea (size before relaxing)

.debug_loc      0x0000000000000000    0x18fed
 .debug_loc     0x0000000000000000      0x1b3 _build/nrf52840_xxaa/nrf_log_backend_serial.c.o
 .debug_loc     0x00000000000001b3      0x334 _build/nrf52840_xxaa/nrf_log_backend_uart.c.o
 .debug_loc     0x00000000000004e7       0x31 _build/nrf52840_xxaa/nrf_log_default_backends.c.o
 .debug_loc     0x0000000000000518     0x3686 _build/nrf52840_xxaa/nrf_log_frontend.c.o
 .debug_loc     0x0000000000003b9e      0x45d _build/nrf52840_xxaa/nrf_log_str_formatter.c.o
 .debug_loc     0x0000000000003ffb      0xecd _build/nrf52840_xxaa/boards.c.o
 .debug_loc     0x0000000000004ec8       0xc8 _build/nrf52840_xxaa/app_error.c.o
 .debug_loc     0x0000000000004f90       0x6f _build/nrf52840_xxaa/app_error_weak.c.o
 .debug_loc     0x0000000000004fff      0x11a _build/nrf52840_xxaa/app_util_platform.c.o
 .debug_loc     0x0000000000005119      0x587 _build/nrf52840_xxaa/nrf_atomic.c.o
 .debug_loc     0x00000000000056a0      0x22b _build/nrf52840_xxaa/nrf_balloc.c.o
 .debug_loc     0x00000000000058cb       0x54 _build/nrf52840_xxaa/nrf_fprintf.c.o
 .debug_loc     0x000000000000591f     0x100f _build/nrf52840_xxaa/nrf_fprintf_format.c.o
 .debug_loc     0x000000000000692e      0xfa8 _build/nrf52840_xxaa/nrf_memobj.c.o
 .debug_loc     0x00000000000078d6      0x6bb _build/nrf52840_xxaa/nrf_drv_twi.c.o
 .debug_loc     0x0000000000007f91      0x1d6 _build/nrf52840_xxaa/nrf_drv_uart.c.o
 .debug_loc     0x0000000000008167      0x10e _build/nrf52840_xxaa/nrfx_prs.c.o
 .debug_loc     0x0000000000008275     0x389d _build/nrf52840_xxaa/nrfx_twim.c.o
 .debug_loc     0x000000000000bb12     0x1f97 _build/nrf52840_xxaa/nrfx_uart.c.o
 .debug_loc     0x000000000000daa9     0x2058 _build/nrf52840_xxaa/nrfx_uarte.c.o
 .debug_loc     0x000000000000fb01      0x170 _build/nrf52840_xxaa/main.c.o
 .debug_loc     0x000000000000fc71      0x212 _build/nrf52840_xxaa/system_nrf52840.c.o
 .debug_loc     0x000000000000fe83     0x916a _build/nrf52840_xxaa/ssd1306.c.o

.debug_ranges   0x0000000000000000     0x5d18
 .debug_ranges  0x0000000000000000       0x28 _build/nrf52840_xxaa/nrf_log_backend_serial.c.o
 .debug_ranges  0x0000000000000028      0x110 _build/nrf52840_xxaa/nrf_log_backend_uart.c.o
 .debug_ranges  0x0000000000000138       0x10 _build/nrf52840_xxaa/nrf_log_default_backends.c.o
 .debug_ranges  0x0000000000000148      0x818 _build/nrf52840_xxaa/nrf_log_frontend.c.o
 .debug_ranges  0x0000000000000960       0xa0 _build/nrf52840_xxaa/nrf_log_str_formatter.c.o
 .debug_ranges  0x0000000000000a00      0x838 _build/nrf52840_xxaa/boards.c.o
 .debug_ranges  0x0000000000001238       0x18 _build/nrf52840_xxaa/app_error.c.o
 .debug_ranges  0x0000000000001250       0x28 _build/nrf52840_xxaa/app_error_weak.c.o
 .debug_ranges  0x0000000000001278       0x38 _build/nrf52840_xxaa/app_util_platform.c.o
 .debug_ranges  0x00000000000012b0      0x228 _build/nrf52840_xxaa/nrf_atomic.c.o
 .debug_ranges  0x00000000000014d8       0x48 _build/nrf52840_xxaa/nrf_balloc.c.o
 .debug_ranges  0x0000000000001520       0x18 _build/nrf52840_xxaa/nrf_fprintf.c.o
 .debug_ranges  0x0000000000001538      0x3b8 _build/nrf52840_xxaa/nrf_fprintf_format.c.o
 .debug_ranges  0x00000000000018f0       0xb8 _build/nrf52840_xxaa/nrf_memobj.c.o
 .debug_ranges  0x00000000000019a8       0xd8 _build/nrf52840_xxaa/nrf_drv_twi.c.o
 .debug_ranges  0x0000000000001a80       0x20 _build/nrf52840_xxaa/nrf_drv_uart.c.o
 .debug_ranges  0x0000000000001aa0       0x38 _build/nrf52840_xxaa/nrfx_prs.c.o
 .debug_ranges  0x0000000000001ad8      0xcc8 _build/nrf52840_xxaa/nrfx_twim.c.o
 .debug_ranges  0x00000000000027a0      0x618 _build/nrf52840_xxaa/nrfx_uart.c.o
 .debug_ranges  0x0000000000002db8      0x580 _build/nrf52840_xxaa/nrfx_uarte.c.o
 .debug_ranges  0x0000000000003338      0x108 _build/nrf52840_xxaa/main.c.o
 .debug_ranges  0x0000000000003440      0x140 _build/nrf52840_xxaa/system_nrf52840.c.o
 .debug_ranges  0x0000000000003580     0x2798 _build/nrf52840_xxaa/ssd1306.c.o

.debug_macro    0x0000000000000000     0x84e9
 .debug_macro   0x0000000000000000      0x393 _build/nrf52840_xxaa/nrf_log_backend_serial.c.o
 .debug_macro   0x0000000000000393       0x16 _build/nrf52840_xxaa/nrf_log_backend_serial.c.o
 .debug_macro   0x00000000000003a9       0x22 _build/nrf52840_xxaa/nrf_log_backend_serial.c.o
 .debug_macro   0x00000000000003cb       0x1c _build/nrf52840_xxaa/nrf_log_backend_serial.c.o
 .debug_macro   0x00000000000003e7       0x10 _build/nrf52840_xxaa/nrf_log_backend_serial.c.o
 .debug_macro   0x00000000000003f7       0xbe _build/nrf52840_xxaa/nrf_log_backend_serial.c.o
 .debug_macro   0x00000000000004b5       0x16 _build/nrf52840_xxaa/nrf_log_backend_serial.c.o
 .debug_macro   0x00000000000004cb      0x129 _build/nrf52840_xxaa/nrf_log_backend_serial.c.o
 .debug_macro   0x00000000000005f4       0x49 _build/nrf52840_xxaa/nrf_log_backend_serial.c.o
 .debug_macro   0x000000000000063d       0x8c _build/nrf52840_xxaa/nrf_log_backend_serial.c.o
 .debug_macro   0x00000000000006c9       0x31 _build/nrf52840_xxaa/nrf_log_backend_serial.c.o
 .debug_macro   0x00000000000006fa       0x55 _build/nrf52840_xxaa/nrf_log_backend_serial.c.o
 .debug_macro   0x000000000000074f       0x98 _build/nrf52840_xxaa/nrf_log_backend_serial.c.o
 .debug_macro   0x00000000000007e7       0x10 _build/nrf52840_xxaa/nrf_log_backend_serial.c.o
 .debug_macro   0x00000000000007f7       0x1d _build/nrf52840_xxaa/nrf_log_backend_serial.c.o
 .debug_macro   0x0000000000000814       0x2e _build/nrf52840_xxaa/nrf_log_backend_serial.c.o
 .debug_macro   0x0000000000000842       0x1c _build/nrf52840_xxaa/nrf_log_backend_serial.c.o
 .debug_macro   0x000000000000085e      0x185 _build/nrf52840_xxaa/nrf_log_backend_serial.c.o
 .debug_macro   0x00000000000009e3      0x476 _build/nrf52840_xxaa/nrf_log_backend_uart.c.o
 .debug_macro   0x0000000000000e59      0x462 _build/nrf52840_xxaa/nrf_log_backend_uart.c.o
 .debug_macro   0x00000000000012bb       0x59 _build/nrf52840_xxaa/nrf_log_backend_uart.c.o
 .debug_macro   0x0000000000001314      0x25d _build/nrf52840_xxaa/nrf_log_backend_uart.c.o
 .debug_macro   0x0000000000001571      0x14e _build/nrf52840_xxaa/nrf_log_backend_uart.c.o
 .debug_macro   0x00000000000016bf       0x5a _build/nrf52840_xxaa/nrf_log_backend_uart.c.o
 .debug_macro   0x0000000000001719       0x1d _build/nrf52840_xxaa/nrf_log_backend_uart.c.o
 .debug_macro   0x0000000000001736       0xac _build/nrf52840_xxaa/nrf_log_backend_uart.c.o
 .debug_macro   0x00000000000017e2       0x64 _build/nrf52840_xxaa/nrf_log_backend_uart.c.o
 .debug_macro   0x0000000000001846       0x20 _build/nrf52840_xxaa/nrf_log_backend_uart.c.o
 .debug_macro   0x0000000000001866       0x10 _build/nrf52840_xxaa/nrf_log_backend_uart.c.o
 .debug_macro   0x0000000000001876       0x10 _build/nrf52840_xxaa/nrf_log_backend_uart.c.o
 .debug_macro   0x0000000000001886       0x10 _build/nrf52840_xxaa/nrf_log_backend_uart.c.o
 .debug_macro   0x0000000000001896       0x10 _build/nrf52840_xxaa/nrf_log_backend_uart.c.o
 .debug_macro   0x00000000000018a6       0x10 _build/nrf52840_xxaa/nrf_log_backend_uart.c.o
 .debug_macro   0x00000000000018b6       0x3f _build/nrf52840_xxaa/nrf_log_backend_uart.c.o
 .debug_macro   0x00000000000018f5      0x384 _build/nrf52840_xxaa/nrf_log_default_backends.c.o
 .debug_macro   0x0000000000001c79       0x10 _build/nrf52840_xxaa/nrf_log_default_backends.c.o
 .debug_macro   0x0000000000001c89      0x405 _build/nrf52840_xxaa/nrf_log_frontend.c.o
 .debug_macro   0x000000000000208e       0x16 _build/nrf52840_xxaa/nrf_log_frontend.c.o
 .debug_macro   0x00000000000020a4       0x9a _build/nrf52840_xxaa/nrf_log_frontend.c.o
 .debug_macro   0x000000000000213e       0x9e _build/nrf52840_xxaa/nrf_log_frontend.c.o
 .debug_macro   0x00000000000021dc      0x3d5 _build/nrf52840_xxaa/nrf_log_str_formatter.c.o
 .debug_macro   0x00000000000025b1       0xa2 _build/nrf52840_xxaa/nrf_log_str_formatter.c.o
 .debug_macro   0x0000000000002653      0x35c _build/nrf52840_xxaa/boards.c.o
 .debug_macro   0x00000000000029af       0xfb _build/nrf52840_xxaa/boards.c.o
 .debug_macro   0x0000000000002aaa       0x40 _build/nrf52840_xxaa/boards.c.o
 .debug_macro   0x0000000000002aea       0x3f _build/nrf52840_xxaa/boards.c.o
 .debug_macro   0x0000000000002b29       0x16 _build/nrf52840_xxaa/boards.c.o
 .debug_macro   0x0000000000002b3f       0x19 _build/nrf52840_xxaa/boards.c.o
 .debug_macro   0x0000000000002b58       0x35 _build/nrf52840_xxaa/boards.c.o
 .debug_macro   0x0000000000002b8d       0x7b _build/nrf52840_xxaa/boards.c.o
 .debug_macro   0x0000000000002c08       0x1c _build/nrf52840_xxaa/boards.c.o
 .debug_macro   0x0000000000002c24       0x9a _build/nrf52840_xxaa/boards.c.o
 .debug_macro   0x0000000000002cbe      0x16d _build/nrf52840_xxaa/boards.c.o
 .debug_macro   0x0000000000002e2b      0x21d _build/nrf52840_xxaa/app_error.c.o
 .debug_macro   0x0000000000003048       0x97 _build/nrf52840_xxaa/app_error.c.o
 .debug_macro   0x00000000000030df       0xf6 _build/nrf52840_xxaa/app_error.c.o
 .debug_macro   0x00000000000031d5      0x383 _build/nrf52840_xxaa/app_error_weak.c.o
 .debug_macro   0x0000000000003558       0x16 _build/nrf52840_xxaa/app_error_weak.c.o
 .debug_macro   0x000000000000356e       0x92 _build/nrf52840_xxaa/app_error_weak.c.o
 .debug_macro   0x0000000000003600      0x239 _build/nrf52840_xxaa/app_util_platform.c.o
 .debug_macro   0x0000000000003839      0x24e _build/nrf52840_xxaa/nrf_atomic.c.o
 .debug_macro   0x0000000000003a87       0x42 _build/nrf52840_xxaa/nrf_atomic.c.o
 .debug_macro   0x0000000000003ac9      0x348 _build/nrf52840_xxaa/nrf_balloc.c.o
 .debug_macro   0x0000000000003e11       0x10 _build/nrf52840_xxaa/nrf_balloc.c.o
 .debug_macro   0x0000000000003e21      0x25a _build/nrf52840_xxaa/nrf_fprintf.c.o
 .debug_macro   0x000000000000407b       0x58 _build/nrf52840_xxaa/nrf_fprintf.c.o
 .debug_macro   0x00000000000040d3      0x2cc _build/nrf52840_xxaa/nrf_fprintf_format.c.o
 .debug_macro   0x000000000000439f      0x32b _build/nrf52840_xxaa/nrf_memobj.c.o
 .debug_macro   0x00000000000046ca      0x10e _build/nrf52840_xxaa/nrf_memobj.c.o
 .debug_macro   0x00000000000047d8       0x86 _build/nrf52840_xxaa/nrf_memobj.c.o
 .debug_macro   0x000000000000485e       0x5b _build/nrf52840_xxaa/nrf_memobj.c.o
 .debug_macro   0x00000000000048b9      0x3bc _build/nrf52840_xxaa/nrf_drv_twi.c.o