Archive member included to satisfy reference by file (symbol)

/home/vbshightime/nrf52/gcc-arm-none-eabi-10.3-2021.10/bin/../lib/gcc/arm-none-eabi/10.3.1/../../../../arm-none-eabi/lib/thumb/v7e-m+fp/hard/libc_nano.a(lib_a-ctype_.o)
                              _build/nrf52840_xxaa/nrf_log_str_formatter.c.o (_ctype_)
/home/vbshightime/nrf52/gcc-arm-none-eabi-10.3-2021.10/bin/../lib/gcc/arm-none-eabi/10.3.1/../../../../arm-none-eabi/lib/thumb/v7e-m+fp/hard/libc_nano.a(lib_a-exit.o)
                              /home/vbshightime/nrf52/gcc-arm-none-eabi-10.3-2021.10/bin/../lib/gcc/arm-none-eabi/10.3.1/../../../../arm-none-eabi/lib/thumb/v7e-m+fp/hard/crt0.o (exit)
/home/vbshightime/nrf52/gcc-arm-none-eabi-10.3-2021.10/bin/../lib/gcc/arm-none-eabi/10.3.1/../../../../arm-none-eabi/lib/thumb/v7e-m+fp/hard/libc_nano.a(lib_a-impure.o)
                              /home/vbshightime/nrf52/gcc-arm-none-eabi-10.3-2021.10/bin/../lib/gcc/arm-none-eabi/10.3.1/../../../../arm-none-eabi/lib/thumb/v7e-m+fp/hard/libc_nano.a(lib_a-exit.o) (_global_impure_ptr)
/home/vbshightime/nrf52/gcc-arm-none-eabi-10.3-2021.10/bin/../lib/gcc/arm-none-eabi/10.3.1/../../../../arm-none-eabi/lib/thumb/v7e-m+fp/hard/libc_nano.a(lib_a-init.o)
                              /home/vbshightime/nrf52/gcc-arm-none-eabi-10.3-2021.10/bin/../lib/gcc/arm-none-eabi/10.3.1/../../../../arm-none-eabi/lib/thumb/v7e-m+fp/hard/crt0.o (__libc_init_array)
/home/vbshightime/nrf52/gcc-arm-none-eabi-10.3-2021.10/bin/../lib/gcc/arm-none-eabi/10.3.1/../../../../arm-none-eabi/lib/thumb/v7e-m+fp/hard/libc_nano.a(lib_a-memcpy-stub.o)
                              _build/nrf52840_xxaa/nrf_log_frontend.c.o (memcpy)
/home/vbshightime/nrf52/gcc-arm-none-eabi-10.3-2021.10/bin/../lib/gcc/arm-none-eabi/10.3.1/../../../../arm-none-eabi/lib/thumb/v7e-m+fp/hard/libc_nano.a(lib_a-memset.o)
                              /home/vbshightime/nrf52/gcc-arm-none-eabi-10.3-2021.10/bin/../lib/gcc/arm-none-eabi/10.3.1/../../../../arm-none-eabi/lib/thumb/v7e-m+fp/hard/crt0.o (memset)
/home/vbshightime/nrf52/gcc-arm-none-eabi-10.3-2021.10/bin/../lib/gcc/arm-none-eabi/10.3.1/../../../../arm-none-eabi/lib/thumb/v7e-m+fp/hard/libc_nano.a(lib_a-strcpy.o)
                              _build/nrf52840_xxaa/SEGGER_RTT.c.o (strcpy)
/home/vbshightime/nrf52/gcc-arm-none-eabi-10.3-2021.10/bin/../lib/gcc/arm-none-eabi/10.3.1/../../../../arm-none-eabi/lib/thumb/v7e-m+fp/hard/libc_nano.a(lib_a-strlen.o)
                              _build/nrf52840_xxaa/nrf_log_frontend.c.o (strlen)
/home/vbshightime/nrf52/gcc-arm-none-eabi-10.3-2021.10/bin/../lib/gcc/arm-none-eabi/10.3.1/../../../../arm-none-eabi/lib/thumb/v7e-m+fp/hard/libnosys.a(_exit.o)
                              /home/vbshightime/nrf52/gcc-arm-none-eabi-10.3-2021.10/bin/../lib/gcc/arm-none-eabi/10.3.1/../../../../arm-none-eabi/lib/thumb/v7e-m+fp/hard/libc_nano.a(lib_a-exit.o) (_exit)

Discarded input sections

 .text          0x0000000000000000        0x0 /home/vbshightime/nrf52/gcc-arm-none-eabi-10.3-2021.10/bin/../lib/gcc/arm-none-eabi/10.3.1/thumb/v7e-m+fp/hard/crti.o
 .data          0x0000000000000000        0x0 /home/vbshightime/nrf52/gcc-arm-none-eabi-10.3-2021.10/bin/../lib/gcc/arm-none-eabi/10.3.1/thumb/v7e-m+fp/hard/crti.o
 .bss           0x0000000000000000        0x0 /home/vbshightime/nrf52/gcc-arm-none-eabi-10.3-2021.10/bin/../lib/gcc/arm-none-eabi/10.3.1/thumb/v7e-m+fp/hard/crti.o
 .data          0x0000000000000000        0x4 /home/vbshightime/nrf52/gcc-arm-none-eabi-10.3-2021.10/bin/../lib/gcc/arm-none-eabi/10.3.1/thumb/v7e-m+fp/hard/crtbegin.o
 .rodata        0x0000000000000000       0x24 /home/vbshightime/nrf52/gcc-arm-none-eabi-10.3-2021.10/bin/../lib/gcc/arm-none-eabi/10.3.1/thumb/v7e-m+fp/hard/crtbegin.o
 .data          0x0000000000000000        0x0 /home/vbshightime/nrf52/gcc-arm-none-eabi-10.3-2021.10/bin/../lib/gcc/arm-none-eabi/10.3.1/../../../../arm-none-eabi/lib/thumb/v7e-m+fp/hard/crt0.o
 .bss           0x0000000000000000        0x0 /home/vbshightime/nrf52/gcc-arm-none-eabi-10.3-2021.10/bin/../lib/gcc/arm-none-eabi/10.3.1/../../../../arm-none-eabi/lib/thumb/v7e-m+fp/hard/crt0.o
 .ARM.extab     0x0000000000000000        0x0 /home/vbshightime/nrf52/gcc-arm-none-eabi-10.3-2021.10/bin/../lib/gcc/arm-none-eabi/10.3.1/../../../../arm-none-eabi/lib/thumb/v7e-m+fp/hard/crt0.o
 .data          0x0000000000000000        0x0 _build/nrf52840_xxaa/gcc_startup_nrf52840.S.o
 .bss           0x0000000000000000        0x0 _build/nrf52840_xxaa/gcc_startup_nrf52840.S.o
 .group         0x0000000000000000        0xc _build/nrf52840_xxaa/nrf_log_backend_rtt.c.o
 .group         0x0000000000000000        0xc _build/nrf52840_xxaa/nrf_log_backend_rtt.c.o
 .group         0x0000000000000000        0xc _build/nrf52840_xxaa/nrf_log_backend_rtt.c.o
 .group         0x0000000000000000        0xc _build/nrf52840_xxaa/nrf_log_backend_rtt.c.o
 .group         0x0000000000000000        0xc _build/nrf52840_xxaa/nrf_log_backend_rtt.c.o
[...]
Memory Configuration

Name             Origin             Length             Attributes
FLASH            0x0000000000001000 0x00000000000ff000 xr
RAM              0x0000000020000008 0x000000000003fff8 xrw
*default*        0x0000000000000000 0xffffffffffffffff

Linker script and memory map


.text           0x0000000000001000     0x34fc
 *(.isr_vector)
 .isr_vector    0x0000000000001000      0x200 _build/nrf52840_xxaa/gcc_startup_nrf52840.S.o
                0x0000000000001000                __isr_vector
 *(.text*)
 .text          0x0000000000001200       0x40 /home/vbshightime/nrf52/gcc-arm-none-eabi-10.3-2021.10/bin/../lib/gcc/arm-none-eabi/10.3.1/thumb/v7e-m+fp/hard/crtbegin.o
 .text          0x0000000000001240       0x7c /home/vbshightime/nrf52/gcc-arm-none-eabi-10.3-2021.10/bin/../lib/gcc/arm-none-eabi/10.3.1/../../../../arm-none-eabi/lib/thumb/v7e-m+fp/hard/crt0.o
                0x0000000000001240                _stack_init
                0x0000000000001248                _mainCRTStartup
                0x0000000000001248                _start
 .text          0x00000000000012bc       0x3c _build/nrf52840_xxaa/gcc_startup_nrf52840.S.o
                0x00000000000012bc                Reset_Handler
                0x00000000000012e4                NMI_Handler
                0x00000000000012e6                HardFault_Handler
                0x00000000000012e8                MemoryManagement_Handler
                0x00000000000012ea                BusFault_Handler
                0x00000000000012ec                UsageFault_Handler
                0x00000000000012ee                SVC_Handler
                0x00000000000012f0                DebugMon_Handler
                0x00000000000012f2                PendSV_Handler
                0x00000000000012f4                SysTick_Handler
                0x00000000000012f6                TIMER2_IRQHandler
                0x00000000000012f6                RTC0_IRQHandler
                0x00000000000012f6                SWI0_EGU0_IRQHandler
                0x00000000000012f6                SWI2_EGU2_IRQHandler
                0x00000000000012f6                GPIOTE_IRQHandler
                0x00000000000012f6                PWM1_IRQHandler
                0x00000000000012f6                POWER_CLOCK_IRQHandler
                0x00000000000012f6                RADIO_IRQHandler
                0x00000000000012f6                PDM_IRQHandler
                0x00000000000012f6                TEMP_IRQHandler
                0x00000000000012f6                QDEC_IRQHandler
                0x00000000000012f6                TIMER3_IRQHandler
                0x00000000000012f6                PWM3_IRQHandler
                0x00000000000012f6                FPU_IRQHandler
                0x00000000000012f6                USBD_IRQHandler
                0x00000000000012f6                TIMER4_IRQHandler
                0x00000000000012f6                CRYPTOCELL_IRQHandler
                0x00000000000012f6                I2S_IRQHandler
                0x00000000000012f6                SWI4_EGU4_IRQHandler
                0x00000000000012f6                TIMER0_IRQHandler
                0x00000000000012f6                UARTE1_IRQHandler
                0x00000000000012f6                TIMER1_IRQHandler
                0x00000000000012f6                SPIM3_IRQHandler
                0x00000000000012f6                PWM2_IRQHandler
                0x00000000000012f6                ECB_IRQHandler
                0x00000000000012f6                Default_Handler
                0x00000000000012f6                SAADC_IRQHandler
                0x00000000000012f6                CCM_AAR_IRQHandler
                0x00000000000012f6                WDT_IRQHandler
                0x00000000000012f6                SWI5_EGU5_IRQHandler
                0x00000000000012f6                RNG_IRQHandler
                0x00000000000012f6                RTC2_IRQHandler
                0x00000000000012f6                PWM0_IRQHandler
                0x00000000000012f6                SWI3_EGU3_IRQHandler
                0x00000000000012f6                RTC1_IRQHandler
                0x00000000000012f6                SWI1_EGU1_IRQHandler
                0x00000000000012f6                SPIM2_SPIS2_SPI2_IRQHandler
                0x00000000000012f6                NFCT_IRQHandler
                0x00000000000012f6                MWU_IRQHandler
                0x00000000000012f6                QSPI_IRQHandler
                0x00000000000012f6                COMP_LPCOMP_IRQHandler
 .text.nrf_log_backend_serial_put
                0x00000000000012f8       0xd8 _build/nrf52840_xxaa/nrf_log_backend_serial.c.o
                0x00000000000012f8                nrf_log_backend_serial_put
 .text.uart_evt_handler
                0x00000000000013d0        0xc _build/nrf52840_xxaa/nrf_log_backend_uart.c.o
 .text.nrf_log_backend_uart_flush
                0x00000000000013dc        0x4 _build/nrf52840_xxaa/nrf_log_backend_uart.c.o
 .text.nrf_log_backend_uart_put
                0x00000000000013e0       0x20 _build/nrf52840_xxaa/nrf_log_backend_uart.c.o
 .text.serial_tx
                0x0000000000001400       0x50 _build/nrf52840_xxaa/nrf_log_backend_uart.c.o
 .text.nrf_log_backend_uart_panic_set
                0x0000000000001450       0x68 _build/nrf52840_xxaa/nrf_log_backend_uart.c.o
 .text.nrf_log_backend_uart_init
                0x00000000000014b8       0x50 _build/nrf52840_xxaa/nrf_log_backend_uart.c.o
                0x00000000000014b8                nrf_log_backend_uart_init
 .text.nrf_log_default_backends_init
                0x0000000000001508       0x20 _build/nrf52840_xxaa/nrf_log_default_backends.c.o
                0x0000000000001508                nrf_log_default_backends_init
 .text.log_skip
                0x0000000000001528       0xcc _build/nrf52840_xxaa/nrf_log_frontend.c.o
 .text.nrf_log_init
                0x00000000000015f4       0x28 _build/nrf52840_xxaa/nrf_log_frontend.c.o
                0x00000000000015f4                nrf_log_init
 .text.nrf_log_module_name_get
                0x000000000000161c       0x48 _build/nrf52840_xxaa/nrf_log_frontend.c.o
                0x000000000000161c                nrf_log_module_name_get
 .text.nrf_log_color_id_get
                0x0000000000001664       0x2c _build/nrf52840_xxaa/nrf_log_frontend.c.o
                0x0000000000001664                nrf_log_color_id_get
 .text.log_pending_hook
                0x0000000000001690        0x4 _build/nrf52840_xxaa/nrf_log_frontend.c.o
                0x0000000000001690                log_pending_hook
 .text.nrf_log_frontend_dequeue
                0x0000000000001694      0x258 _build/nrf52840_xxaa/nrf_log_frontend.c.o
                0x0000000000001694                nrf_log_frontend_dequeue
 .text.nrf_log_frontend_std_1
                0x00000000000018ec       0xc8 _build/nrf52840_xxaa/nrf_log_frontend.c.o
                0x00000000000018ec                nrf_log_frontend_std_1
 .text.nrf_log_frontend_std_0
                0x00000000000019b4       0xb4 _build/nrf52840_xxaa/nrf_log_frontend.c.o
                0x00000000000019b4                nrf_log_frontend_std_0
 .text.nrf_log_backend_add
                0x0000000000001a68       0x5c _build/nrf52840_xxaa/nrf_log_frontend.c.o
                0x0000000000001a68                nrf_log_backend_add
 .text.nrf_log_panic
                0x0000000000001ac4       0x28 _build/nrf52840_xxaa/nrf_log_frontend.c.o
                0x0000000000001ac4                nrf_log_panic
 .text.prefix_process
                0x0000000000001aec       0x84 _build/nrf52840_xxaa/nrf_log_str_formatter.c.o
 .text.nrf_log_std_entry_process
                0x0000000000001b70       0xec _build/nrf52840_xxaa/nrf_log_str_formatter.c.o
                0x0000000000001b70                nrf_log_std_entry_process
 .text.nrf_log_hexdump_entry_process
                0x0000000000001c5c      0x104 _build/nrf52840_xxaa/nrf_log_str_formatter.c.o
                0x0000000000001c5c                nrf_log_hexdump_entry_process
 .text.app_error_handler_bare
                0x0000000000001d60       0x20 _build/nrf52840_xxaa/app_error.c.o
                0x0000000000001d60                app_error_handler_bare
 .text.app_error_fault_handler
                0x0000000000001d80       0x6c _build/nrf52840_xxaa/app_error_weak.c.o
                0x0000000000001d80                app_error_fault_handler
 .text.app_util_critical_region_enter
                0x0000000000001dec       0x10 _build/nrf52840_xxaa/app_util_platform.c.o
                0x0000000000001dec                app_util_critical_region_enter
 .text.app_util_critical_region_exit
                0x0000000000001dfc       0x14 _build/nrf52840_xxaa/app_util_platform.c.o
                0x0000000000001dfc                app_util_critical_region_exit
 .text.nrf_atomic_u32_fetch_store
                0x0000000000001e10       0x14 _build/nrf52840_xxaa/nrf_atomic.c.o
                0x0000000000001e10                nrf_atomic_u32_fetch_store
 .text.nrf_atomic_u32_add
                0x0000000000001e24       0x18 _build/nrf52840_xxaa/nrf_atomic.c.o
                0x0000000000001e24                nrf_atomic_u32_add
 .text.nrf_atomic_u32_sub
                0x0000000000001e3c       0x18 _build/nrf52840_xxaa/nrf_atomic.c.o
                0x0000000000001e3c                nrf_atomic_u32_sub
 .text.nrf_atomic_flag_set
                0x0000000000001e54       0x18 _build/nrf52840_xxaa/nrf_atomic.c.o
                0x0000000000001e54                nrf_atomic_flag_set
 .text.nrf_atomic_flag_clear_fetch
                0x0000000000001e6c       0x18 _build/nrf52840_xxaa/nrf_atomic.c.o
                0x0000000000001e6c                nrf_atomic_flag_clear_fetch
 .text.nrf_balloc_init
                0x0000000000001e84       0x3c _build/nrf52840_xxaa/nrf_balloc.c.o
                0x0000000000001e84                nrf_balloc_init
 .text.nrf_balloc_alloc
                0x0000000000001ec0       0x4c _build/nrf52840_xxaa/nrf_balloc.c.o
                0x0000000000001ec0                nrf_balloc_alloc
 .text.nrf_balloc_free
                0x0000000000001f0c       0x2c _build/nrf52840_xxaa/nrf_balloc.c.o
                0x0000000000001f0c                nrf_balloc_free
 .text.nrf_fprintf_buffer_flush
                0x0000000000001f38       0x18 _build/nrf52840_xxaa/nrf_fprintf.c.o
                0x0000000000001f38                nrf_fprintf_buffer_flush
 .text.nrf_fprintf
                0x0000000000001f50       0x20 _build/nrf52840_xxaa/nrf_fprintf.c.o
                0x0000000000001f50                nrf_fprintf
 .text.unsigned_print
                0x0000000000001f70      0x160 _build/nrf52840_xxaa/nrf_fprintf_format.c.o
 .text.nrf_fprintf_fmt
                0x00000000000020d0      0x584 _build/nrf52840_xxaa/nrf_fprintf_format.c.o
                0x00000000000020d0                nrf_fprintf_fmt
 .text.nrf_memobj_pool_init
                0x0000000000002654        0x4 _build/nrf52840_xxaa/nrf_memobj.c.o
                0x0000000000002654                nrf_memobj_pool_init
 .text.nrf_memobj_alloc
                0x0000000000002658       0x94 _build/nrf52840_xxaa/nrf_memobj.c.o
                0x0000000000002658                nrf_memobj_alloc
 .text.nrf_memobj_get
                0x00000000000026ec        0x8 _build/nrf52840_xxaa/nrf_memobj.c.o
                0x00000000000026ec                nrf_memobj_get
 .text.nrf_memobj_put
                0x00000000000026f4       0x58 _build/nrf52840_xxaa/nrf_memobj.c.o
                0x00000000000026f4                nrf_memobj_put
 .text.nrf_memobj_write
                0x000000000000274c       0x68 _build/nrf52840_xxaa/nrf_memobj.c.o
                0x000000000000274c                nrf_memobj_write
 .text.nrf_memobj_read
                0x00000000000027b4       0x68 _build/nrf52840_xxaa/nrf_memobj.c.o
                0x00000000000027b4                nrf_memobj_read
 .text.nrf_ringbuf_init
                0x000000000000281c       0x1c _build/nrf52840_xxaa/nrf_ringbuf.c.o
                0x000000000000281c                nrf_ringbuf_init
 .text.twim_evt_handler
                0x0000000000002838       0x44 _build/nrf52840_xxaa/nrf_drv_twi.c.o
 .text.nrf_drv_twi_init
                0x000000000000287c      0x16c _build/nrf52840_xxaa/nrf_drv_twi.c.o
                0x000000000000287c                nrf_drv_twi_init
 .text.uarte_evt_handler
                0x00000000000029e8       0x34 _build/nrf52840_xxaa/nrf_drv_uart.c.o
 .text.uart_evt_handler
                0x0000000000002a1c       0x34 _build/nrf52840_xxaa/nrf_drv_uart.c.o
 .text.nrf_drv_uart_init
                0x0000000000002a50       0x78 _build/nrf52840_xxaa/nrf_drv_uart.c.o
                0x0000000000002a50                nrf_drv_uart_init
 .text.UARTE0_UART0_IRQHandler
                0x0000000000002ac8        0xc _build/nrf52840_xxaa/nrfx_prs.c.o
                0x0000000000002ac8                UARTE0_UART0_IRQHandler
 .text.nrfx_prs_acquire
                0x0000000000002ad4       0x3c _build/nrf52840_xxaa/nrfx_prs.c.o
                0x0000000000002ad4                nrfx_prs_acquire
 .text.nrfx_prs_release
                0x0000000000002b10       0x18 _build/nrf52840_xxaa/nrfx_prs.c.o
                0x0000000000002b10                nrfx_prs_release
 .text.xfer_completeness_check
                0x0000000000002b28       0x70 _build/nrf52840_xxaa/nrfx_twim.c.o
 .text.SPIM0_SPIS0_TWIM0_TWIS0_SPI0_TWI0_IRQHandler
                0x0000000000002b98      0x1d4 _build/nrf52840_xxaa/nrfx_twim.c.o
                0x0000000000002b98                SPIM0_SPIS0_TWIM0_TWIS0_SPI0_TWI0_IRQHandler
 .text.SPIM1_SPIS1_TWIM1_TWIS1_SPI1_TWI1_IRQHandler
                0x0000000000002d6c      0x1dc _build/nrf52840_xxaa/nrfx_twim.c.o
                0x0000000000002d6c                SPIM1_SPIS1_TWIM1_TWIS1_SPI1_TWI1_IRQHandler
 .text.nrfx_twim_init
                0x0000000000002f48      0x11c _build/nrf52840_xxaa/nrfx_twim.c.o
                0x0000000000002f48                nrfx_twim_init
 .text.nrfx_twim_enable
                0x0000000000003064       0x20 _build/nrf52840_xxaa/nrfx_twim.c.o
                0x0000000000003064                nrfx_twim_enable
 .text.nrfx_twim_rx
                0x0000000000003084      0x1e4 _build/nrf52840_xxaa/nrfx_twim.c.o
                0x0000000000003084                nrfx_twim_rx
 .text.nrfx_uart_0_irq_handler
                0x0000000000003268      0x1d0 _build/nrf52840_xxaa/nrfx_uart.c.o
                0x0000000000003268                nrfx_uart_0_irq_handler
 .text.nrfx_uart_init
                0x0000000000003438      0x1ec _build/nrf52840_xxaa/nrfx_uart.c.o
                0x0000000000003438                nrfx_uart_init
 .text.nrfx_uart_uninit
                0x0000000000003624      0x10c _build/nrf52840_xxaa/nrfx_uart.c.o
                0x0000000000003624                nrfx_uart_uninit
 .text.nrfx_uart_tx
                0x0000000000003730       0xd8 _build/nrf52840_xxaa/nrfx_uart.c.o
                0x0000000000003730                nrfx_uart_tx
 .text.nrfx_uarte_0_irq_handler
                0x0000000000003808      0x178 _build/nrf52840_xxaa/nrfx_uarte.c.o
                0x0000000000003808                nrfx_uarte_0_irq_handler
 .text.nrfx_uarte_init
                0x0000000000003980      0x21c _build/nrf52840_xxaa/nrfx_uarte.c.o
                0x0000000000003980                nrfx_uarte_init
 .text.nrfx_uarte_uninit
                0x0000000000003b9c      0x170 _build/nrf52840_xxaa/nrfx_uarte.c.o
                0x0000000000003b9c                nrfx_uarte_uninit
 .text.nrfx_uarte_tx
                0x0000000000003d0c       0xb0 _build/nrf52840_xxaa/nrfx_uarte.c.o
                0x0000000000003d0c                nrfx_uarte_tx
 *fill*         0x0000000000003dbc        0x4 
 .text.twi_init
                0x0000000000003dc0       0x50 _build/nrf52840_xxaa/main.c.o
                0x0000000000003dc0                twi_init
 .text.startup.main
                0x0000000000003e10       0xa4 _build/nrf52840_xxaa/main.c.o
                0x0000000000003e10                main
 .text.SystemInit
                0x0000000000003eb4      0x25c _build/nrf52840_xxaa/system_nrf52840.c.o
                0x0000000000003eb4                SystemInit
 .text.exit     0x0000000000004110       0x28 /home/vbshightime/nrf52/gcc-arm-none-eabi-10.3-2021.10/bin/../lib/gcc/arm-none-eabi/10.3.1/../../../../arm-none-eabi/lib/thumb/v7e-m+fp/hard/libc_nano.a(lib_a-exit.o)
                0x0000000000004110                exit
 .text.__libc_init_array
                0x0000000000004138       0x48 /home/vbshightime/nrf52/gcc-arm-none-eabi-10.3-2021.10/bin/../lib/gcc/arm-none-eabi/10.3.1/../../../../arm-none-eabi/lib/thumb/v7e-m+fp/hard/libc_nano.a(lib_a-init.o)
                0x0000000000004138                __libc_init_array
 .text.memcpy   0x0000000000004180       0x1c /home/vbshightime/nrf52/gcc-arm-none-eabi-10.3-2021.10/bin/../lib/gcc/arm-none-eabi/10.3.1/../../../../arm-none-eabi/lib/thumb/v7e-m+fp/hard/libc_nano.a(lib_a-memcpy-stub.o)
                0x0000000000004180                memcpy
 .text.memset   0x000000000000419c       0x10 /home/vbshightime/nrf52/gcc-arm-none-eabi-10.3-2021.10/bin/../lib/gcc/arm-none-eabi/10.3.1/../../../../arm-none-eabi/lib/thumb/v7e-m+fp/hard/libc_nano.a(lib_a-memset.o)
                0x000000000000419c                memset
 .text          0x00000000000041ac       0x10 /home/vbshightime/nrf52/gcc-arm-none-eabi-10.3-2021.10/bin/../lib/gcc/arm-none-eabi/10.3.1/../../../../arm-none-eabi/lib/thumb/v7e-m+fp/hard/libc_nano.a(lib_a-strlen.o)
                0x00000000000041ac                strlen
 .text._exit    0x00000000000041bc        0x4 /home/vbshightime/nrf52/gcc-arm-none-eabi-10.3-2021.10/bin/../lib/gcc/arm-none-eabi/10.3.1/../../../../arm-none-eabi/lib/thumb/v7e-m+fp/hard/libnosys.a(_exit.o)
                0x00000000000041bc                _exit
 *(.init)
 .init          0x00000000000041c0        0x4 /home/vbshightime/nrf52/gcc-arm-none-eabi-10.3-2021.10/bin/../lib/gcc/arm-none-eabi/10.3.1/thumb/v7e-m+fp/hard/crti.o
                0x00000000000041c0                _init
 .init          0x00000000000041c4        0x8 /home/vbshightime/nrf52/gcc-arm-none-eabi-10.3-2021.10/bin/../lib/gcc/arm-none-eabi/10.3.1/thumb/v7e-m+fp/hard/crtn.o
 *(.fini)
 .fini          0x00000000000041cc        0x4 /home/vbshightime/nrf52/gcc-arm-none-eabi-10.3-2021.10/bin/../lib/gcc/arm-none-eabi/10.3.1/thumb/v7e-m+fp/hard/crti.o
                0x00000000000041cc                _fini
 .fini          0x00000000000041d0        0x8 /home/vbshightime/nrf52/gcc-arm-none-eabi-10.3-2021.10/bin/../lib/gcc/arm-none-eabi/10.3.1/thumb/v7e-m+fp/hard/crtn.o
 *crtbegin.o(.ctors)
 *crtbegin?.o(.ctors)
 *(EXCLUDE_FILE(*crtend.o *crtend?.o) .ctors)
 *(SORT_BY_NAME(.ctors.*))
 *(.ctors)
 *crtbegin.o(.dtors)
 *crtbegin?.o(.dtors)
 *(EXCLUDE_FILE(*crtend.o *crtend?.o) .dtors)
 *(SORT_BY_NAME(.dtors.*))
 *(.dtors)
 *(.rodata*)
 .rodata        0x00000000000041d8       0x20 _build/nrf52840_xxaa/nrf_log_backend_uart.c.o
 .rodata.nrf_log_backend_uart_api
                0x00000000000041f8        0xc _build/nrf52840_xxaa/nrf_log_backend_uart.c.o
                0x00000000000041f8                nrf_log_backend_uart_api
 .rodata.str1.4
                0x0000000000004204       0x11 _build/nrf52840_xxaa/nrf_log_default_backends.c.o
 *fill*         0x0000000000004215        0x3 
 .rodata.nrf_log_frontend_dequeue.str1.4
                0x0000000000004218       0x11 _build/nrf52840_xxaa/nrf_log_frontend.c.o
 *fill*         0x0000000000004229        0x3 
 .rodata.str1.4
                0x000000000000422c        0x4 _build/nrf52840_xxaa/nrf_log_frontend.c.o
 .rodata.m_log_push_ringbuf
                0x0000000000004230        0xc _build/nrf52840_xxaa/nrf_log_frontend.c.o
 .rodata.prefix_process.str1.4
                0x000000000000423c       0x36 _build/nrf52840_xxaa/nrf_log_str_formatter.c.o
 *fill*         0x0000000000004272        0x2 
 .rodata.nrf_log_std_entry_process.str1.4
                0x0000000000004274        0x3 _build/nrf52840_xxaa/nrf_log_str_formatter.c.o
 *fill*         0x0000000000004277        0x1 
 .rodata.nrf_log_hexdump_entry_process.str1.4
                0x0000000000004278       0x13 _build/nrf52840_xxaa/nrf_log_str_formatter.c.o
                                         0x16 (size before relaxing)
 *fill*         0x000000000000428b        0x1 
 .rodata.str1.4
                0x000000000000428c       0x56 _build/nrf52840_xxaa/nrf_log_str_formatter.c.o
 *fill*         0x00000000000042e2        0x2 
 .rodata.m_colors
                0x00000000000042e4       0x24 _build/nrf52840_xxaa/nrf_log_str_formatter.c.o
 .rodata.severity_names
                0x0000000000004308       0x14 _build/nrf52840_xxaa/nrf_log_str_formatter.c.o
 .rodata.app_error_fault_handler.str1.4
                0x000000000000431c       0x19 _build/nrf52840_xxaa/app_error_weak.c.o
 *fill*         0x0000000000004335        0x3 
 .rodata._aV2C.0
                0x0000000000004338       0x10 _build/nrf52840_xxaa/nrf_fprintf_format.c.o
 *fill*         0x0000000000004348        0x8 
 .rodata.delay_machine_code.0
                0x0000000000004350        0x6 _build/nrf52840_xxaa/nrf_drv_twi.c.o
 *fill*         0x0000000000004356        0x2 
 .rodata.str1.4
                0x0000000000004358        0x4 _build/nrf52840_xxaa/nrfx_prs.c.o
 .rodata.str1.4
                0x000000000000435c        0x5 _build/nrf52840_xxaa/nrfx_twim.c.o
 *fill*         0x0000000000004361        0x3 
 .rodata.irq_handlers.0
                0x0000000000004364        0x8 _build/nrf52840_xxaa/nrfx_twim.c.o
 .rodata.str1.4
                0x000000000000436c        0x5 _build/nrf52840_xxaa/nrfx_uart.c.o
 *fill*         0x0000000000004371        0x3 
 .rodata.str1.4
                0x0000000000004374        0x6 _build/nrf52840_xxaa/nrfx_uarte.c.o
 *fill*         0x000000000000437a        0x2 
 .rodata.main.str1.4
                0x000000000000437c       0x55 _build/nrf52840_xxaa/main.c.o
 *fill*         0x00000000000043d1        0x3 
 .rodata.m_twi  0x00000000000043d4       0x10 _build/nrf52840_xxaa/main.c.o
 .rodata.CSWTCH.15
                0x00000000000043e4        0x6 _build/nrf52840_xxaa/system_nrf52840.c.o
 *fill*         0x00000000000043ea        0x2 
 .rodata.CSWTCH.6
                0x00000000000043ec        0x6 _build/nrf52840_xxaa/system_nrf52840.c.o
 .rodata._ctype_
                0x00000000000043f2      0x101 /home/vbshightime/nrf52/gcc-arm-none-eabi-10.3-2021.10/bin/../lib/gcc/arm-none-eabi/10.3.1/../../../../arm-none-eabi/lib/thumb/v7e-m+fp/hard/libc_nano.a(lib_a-ctype_.o)
                0x00000000000043f2                _ctype_
 *fill*         0x00000000000044f3        0x1 
 .rodata._global_impure_ptr
                0x00000000000044f4        0x4 /home/vbshightime/nrf52/gcc-arm-none-eabi-10.3-2021.10/bin/../lib/gcc/arm-none-eabi/10.3.1/../../../../arm-none-eabi/lib/thumb/v7e-m+fp/hard/libc_nano.a(lib_a-impure.o)
                0x00000000000044f4                _global_impure_ptr
 *(.eh_frame*)
 .eh_frame      0x00000000000044f8        0x0 /home/vbshightime/nrf52/gcc-arm-none-eabi-10.3-2021.10/bin/../lib/gcc/arm-none-eabi/10.3.1/thumb/v7e-m+fp/hard/crtbegin.o
 .eh_frame      0x00000000000044f8        0x4 /home/vbshightime/nrf52/gcc-arm-none-eabi-10.3-2021.10/bin/../lib/gcc/arm-none-eabi/10.3.1/thumb/v7e-m+fp/hard/crtend.o

.glue_7         0x00000000000044fc        0x0
 .glue_7        0x00000000000044fc        0x0 linker stubs

.glue_7t        0x00000000000044fc        0x0
 .glue_7t       0x00000000000044fc        0x0 linker stubs

.vfp11_veneer   0x00000000000044fc        0x0
 .vfp11_veneer  0x00000000000044fc        0x0 linker stubs

.v4_bx          0x00000000000044fc        0x0
 .v4_bx         0x00000000000044fc        0x0 linker stubs

.iplt           0x00000000000044fc        0x0
 .iplt          0x00000000000044fc        0x0 /home/vbshightime/nrf52/gcc-arm-none-eabi-10.3-2021.10/bin/../lib/gcc/arm-none-eabi/10.3.1/thumb/v7e-m+fp/hard/crtbegin.o

.mem_section_dummy_rom

.log_const_data
                0x00000000000044fc       0x28
                0x00000000000044fc                PROVIDE (__start_log_const_data = .)
 *(SORT_BY_NAME(.log_const_data*))
 .log_const_data_PRS
                0x00000000000044fc        0x8 _build/nrf52840_xxaa/nrfx_prs.c.o
                0x00000000000044fc                m_nrf_log_PRS_logs_data_const
 .log_const_data_TWIM
                0x0000000000004504        0x8 _build/nrf52840_xxaa/nrfx_twim.c.o
                0x0000000000004504                m_nrf_log_TWIM_logs_data_const
 .log_const_data_UART
                0x000000000000450c        0x8 _build/nrf52840_xxaa/nrfx_uart.c.o
                0x000000000000450c                m_nrf_log_UART_logs_data_const
 .log_const_data_UARTE
                0x0000000000004514        0x8 _build/nrf52840_xxaa/nrfx_uarte.c.o
                0x0000000000004514                m_nrf_log_UARTE_logs_data_const
 .log_const_data_app
                0x000000000000451c        0x8 _build/nrf52840_xxaa/nrf_log_frontend.c.o
                0x000000000000451c                m_nrf_log_app_logs_data_const
                0x0000000000004524                PROVIDE (__stop_log_const_data = .)

.log_backends   0x0000000000004524       0x10
                [!provide]                        PROVIDE (__start_log_backends = .)
 *(SORT_BY_NAME(.log_backends*))
 .log_backends  0x0000000000004524       0x10 _build/nrf52840_xxaa/nrf_log_default_backends.c.o
                [!provide]                        PROVIDE (__stop_log_backends = .)

.nrf_balloc     0x0000000000004534       0x14
                [!provide]                        PROVIDE (__start_nrf_balloc = .)
 *(.nrf_balloc)
 .nrf_balloc    0x0000000000004534       0x14 _build/nrf52840_xxaa/nrf_log_frontend.c.o
                0x0000000000004534                log_mempool
                [!provide]                        PROVIDE (__stop_nrf_balloc = .)

.ARM.extab
 *(.ARM.extab* .gnu.linkonce.armextab.*)
                0x0000000000004548                __exidx_start = .

.ARM.exidx      0x0000000000004548        0x8
 *(.ARM.exidx* .gnu.linkonce.armexidx.*)
 .ARM.exidx     0x0000000000004548        0x8 /home/vbshightime/nrf52/gcc-arm-none-eabi-10.3-2021.10/bin/../lib/gcc/arm-none-eabi/10.3.1/../../../../arm-none-eabi/lib/thumb/v7e-m+fp/hard/crt0.o
                                         0x10 (size before relaxing)
                0x0000000000004550                __exidx_end = .

.rel.dyn        0x0000000000004550        0x0
 .rel.iplt      0x0000000000004550        0x0 /home/vbshightime/nrf52/gcc-arm-none-eabi-10.3-2021.10/bin/../lib/gcc/arm-none-eabi/10.3.1/thumb/v7e-m+fp/hard/crtbegin.o
                0x0000000000004550                . = ALIGN (0x4)
                0x0000000000004550                __etext = .

.data           0x0000000020000008       0x88 load address 0x0000000000004550
                0x0000000020000008                __data_start__ = .
 *(vtable)
 *(.data*)
 .data.m_uart   0x0000000020000008       0x14 _build/nrf52840_xxaa/nrf_log_backend_uart.c.o
                0x0000000020000008                m_uart
 .data.log_backend_cb_uart_log_backend
                0x000000002000001c        0x8 _build/nrf52840_xxaa/nrf_log_default_backends.c.o
 .data.SystemCoreClock
                0x0000000020000024        0x4 _build/nrf52840_xxaa/system_nrf52840.c.o
                0x0000000020000024                SystemCoreClock
 .data.impure_data
                0x0000000020000028       0x60 /home/vbshightime/nrf52/gcc-arm-none-eabi-10.3-2021.10/bin/../lib/gcc/arm-none-eabi/10.3.1/../../../../arm-none-eabi/lib/thumb/v7e-m+fp/hard/libc_nano.a(lib_a-impure.o)
                0x0000000020000088                . = ALIGN (0x4)
                0x0000000020000088                PROVIDE (__preinit_array_start = .)
 *(.preinit_array)
                0x0000000020000088                PROVIDE (__preinit_array_end = .)
                0x0000000020000088                . = ALIGN (0x4)
                0x0000000020000088                PROVIDE (__init_array_start = .)
 *(SORT_BY_NAME(.init_array.*))
 *(.init_array)
 .init_array    0x0000000020000088        0x4 /home/vbshightime/nrf52/gcc-arm-none-eabi-10.3-2021.10/bin/../lib/gcc/arm-none-eabi/10.3.1/thumb/v7e-m+fp/hard/crtbegin.o
                0x000000002000008c                PROVIDE (__init_array_end = .)
                0x000000002000008c                . = ALIGN (0x4)
                [!provide]                        PROVIDE (__fini_array_start = .)
 *(SORT_BY_NAME(.fini_array.*))
 *(.fini_array)
 .fini_array    0x000000002000008c        0x4 /home/vbshightime/nrf52/gcc-arm-none-eabi-10.3-2021.10/bin/../lib/gcc/arm-none-eabi/10.3.1/thumb/v7e-m+fp/hard/crtbegin.o
                [!provide]                        PROVIDE (__fini_array_end = .)
 *(.jcr*)
                0x0000000020000090                . = ALIGN (0x4)
                0x0000000020000090                __data_end__ = .
LOAD /home/vbshightime/nrf52/gcc-arm-none-eabi-10.3-2021.10/bin/../lib/gcc/arm-none-eabi/10.3.1/thumb/v7e-m+fp/hard/crti.o
LOAD /home/vbshightime/nrf52/gcc-arm-none-eabi-10.3-2021.10/bin/../lib/gcc/arm-none-eabi/10.3.1/thumb/v7e-m+fp/hard/crtbegin.o
LOAD /home/vbshightime/nrf52/gcc-arm-none-eabi-10.3-2021.10/bin/../lib/gcc/arm-none-eabi/10.3.1/../../../../arm-none-eabi/lib/thumb/v7e-m+fp/hard/crt0.o
LOAD _build/nrf52840_xxaa/gcc_startup_nrf52840.S.o
LOAD _build/nrf52840_xxaa/nrf_log_backend_rtt.c.o
LOAD _build/nrf52840_xxaa/nrf_log_backend_serial.c.o
LOAD _build/nrf52840_xxaa/nrf_log_backend_uart.c.o
LOAD _build/nrf52840_xxaa/nrf_log_default_backends.c.o
LOAD _build/nrf52840_xxaa/nrf_log_frontend.c.o
LOAD _build/nrf52840_xxaa/nrf_log_str_formatter.c.o
LOAD _build/nrf52840_xxaa/boards.c.o
LOAD _build/nrf52840_xxaa/app_error.c.o
LOAD _build/nrf52840_xxaa/app_error_handler_gcc.c.o
LOAD _build/nrf52840_xxaa/app_error_weak.c.o
LOAD _build/nrf52840_xxaa/app_util_platform.c.o
LOAD _build/nrf52840_xxaa/nrf_assert.c.o
LOAD _build/nrf52840_xxaa/nrf_atomic.c.o
LOAD _build/nrf52840_xxaa/nrf_balloc.c.o
LOAD _build/nrf52840_xxaa/nrf_fprintf.c.o
LOAD _build/nrf52840_xxaa/nrf_fprintf_format.c.o
LOAD _build/nrf52840_xxaa/nrf_memobj.c.o
LOAD _build/nrf52840_xxaa/nrf_ringbuf.c.o
LOAD _build/nrf52840_xxaa/nrf_strerror.c.o
LOAD _build/nrf52840_xxaa/nrf_drv_twi.c.o
LOAD _build/nrf52840_xxaa/nrf_drv_uart.c.o
LOAD _build/nrf52840_xxaa/nrfx_atomic.c.o
LOAD _build/nrf52840_xxaa/nrfx_prs.c.o
LOAD _build/nrf52840_xxaa/nrfx_twi.c.o
LOAD _build/nrf52840_xxaa/nrfx_twim.c.o
LOAD _build/nrf52840_xxaa/nrfx_uart.c.o
LOAD _build/nrf52840_xxaa/nrfx_uarte.c.o
LOAD _build/nrf52840_xxaa/main.c.o
LOAD _build/nrf52840_xxaa/SEGGER_RTT.c.o
LOAD _build/nrf52840_xxaa/SEGGER_RTT_Syscalls_GCC.c.o
LOAD _build/nrf52840_xxaa/SEGGER_RTT_printf.c.o
LOAD _build/nrf52840_xxaa/system_nrf52840.c.o
LOAD /home/vbshightime/nrf52/gcc-arm-none-eabi-10.3-2021.10/bin/../lib/gcc/arm-none-eabi/10.3.1/../../../../arm-none-eabi/lib/thumb/v7e-m+fp/hard/libc_nano.a
LOAD /home/vbshightime/nrf52/gcc-arm-none-eabi-10.3-2021.10/bin/../lib/gcc/arm-none-eabi/10.3.1/../../../../arm-none-eabi/lib/thumb/v7e-m+fp/hard/libnosys.a
LOAD /home/vbshightime/nrf52/gcc-arm-none-eabi-10.3-2021.10/bin/../lib/gcc/arm-none-eabi/10.3.1/../../../../arm-none-eabi/lib/thumb/v7e-m+fp/hard/libm.a
START GROUP
LOAD /home/vbshightime/nrf52/gcc-arm-none-eabi-10.3-2021.10/bin/../lib/gcc/arm-none-eabi/10.3.1/thumb/v7e-m+fp/hard/libgcc.a
LOAD /home/vbshightime/nrf52/gcc-arm-none-eabi-10.3-2021.10/bin/../lib/gcc/arm-none-eabi/10.3.1/../../../../arm-none-eabi/lib/thumb/v7e-m+fp/hard/libg_nano.a
LOAD /home/vbshightime/nrf52/gcc-arm-none-eabi-10.3-2021.10/bin/../lib/gcc/arm-none-eabi/10.3.1/../../../../arm-none-eabi/lib/thumb/v7e-m+fp/hard/libc_nano.a
END GROUP
START GROUP
LOAD /home/vbshightime/nrf52/gcc-arm-none-eabi-10.3-2021.10/bin/../lib/gcc/arm-none-eabi/10.3.1/thumb/v7e-m+fp/hard/libgcc.a
LOAD /home/vbshightime/nrf52/gcc-arm-none-eabi-10.3-2021.10/bin/../lib/gcc/arm-none-eabi/10.3.1/../../../../arm-none-eabi/lib/thumb/v7e-m+fp/hard/libc_nano.a
END GROUP
LOAD /home/vbshightime/nrf52/gcc-arm-none-eabi-10.3-2021.10/bin/../lib/gcc/arm-none-eabi/10.3.1/thumb/v7e-m+fp/hard/crtend.o
LOAD /home/vbshightime/nrf52/gcc-arm-none-eabi-10.3-2021.10/bin/../lib/gcc/arm-none-eabi/10.3.1/thumb/v7e-m+fp/hard/crtn.o
START GROUP
LOAD /home/vbshightime/nrf52/gcc-arm-none-eabi-10.3-2021.10/bin/../lib/gcc/arm-none-eabi/10.3.1/thumb/v7e-m+fp/hard/libgcc.a
LOAD /home/vbshightime/nrf52/gcc-arm-none-eabi-10.3-2021.10/bin/../lib/gcc/arm-none-eabi/10.3.1/../../../../arm-none-eabi/lib/thumb/v7e-m+fp/hard/libc.a
LOAD /home/vbshightime/nrf52/gcc-arm-none-eabi-10.3-2021.10/bin/../lib/gcc/arm-none-eabi/10.3.1/../../../../arm-none-eabi/lib/thumb/v7e-m+fp/hard/libnosys.a
END GROUP

.igot.plt       0x0000000020000090        0x0 load address 0x00000000000045d8
 .igot.plt      0x0000000020000090        0x0 /home/vbshightime/nrf52/gcc-arm-none-eabi-10.3-2021.10/bin/../lib/gcc/arm-none-eabi/10.3.1/thumb/v7e-m+fp/hard/crtbegin.o
                0x0000000020000090                . = ALIGN (0x4)

.mem_section_dummy_ram

.log_dynamic_data
                0x0000000020000090        0x0
                0x0000000020000090                PROVIDE (__start_log_dynamic_data = .)
 *(SORT_BY_NAME(.log_dynamic_data*))
                [!provide]                        PROVIDE (__stop_log_dynamic_data = .)

.log_filter_data
                0x0000000020000090        0x0
                [!provide]                        PROVIDE (__start_log_filter_data = .)
 *(SORT_BY_NAME(.log_filter_data*))
                [!provide]                        PROVIDE (__stop_log_filter_data = .)

.bss            0x0000000020000090      0x6dc load address 0x00000000000045d8
                0x0000000020000090                . = ALIGN (0x4)
                0x0000000020000090                __bss_start__ = .
 *(.bss*)
 .bss           0x0000000020000090       0x1c /home/vbshightime/nrf52/gcc-arm-none-eabi-10.3-2021.10/bin/../lib/gcc/arm-none-eabi/10.3.1/thumb/v7e-m+fp/hard/crtbegin.o
 .bss.m_async_mode
                0x00000000200000ac        0x1 _build/nrf52840_xxaa/nrf_log_backend_uart.c.o
 *fill*         0x00000000200000ad        0x3 
 .bss.m_string_buff
                0x00000000200000b0       0x40 _build/nrf52840_xxaa/nrf_log_backend_uart.c.o
 .bss.m_xfer_done
                0x00000000200000f0        0x1 _build/nrf52840_xxaa/nrf_log_backend_uart.c.o
 *fill*         0x00000000200000f1        0x3 
 .bss.log_mempool_nrf_balloc_cb
                0x00000000200000f4        0x8 _build/nrf52840_xxaa/nrf_log_frontend.c.o
 .bss.log_mempool_nrf_balloc_pool_mem
                0x00000000200000fc       0xc0 _build/nrf52840_xxaa/nrf_log_frontend.c.o
 .bss.log_mempool_nrf_balloc_pool_stack
                0x00000000200001bc        0x8 _build/nrf52840_xxaa/nrf_log_frontend.c.o
 .bss.m_log_data
                0x00000000200001c4      0x420 _build/nrf52840_xxaa/nrf_log_frontend.c.o
 .bss.m_log_push_ringbuf_buf
                0x00000000200005e4       0x80 _build/nrf52840_xxaa/nrf_log_frontend.c.o
 .bss.m_log_push_ringbuf_cb
                0x0000000020000664       0x18 _build/nrf52840_xxaa/nrf_log_frontend.c.o
 .bss.m_in_critical_region
                0x000000002000067c        0x4 _build/nrf52840_xxaa/app_util_platform.c.o
 .bss.m_contexts
                0x0000000020000680        0x8 _build/nrf52840_xxaa/nrf_drv_twi.c.o
 .bss.m_handlers
                0x0000000020000688        0x8 _build/nrf52840_xxaa/nrf_drv_twi.c.o
 .bss.m_contexts
                0x0000000020000690        0x8 _build/nrf52840_xxaa/nrf_drv_uart.c.o
 .bss.m_handlers
                0x0000000020000698        0x8 _build/nrf52840_xxaa/nrf_drv_uart.c.o
 .bss.nrf_drv_uart_use_easy_dma
                0x00000000200006a0        0x2 _build/nrf52840_xxaa/nrf_drv_uart.c.o
                0x00000000200006a0                nrf_drv_uart_use_easy_dma
 *fill*         0x00000000200006a2        0x2 
 .bss.m_prs_box_4
                0x00000000200006a4        0x8 _build/nrf52840_xxaa/nrfx_prs.c.o
 .bss.m_cb      0x00000000200006ac       0x68 _build/nrf52840_xxaa/nrfx_twim.c.o
 *fill*         0x0000000020000714        0x4 
 .bss.m_cb      0x0000000020000718       0x2c _build/nrf52840_xxaa/nrfx_uart.c.o
 *fill*         0x0000000020000744        0x4 
 .bss.m_cb      0x0000000020000748       0x24 _build/nrf52840_xxaa/nrfx_uarte.c.o
 *(COMMON)
                0x000000002000076c                . = ALIGN (0x4)
                0x000000002000076c                __bss_end__ = .

.heap           0x0000000020000770     0x2000
                0x0000000020000770                __HeapBase = .
                0x0000000020000770                __end__ = .
                [!provide]                        PROVIDE (end = .)
 *(.heap*)
 .heap          0x0000000020000770     0x2000 _build/nrf52840_xxaa/gcc_startup_nrf52840.S.o
                0x0000000020002770                __HeapLimit = .

.stack_dummy    0x0000000020000770     0x2000
 *(.stack*)
 .stack         0x0000000020000770     0x2000 _build/nrf52840_xxaa/gcc_startup_nrf52840.S.o
                0x0000000020040000                __StackTop = (ORIGIN (RAM) + LENGTH (RAM))
                0x000000002003e000                __StackLimit = (__StackTop - SIZEOF (.stack_dummy))
                0x0000000020040000                PROVIDE (__stack = __StackTop)
                0x0000000000000001                ASSERT ((__StackLimit >= __HeapLimit), region RAM overflowed with stack)
                0x0000000000000088                DataInitFlashUsed = (__bss_start__ - __data_start__)
                0x0000000000003550                CodeFlashUsed = (__etext - ORIGIN (FLASH))
                0x00000000000035d8                TotalFlashUsed = (CodeFlashUsed + DataInitFlashUsed)
                0x0000000000000001                ASSERT ((TotalFlashUsed <= LENGTH (FLASH)), region FLASH overflowed with .data and user data)
OUTPUT(_build/nrf52840_xxaa.out elf32-littlearm)
LOAD linker stubs

.ARM.attributes
                0x0000000000000000       0x30
 .ARM.attributes
                0x0000000000000000       0x1e /home/vbshightime/nrf52/gcc-arm-none-eabi-10.3-2021.10/bin/../lib/gcc/arm-none-eabi/10.3.1/thumb/v7e-m+fp/hard/crti.o
 .ARM.attributes
                0x000000000000001e       0x34 /home/vbshightime/nrf52/gcc-arm-none-eabi-10.3-2021.10/bin/../lib/gcc/arm-none-eabi/10.3.1/thumb/v7e-m+fp/hard/crtbegin.o
 .ARM.attributes
                0x0000000000000052       0x1c /home/vbshightime/nrf52/gcc-arm-none-eabi-10.3-2021.10/bin/../lib/gcc/arm-none-eabi/10.3.1/../../../../arm-none-eabi/lib/thumb/v7e-m+fp/hard/crt0.o
 .ARM.attributes
                0x000000000000006e       0x20 _build/nrf52840_xxaa/gcc_startup_nrf52840.S.o
 .ARM.attributes
                0x000000000000008e       0x34 _build/nrf52840_xxaa/nrf_log_backend_serial.c.o
 .ARM.attributes
                0x00000000000000c2       0x34 _build/nrf52840_xxaa/nrf_log_backend_uart.c.o
 .ARM.attributes
                0x00000000000000f6       0x34 _build/nrf52840_xxaa/nrf_log_default_backends.c.o
 .ARM.attributes
                0x000000000000012a       0x34 _build/nrf52840_xxaa/nrf_log_frontend.c.o
 .ARM.attributes
                0x000000000000015e       0x34 _build/nrf52840_xxaa/nrf_log_str_formatter.c.o
 .ARM.attributes
                0x0000000000000192       0x34 _build/nrf52840_xxaa/app_error.c.o
 .ARM.attributes
                0x00000000000001c6       0x34 _build/nrf52840_xxaa/app_error_weak.c.o
 .ARM.attributes
                0x00000000000001fa       0x34 _build/nrf52840_xxaa/app_util_platform.c.o
 .ARM.attributes
                0x000000000000022e       0x34 _build/nrf52840_xxaa/nrf_atomic.c.o
 .ARM.attributes
                0x0000000000000262       0x34 _build/nrf52840_xxaa/nrf_balloc.c.o
 .ARM.attributes
                0x0000000000000296       0x34 _build/nrf52840_xxaa/nrf_fprintf.c.o
 .ARM.attributes
                0x00000000000002ca       0x34 _build/nrf52840_xxaa/nrf_fprintf_format.c.o
 .ARM.attributes
                0x00000000000002fe       0x34 _build/nrf52840_xxaa/nrf_memobj.c.o
 .ARM.attributes
                0x0000000000000332       0x34 _build/nrf52840_xxaa/nrf_ringbuf.c.o
 .ARM.attributes
                0x0000000000000366       0x34 _build/nrf52840_xxaa/nrf_drv_twi.c.o
 .ARM.attributes
                0x000000000000039a       0x34 _build/nrf52840_xxaa/nrf_drv_uart.c.o
 .ARM.attributes
                0x00000000000003ce       0x34 _build/nrf52840_xxaa/nrfx_prs.c.o
 .ARM.attributes
                0x0000000000000402       0x34 _build/nrf52840_xxaa/nrfx_twim.c.o
 .ARM.attributes
                0x0000000000000436       0x34 _build/nrf52840_xxaa/nrfx_uart.c.o
 .ARM.attributes
                0x000000000000046a       0x34 _build/nrf52840_xxaa/nrfx_uarte.c.o
 .ARM.attributes
                0x000000000000049e       0x34 _build/nrf52840_xxaa/main.c.o
 .ARM.attributes
                0x00000000000004d2       0x34 _build/nrf52840_xxaa/system_nrf52840.c.o
 .ARM.attributes
                0x0000000000000506       0x34 /home/vbshightime/nrf52/gcc-arm-none-eabi-10.3-2021.10/bin/../lib/gcc/arm-none-eabi/10.3.1/../../../../arm-none-eabi/lib/thumb/v7e-m+fp/hard/libc_nano.a(lib_a-ctype_.o)
 .ARM.attributes
                0x000000000000053a       0x34 /home/vbshightime/nrf52/gcc-arm-none-eabi-10.3-2021.10/bin/../lib/gcc/arm-none-eabi/10.3.1/../../../../arm-none-eabi/lib/thumb/v7e-m+fp/hard/libc_nano.a(lib_a-exit.o)
 .ARM.attributes
                0x000000000000056e       0x34 /home/vbshightime/nrf52/gcc-arm-none-eabi-10.3-2021.10/bin/../lib/gcc/arm-none-eabi/10.3.1/../../../../arm-none-eabi/lib/thumb/v7e-m+fp/hard/libc_nano.a(lib_a-impure.o)
 .ARM.attributes
                0x00000000000005a2       0x34 /home/vbshightime/nrf52/gcc-arm-none-eabi-10.3-2021.10/bin/../lib/gcc/arm-none-eabi/10.3.1/../../../../arm-none-eabi/lib/thumb/v7e-m+fp/hard/libc_nano.a(lib_a-init.o)
 .ARM.attributes
                0x00000000000005d6       0x34 /home/vbshightime/nrf52/gcc-arm-none-eabi-10.3-2021.10/bin/../lib/gcc/arm-none-eabi/10.3.1/../../../../arm-none-eabi/lib/thumb/v7e-m+fp/hard/libc_nano.a(lib_a-memcpy-stub.o)
 .ARM.attributes
                0x000000000000060a       0x34 /home/vbshightime/nrf52/gcc-arm-none-eabi-10.3-2021.10/bin/../lib/gcc/arm-none-eabi/10.3.1/../../../../arm-none-eabi/lib/thumb/v7e-m+fp/hard/libc_nano.a(lib_a-memset.o)
 .ARM.attributes
                0x000000000000063e       0x17 /home/vbshightime/nrf52/gcc-arm-none-eabi-10.3-2021.10/bin/../lib/gcc/arm-none-eabi/10.3.1/../../../../arm-none-eabi/lib/thumb/v7e-m+fp/hard/libc_nano.a(lib_a-strlen.o)
 .ARM.attributes
                0x0000000000000655       0x34 /home/vbshightime/nrf52/gcc-arm-none-eabi-10.3-2021.10/bin/../lib/gcc/arm-none-eabi/10.3.1/../../../../arm-none-eabi/lib/thumb/v7e-m+fp/hard/libnosys.a(_exit.o)
 .ARM.attributes
                0x0000000000000689       0x34 /home/vbshightime/nrf52/gcc-arm-none-eabi-10.3-2021.10/bin/../lib/gcc/arm-none-eabi/10.3.1/thumb/v7e-m+fp/hard/crtend.o
 .ARM.attributes
                0x00000000000006bd       0x1e /home/vbshightime/nrf52/gcc-arm-none-eabi-10.3-2021.10/bin/../lib/gcc/arm-none-eabi/10.3.1/thumb/v7e-m+fp/hard/crtn.o

.comment        0x0000000000000000       0x49
 .comment       0x0000000000000000       0x49 _build/nrf52840_xxaa/nrf_log_backend_serial.c.o
                                         0x4a (size before relaxing)
 .comment       0x0000000000000049       0x4a _build/nrf52840_xxaa/nrf_log_backend_uart.c.o
 .comment       0x0000000000000049       0x4a _build/nrf52840_xxaa/nrf_log_default_backends.c.o
 .comment       0x0000000000000049       0x4a _build/nrf52840_xxaa/nrf_log_frontend.c.o
 .comment       0x0000000000000049       0x4a _build/nrf52840_xxaa/nrf_log_str_formatter.c.o
 .comment       0x0000000000000049       0x4a _build/nrf52840_xxaa/app_error.c.o
 .comment       0x0000000000000049       0x4a _build/nrf52840_xxaa/app_error_weak.c.o
 .comment       0x0000000000000049       0x4a _build/nrf52840_xxaa/app_util_platform.c.o
 .comment       0x0000000000000049       0x4a _build/nrf52840_xxaa/nrf_atomic.c.o
 .comment       0x0000000000000049       0x4a _build/nrf52840_xxaa/nrf_balloc.c.o
 .comment       0x0000000000000049       0x4a _build/nrf52840_xxaa/nrf_fprintf.c.o
 .comment       0x0000000000000049       0x4a _build/nrf52840_xxaa/nrf_fprintf_format.c.o
 .comment       0x0000000000000049       0x4a _build/nrf52840_xxaa/nrf_memobj.c.o
 .comment       0x0000000000000049       0x4a _build/nrf52840_xxaa/nrf_ringbuf.c.o
 .comment       0x0000000000000049       0x4a _build/nrf52840_xxaa/nrf_drv_twi.c.o
 .comment       0x0000000000000049       0x4a _build/nrf52840_xxaa/nrf_drv_uart.c.o
 .comment       0x0000000000000049       0x4a _build/nrf52840_xxaa/nrfx_prs.c.o
 .comment       0x0000000000000049       0x4a _build/nrf52840_xxaa/nrfx_twim.c.o
 .comment       0x0000000000000049       0x4a _build/nrf52840_xxaa/nrfx_uart.c.o
 .comment       0x0000000000000049       0x4a _build/nrf52840_xxaa/nrfx_uarte.c.o
 .comment       0x0000000000000049       0x4a _build/nrf52840_xxaa/main.c.o
 .comment       0x0000000000000049       0x4a _build/nrf52840_xxaa/system_nrf52840.c.o

.debug_line     0x0000000000000000    0x1376c
 .debug_line    0x0000000000000000       0x89 _build/nrf52840_xxaa/gcc_startup_nrf52840.S.o
 .debug_line    0x0000000000000089      0x89c _build/nrf52840_xxaa/nrf_log_backend_serial.c.o
 .debug_line    0x0000000000000925      0xbbf _build/nrf52840_xxaa/nrf_log_backend_uart.c.o
 .debug_line    0x00000000000014e4      0x78d _build/nrf52840_xxaa/nrf_log_default_backends.c.o
 .debug_line    0x0000000000001c71     0x208c _build/nrf52840_xxaa/nrf_log_frontend.c.o
 .debug_line    0x0000000000003cfd      0x9f2 _build/nrf52840_xxaa/nrf_log_str_formatter.c.o
 .debug_line    0x00000000000046ef      0x5c1 _build/nrf52840_xxaa/app_error.c.o
 .debug_line    0x0000000000004cb0      0x871 _build/nrf52840_xxaa/app_error_weak.c.o
 .debug_line    0x0000000000005521      0x68d _build/nrf52840_xxaa/app_util_platform.c.o
 .debug_line    0x0000000000005bae      0x8c4 _build/nrf52840_xxaa/nrf_atomic.c.o
 .debug_line    0x0000000000006472      0x8ea _build/nrf52840_xxaa/nrf_balloc.c.o
 .debug_line    0x0000000000006d5c      0x592 _build/nrf52840_xxaa/nrf_fprintf.c.o
 .debug_line    0x00000000000072ee      0xfee _build/nrf52840_xxaa/nrf_fprintf_format.c.o
 .debug_line    0x00000000000082dc      0xb89 _build/nrf52840_xxaa/nrf_memobj.c.o
 .debug_line    0x0000000000008e65      0x9ec _build/nrf52840_xxaa/nrf_ringbuf.c.o
 .debug_line    0x0000000000009851      0xb89 _build/nrf52840_xxaa/nrf_drv_twi.c.o
 .debug_line    0x000000000000a3da      0x844 _build/nrf52840_xxaa/nrf_drv_uart.c.o
 .debug_line    0x000000000000ac1e      0x93c _build/nrf52840_xxaa/nrfx_prs.c.o
 .debug_line    0x000000000000b55a     0x2f22 _build/nrf52840_xxaa/nrfx_twim.c.o
 .debug_line    0x000000000000e47c     0x1f19 _build/nrf52840_xxaa/nrfx_uart.c.o
 .debug_line    0x0000000000010395     0x1e74 _build/nrf52840_xxaa/nrfx_uarte.c.o
 .debug_line    0x0000000000012209      0xc4d _build/nrf52840_xxaa/main.c.o
 .debug_line    0x0000000000012e56      0x916 _build/nrf52840_xxaa/system_nrf52840.c.o

.debug_info     0x0000000000000000    0x1ac0d
 .debug_info    0x0000000000000000       0x26 _build/nrf52840_xxaa/gcc_startup_nrf52840.S.o
 .debug_info    0x0000000000000026      0x7cf _build/nrf52840_xxaa/nrf_log_backend_serial.c.o
 .debug_info    0x00000000000007f5     0x11ee _build/nrf52840_xxaa/nrf_log_backend_uart.c.o
 .debug_info    0x00000000000019e3      0x303 _build/nrf52840_xxaa/nrf_log_default_backends.c.o
 .debug_info    0x0000000000001ce6     0x3395 _build/nrf52840_xxaa/nrf_log_frontend.c.o
 .debug_info    0x000000000000507b      0x865 _build/nrf52840_xxaa/nrf_log_str_formatter.c.o
 .debug_info    0x00000000000058e0      0x2c3 _build/nrf52840_xxaa/app_error.c.o
 .debug_info    0x0000000000005ba3      0x4b9 _build/nrf52840_xxaa/app_error_weak.c.o
 .debug_info    0x000000000000605c      0x82c _build/nrf52840_xxaa/app_util_platform.c.o
 .debug_info    0x0000000000006888      0xae3 _build/nrf52840_xxaa/nrf_atomic.c.o
 .debug_info    0x000000000000736b      0x3da _build/nrf52840_xxaa/nrf_balloc.c.o
 .debug_info    0x0000000000007745      0x24b _build/nrf52840_xxaa/nrf_fprintf.c.o
 .debug_info    0x0000000000007990      0xc73 _build/nrf52840_xxaa/nrf_fprintf_format.c.o
 .debug_info    0x0000000000008603      0xb78 _build/nrf52840_xxaa/nrf_memobj.c.o
 .debug_info    0x000000000000917b      0x638 _build/nrf52840_xxaa/nrf_ringbuf.c.o
 .debug_info    0x00000000000097b3     0x175c _build/nrf52840_xxaa/nrf_drv_twi.c.o
 .debug_info    0x000000000000af0f     0x11eb _build/nrf52840_xxaa/nrf_drv_uart.c.o
 .debug_info    0x000000000000c0fa      0x801 _build/nrf52840_xxaa/nrfx_prs.c.o
 .debug_info    0x000000000000c8fb     0x49ec _build/nrf52840_xxaa/nrfx_twim.c.o
 .debug_info    0x00000000000112e7     0x394c _build/nrf52840_xxaa/nrfx_uart.c.o
 .debug_info    0x0000000000014c33     0x38b7 _build/nrf52840_xxaa/nrfx_uarte.c.o
 .debug_info    0x00000000000184ea      0xe47 _build/nrf52840_xxaa/main.c.o
 .debug_info    0x0000000000019331     0x18dc _build/nrf52840_xxaa/system_nrf52840.c.o

.debug_abbrev   0x0000000000000000     0x3d85
 .debug_abbrev  0x0000000000000000       0x14 _build/nrf52840_xxaa/gcc_startup_nrf52840.S.o
 .debug_abbrev  0x0000000000000014      0x202 _build/nrf52840_xxaa/nrf_log_backend_serial.c.o
 .debug_abbrev  0x0000000000000216      0x38d _build/nrf52840_xxaa/nrf_log_backend_uart.c.o
 .debug_abbrev  0x00000000000005a3      0x190 _build/nrf52840_xxaa/nrf_log_default_backends.c.o
 .debug_abbrev  0x0000000000000733      0x5be _build/nrf52840_xxaa/nrf_log_frontend.c.o
 .debug_abbrev  0x0000000000000cf1      0x21a _build/nrf52840_xxaa/nrf_log_str_formatter.c.o
 .debug_abbrev  0x0000000000000f0b      0x13b _build/nrf52840_xxaa/app_error.c.o
 .debug_abbrev  0x0000000000001046      0x218 _build/nrf52840_xxaa/app_error_weak.c.o
 .debug_abbrev  0x000000000000125e      0x260 _build/nrf52840_xxaa/app_util_platform.c.o
 .debug_abbrev  0x00000000000014be      0x205 _build/nrf52840_xxaa/nrf_atomic.c.o
 .debug_abbrev  0x00000000000016c3      0x1f7 _build/nrf52840_xxaa/nrf_balloc.c.o
 .debug_abbrev  0x00000000000018ba      0x143 _build/nrf52840_xxaa/nrf_fprintf.c.o
 .debug_abbrev  0x00000000000019fd      0x2d2 _build/nrf52840_xxaa/nrf_fprintf_format.c.o
 .debug_abbrev  0x0000000000001ccf      0x285 _build/nrf52840_xxaa/nrf_memobj.c.o
 .debug_abbrev  0x0000000000001f54      0x166 _build/nrf52840_xxaa/nrf_ringbuf.c.o
 .debug_abbrev  0x00000000000020ba      0x3b3 _build/nrf52840_xxaa/nrf_drv_twi.c.o
 .debug_abbrev  0x000000000000246d      0x22a _build/nrf52840_xxaa/nrf_drv_uart.c.o
 .debug_abbrev  0x0000000000002697      0x27b _build/nrf52840_xxaa/nrfx_prs.c.o
 .debug_abbrev  0x0000000000002912      0x4f4 _build/nrf52840_xxaa/nrfx_twim.c.o
 .debug_abbrev  0x0000000000002e06      0x4f2 _build/nrf52840_xxaa/nrfx_uart.c.o
 .debug_abbrev  0x00000000000032f8      0x4b5 _build/nrf52840_xxaa/nrfx_uarte.c.o
 .debug_abbrev  0x00000000000037ad      0x2b7 _build/nrf52840_xxaa/main.c.o
 .debug_abbrev  0x0000000000003a64      0x321 _build/nrf52840_xxaa/system_nrf52840.c.o

.debug_aranges  0x0000000000000000      0x650
 .debug_aranges
                0x0000000000000000       0x20 _build/nrf52840_xxaa/gcc_startup_nrf52840.S.o
 .debug_aranges
                0x0000000000000020       0x20 _build/nrf52840_xxaa/nrf_log_backend_serial.c.o
 .debug_aranges
                0x0000000000000040       0x48 _build/nrf52840_xxaa/nrf_log_backend_uart.c.o
 .debug_aranges
                0x0000000000000088       0x20 _build/nrf52840_xxaa/nrf_log_default_backends.c.o
 .debug_aranges
                0x00000000000000a8       0xc8 _build/nrf52840_xxaa/nrf_log_frontend.c.o
 .debug_aranges
                0x0000000000000170       0x38 _build/nrf52840_xxaa/nrf_log_str_formatter.c.o
 .debug_aranges
                0x00000000000001a8       0x28 _build/nrf52840_xxaa/app_error.c.o
 .debug_aranges
                0x00000000000001d0       0x20 _build/nrf52840_xxaa/app_error_weak.c.o
 .debug_aranges
                0x00000000000001f0       0x48 _build/nrf52840_xxaa/app_util_platform.c.o
 .debug_aranges
                0x0000000000000238       0xb0 _build/nrf52840_xxaa/nrf_atomic.c.o
 .debug_aranges
                0x00000000000002e8       0x30 _build/nrf52840_xxaa/nrf_balloc.c.o
 .debug_aranges
                0x0000000000000318       0x28 _build/nrf52840_xxaa/nrf_fprintf.c.o
 .debug_aranges
                0x0000000000000340       0x28 _build/nrf52840_xxaa/nrf_fprintf_format.c.o
 .debug_aranges
                0x0000000000000368       0x50 _build/nrf52840_xxaa/nrf_memobj.c.o
 .debug_aranges
                0x00000000000003b8       0x50 _build/nrf52840_xxaa/nrf_ringbuf.c.o
 .debug_aranges
                0x0000000000000408       0x28 _build/nrf52840_xxaa/nrf_drv_twi.c.o
 .debug_aranges
                0x0000000000000430       0x30 _build/nrf52840_xxaa/nrf_drv_uart.c.o
 .debug_aranges
                0x0000000000000460       0x30 _build/nrf52840_xxaa/nrfx_prs.c.o
 .debug_aranges
                0x0000000000000490       0x80 _build/nrf52840_xxaa/nrfx_twim.c.o
 .debug_aranges
                0x0000000000000510       0x78 _build/nrf52840_xxaa/nrfx_uart.c.o
 .debug_aranges
                0x0000000000000588       0x68 _build/nrf52840_xxaa/nrfx_uarte.c.o
 .debug_aranges
                0x00000000000005f0       0x28 _build/nrf52840_xxaa/main.c.o
 .debug_aranges
                0x0000000000000618       0x38 _build/nrf52840_xxaa/system_nrf52840.c.o

.debug_str      0x0000000000000000    0x9c413
 .debug_str     0x0000000000000000       0xae _build/nrf52840_xxaa/gcc_startup_nrf52840.S.o
 .debug_str     0x00000000000000ae    0x86989 _build/nrf52840_xxaa/nrf_log_backend_serial.c.o
                                      0x87df5 (size before relaxing)
 .debug_str     0x0000000000086a37     0x462e _build/nrf52840_xxaa/nrf_log_backend_uart.c.o
                                      0x8beb4 (size before relaxing)
 .debug_str     0x000000000008b065      0x126 _build/nrf52840_xxaa/nrf_log_default_backends.c.o
                                      0x87b97 (size before relaxing)
 .debug_str     0x000000000008b18b     0x14a2 _build/nrf52840_xxaa/nrf_log_frontend.c.o
                                      0x891a4 (size before relaxing)
 .debug_str     0x000000000008c62d      0x6a6 _build/nrf52840_xxaa/nrf_log_str_formatter.c.o
                                      0x8827a (size before relaxing)
 .debug_str     0x000000000008ccd3      0x121 _build/nrf52840_xxaa/app_error.c.o
                                      0x79dd5 (size before relaxing)
 .debug_str     0x000000000008cdf4       0xc2 _build/nrf52840_xxaa/app_error_weak.c.o
                                      0x8825b (size before relaxing)
 .debug_str     0x000000000008ceb6      0x3eb _build/nrf52840_xxaa/app_util_platform.c.o
                                      0x7a644 (size before relaxing)
 .debug_str     0x000000000008d2a1      0x6bf _build/nrf52840_xxaa/nrf_atomic.c.o
                                      0x83e60 (size before relaxing)
 .debug_str     0x000000000008d960      0x13f _build/nrf52840_xxaa/nrf_balloc.c.o
                                      0x87bf6 (size before relaxing)
 .debug_str     0x000000000008da9f      0x144 _build/nrf52840_xxaa/nrf_fprintf.c.o
                                      0x83aa5 (size before relaxing)
 .debug_str     0x000000000008dbe3      0x511 _build/nrf52840_xxaa/nrf_fprintf_format.c.o
                                      0x83fb4 (size before relaxing)
 .debug_str     0x000000000008e0f4      0x1ac _build/nrf52840_xxaa/nrf_memobj.c.o
                                      0x85f90 (size before relaxing)
 .debug_str     0x000000000008e2a0       0xdc _build/nrf52840_xxaa/nrf_ringbuf.c.o
                                      0x84867 (size before relaxing)
 .debug_str     0x000000000008e37c     0x1d07 _build/nrf52840_xxaa/nrf_drv_twi.c.o
                                      0x89358 (size before relaxing)
 .debug_str     0x0000000000090083      0x451 _build/nrf52840_xxaa/nrf_drv_uart.c.o
                                      0x888fd (size before relaxing)
 .debug_str     0x00000000000904d4      0x61d _build/nrf52840_xxaa/nrfx_prs.c.o
                                      0x8aa62 (size before relaxing)
 .debug_str     0x0000000000090af1     0x11ce _build/nrf52840_xxaa/nrfx_twim.c.o
                                      0x8c75f (size before relaxing)
 .debug_str     0x0000000000091cbf      0x6ac _build/nrf52840_xxaa/nrfx_uart.c.o
                                      0x8bc78 (size before relaxing)
 .debug_str     0x000000000009236b      0x930 _build/nrf52840_xxaa/nrfx_uarte.c.o
                                      0x8c10b (size before relaxing)
 .debug_str     0x0000000000092c9b     0x12b3 _build/nrf52840_xxaa/main.c.o
                                      0x8dfd6 (size before relaxing)
 .debug_str     0x0000000000093f4e     0x84c5 _build/nrf52840_xxaa/system_nrf52840.c.o
                                      0x7ea27 (size before relaxing)

.debug_loc      0x0000000000000000     0xf6c6
 .debug_loc     0x0000000000000000      0x1b3 _build/nrf52840_xxaa/nrf_log_backend_serial.c.o
 .debug_loc     0x00000000000001b3      0x334 _build/nrf52840_xxaa/nrf_log_backend_uart.c.o
 .debug_loc     0x00000000000004e7       0x31 _build/nrf52840_xxaa/nrf_log_default_backends.c.o
 .debug_loc     0x0000000000000518     0x3686 _build/nrf52840_xxaa/nrf_log_frontend.c.o
 .debug_loc     0x0000000000003b9e      0x45d _build/nrf52840_xxaa/nrf_log_str_formatter.c.o
 .debug_loc     0x0000000000003ffb       0xc8 _build/nrf52840_xxaa/app_error.c.o
 .debug_loc     0x00000000000040c3       0x6f _build/nrf52840_xxaa/app_error_weak.c.o
 .debug_loc     0x0000000000004132      0x11a _build/nrf52840_xxaa/app_util_platform.c.o
 .debug_loc     0x000000000000424c      0x587 _build/nrf52840_xxaa/nrf_atomic.c.o
 .debug_loc     0x00000000000047d3      0x22b _build/nrf52840_xxaa/nrf_balloc.c.o
 .debug_loc     0x00000000000049fe       0x54 _build/nrf52840_xxaa/nrf_fprintf.c.o
 .debug_loc     0x0000000000004a52     0x100f _build/nrf52840_xxaa/nrf_fprintf_format.c.o
 .debug_loc     0x0000000000005a61      0xfa8 _build/nrf52840_xxaa/nrf_memobj.c.o
 .debug_loc     0x0000000000006a09      0x6c0 _build/nrf52840_xxaa/nrf_ringbuf.c.o
 .debug_loc     0x00000000000070c9      0x6bb _build/nrf52840_xxaa/nrf_drv_twi.c.o
 .debug_loc     0x0000000000007784      0x1d6 _build/nrf52840_xxaa/nrf_drv_uart.c.o
 .debug_loc     0x000000000000795a      0x10e _build/nrf52840_xxaa/nrfx_prs.c.o
 .debug_loc     0x0000000000007a68     0x389d _build/nrf52840_xxaa/nrfx_twim.c.o
 .debug_loc     0x000000000000b305     0x1f97 _build/nrf52840_xxaa/nrfx_uart.c.o
 .debug_loc     0x000000000000d29c     0x2058 _build/nrf52840_xxaa/nrfx_uarte.c.o
 .debug_loc     0x000000000000f2f4      0x1c0 _build/nrf52840_xxaa/main.c.o
 .debug_loc     0x000000000000f4b4      0x212 _build/nrf52840_xxaa/system_nrf52840.c.o

.debug_ranges   0x0000000000000000     0x2d08
 .debug_ranges  0x0000000000000000       0x28 _build/nrf52840_xxaa/nrf_log_backend_serial.c.o
 .debug_ranges  0x0000000000000028      0x110 _build/nrf52840_xxaa/nrf_log_backend_uart.c.o
 .debug_ranges  0x0000000000000138       0x10 _build/nrf52840_xxaa/nrf_log_default_backends.c.o
 .debug_ranges  0x0000000000000148      0x818 _build/nrf52840_xxaa/nrf_log_frontend.c.o
 .debug_ranges  0x0000000000000960       0xa0 _build/nrf52840_xxaa/nrf_log_str_formatter.c.o
 .debug_ranges  0x0000000000000a00       0x18 _build/nrf52840_xxaa/app_error.c.o
 .debug_ranges  0x0000000000000a18       0x28 _build/nrf52840_xxaa/app_error_weak.c.o
 .debug_ranges  0x0000000000000a40       0x38 _build/nrf52840_xxaa/app_util_platform.c.o
 .debug_ranges  0x0000000000000a78      0x228 _build/nrf52840_xxaa/nrf_atomic.c.o
 .debug_ranges  0x0000000000000ca0       0x48 _build/nrf52840_xxaa/nrf_balloc.c.o
 .debug_ranges  0x0000000000000ce8       0x18 _build/nrf52840_xxaa/nrf_fprintf.c.o
 .debug_ranges  0x0000000000000d00      0x3b8 _build/nrf52840_xxaa/nrf_fprintf_format.c.o
 .debug_ranges  0x00000000000010b8       0xb8 _build/nrf52840_xxaa/nrf_memobj.c.o
 .debug_ranges  0x0000000000001170       0x40 _build/nrf52840_xxaa/nrf_ringbuf.c.o
 .debug_ranges  0x00000000000011b0       0xd8 _build/nrf52840_xxaa/nrf_drv_twi.c.o
 .debug_ranges  0x0000000000001288       0x20 _build/nrf52840_xxaa/nrf_drv_uart.c.o
 .debug_ranges  0x00000000000012a8       0x38 _build/nrf52840_xxaa/nrfx_prs.c.o
 .debug_ranges  0x00000000000012e0      0xcc8 _build/nrf52840_xxaa/nrfx_twim.c.o
 .debug_ranges  0x0000000000001fa8      0x618 _build/nrf52840_xxaa/nrfx_uart.c.o
 .debug_ranges  0x00000000000025c0      0x580 _build/nrf52840_xxaa/nrfx_uarte.c.o
 .debug_ranges  0x0000000000002b40       0x88 _build/nrf52840_xxaa/main.c.o
 .debug_ranges  0x0000000000002bc8      0x140 _build/nrf52840_xxaa/system_nrf52840.c.o

.debug_macro    0x0000000000000000     0x79b1
 .debug_macro   0x0000000000000000      0x375 _build/nrf52840_xxaa/nrf_log_backend_serial.c.o
 .debug_macro   0x0000000000000375       0x16 _build/nrf52840_xxaa/nrf_log_backend_serial.c.o
 .debug_macro   0x000000000000038b       0x22 _build/nrf52840_xxaa/nrf_log_backend_serial.c.o
 .debug_macro   0x00000000000003ad       0x1c _build/nrf52840_xxaa/nrf_log_backend_serial.c.o
 .debug_macro   0x00000000000003c9       0x10 _build/nrf52840_xxaa/nrf_log_backend_serial.c.o
 .debug_macro   0x00000000000003d9       0xbe _build/nrf52840_xxaa/nrf_log_backend_serial.c.o
 .debug_macro   0x0000000000000497       0x16 _build/nrf52840_xxaa/nrf_log_backend_serial.c.o
 .debug_macro   0x00000000000004ad      0x129 _build/nrf52840_xxaa/nrf_log_backend_serial.c.o
 .debug_macro   0x00000000000005d6       0x49 _build/nrf52840_xxaa/nrf_log_backend_serial.c.o
 .debug_macro   0x000000000000061f       0x8c _build/nrf52840_xxaa/nrf_log_backend_serial.c.o
 .debug_macro   0x00000000000006ab       0x31 _build/nrf52840_xxaa/nrf_log_backend_serial.c.o
 .debug_macro   0x00000000000006dc       0x55 _build/nrf52840_xxaa/nrf_log_backend_serial.c.o
 .debug_macro   0x0000000000000731       0x98 _build/nrf52840_xxaa/nrf_log_backend_serial.c.o
 .debug_macro   0x00000000000007c9       0x10 _build/nrf52840_xxaa/nrf_log_backend_serial.c.o
 .debug_macro   0x00000000000007d9       0x1d _build/nrf52840_xxaa/nrf_log_backend_serial.c.o
 .debug_macro   0x00000000000007f6       0x2e _build/nrf52840_xxaa/nrf_log_backend_serial.c.o
 .debug_macro   0x0000000000000824       0x1c _build/nrf52840_xxaa/nrf_log_backend_serial.c.o
 .debug_macro   0x0000000000000840      0x185 _build/nrf52840_xxaa/nrf_log_backend_serial.c.o
 .debug_macro   0x00000000000009c5      0x458 _build/nrf52840_xxaa/nrf_log_backend_uart.c.o
 .debug_macro   0x0000000000000e1d      0x462 _build/nrf52840_xxaa/nrf_log_backend_uart.c.o
 .debug_macro   0x000000000000127f       0x59 _build/nrf52840_xxaa/nrf_log_backend_uart.c.o
 .debug_macro   0x00000000000012d8      0x25d _build/nrf52840_xxaa/nrf_log_backend_uart.c.o
 .debug_macro   0x0000000000001535      0x14e _build/nrf52840_xxaa/nrf_log_backend_uart.c.o
 .debug_macro   0x0000000000001683       0x5a _build/nrf52840_xxaa/nrf_log_backend_uart.c.o
 .debug_macro   0x00000000000016dd       0x1d _build/nrf52840_xxaa/nrf_log_backend_uart.c.o
 .debug_macro   0x00000000000016fa       0xac _build/nrf52840_xxaa/nrf_log_backend_uart.c.o
 .debug_macro   0x00000000000017a6       0x64 _build/nrf52840_xxaa/nrf_log_backend_uart.c.o
 .debug_macro   0x000000000000180a       0x20 _build/nrf52840_xxaa/nrf_log_backend_uart.c.o
 .debug_macro   0x000000000000182a       0x10 _build/nrf52840_xxaa/nrf_log_backend_uart.c.o
 .debug_macro   0x000000000000183a       0x10 _build/nrf52840_xxaa/nrf_log_backend_uart.c.o
 .debug_macro   0x000000000000184a       0x10 _build/nrf52840_xxaa/nrf_log_backend_uart.c.o
 .debug_macro   0x000000000000185a       0x10 _build/nrf52840_xxaa/nrf_log_backend_uart.c.o
 .debug_macro   0x000000000000186a       0x10 _build/nrf52840_xxaa/nrf_log_backend_uart.c.o
 .debug_macro   0x000000000000187a       0x3f _build/nrf52840_xxaa/nrf_log_backend_uart.c.o
 .debug_macro   0x00000000000018b9      0x366 _build/nrf52840_xxaa/nrf_log_default_backends.c.o
 .debug_macro   0x0000000000001c1f       0x10 _build/nrf52840_xxaa/nrf_log_default_backends.c.o
 .debug_macro   0x0000000000001c2f      0x3e7 _build/nrf52840_xxaa/nrf_log_frontend.c.o
 .debug_macro   0x0000000000002016       0x16 _build/nrf52840_xxaa/nrf_log_frontend.c.o
 .debug_macro   0x000000000000202c       0x9a _build/nrf52840_xxaa/nrf_log_frontend.c.o
 .debug_macro   0x00000000000020c6       0x9e _build/nrf52840_xxaa/nrf_log_frontend.c.o
 .debug_macro   0x0000000000002164      0x3b7 _build/nrf52840_xxaa/nrf_log_str_formatter.c.o
 .debug_macro   0x000000000000251b       0xa2 _build/nrf52840_xxaa/nrf_log_str_formatter.c.o
 .debug_macro   0x00000000000025bd      0x21d _build/nrf52840_xxaa/app_error.c.o
 .debug_macro   0x00000000000027da       0x97 _build/nrf52840_xxaa/app_error.c.o
 .debug_macro   0x0000000000002871       0xf6 _build/nrf52840_xxaa/app_error.c.o
 .debug_macro   0x0000000000002967      0x365 _build/nrf52840_xxaa/app_error_weak.c.o
 .debug_macro   0x0000000000002ccc       0x16 _build/nrf52840_xxaa/app_error_weak.c.o
 .debug_macro   0x0000000000002ce2       0x92 _build/nrf52840_xxaa/app_error_weak.c.o
 .debug_macro   0x0000000000002d74      0x239 _build/nrf52840_xxaa/app_util_platform.c.o
 .debug_macro   0x0000000000002fad      0x230 _build/nrf52840_xxaa/nrf_atomic.c.o
 .debug_macro   0x00000000000031dd       0x42 _build/nrf52840_xxaa/nrf_atomic.c.o
 .debug_macro   0x000000000000321f      0x32a _build/nrf52840_xxaa/nrf_balloc.c.o
 .debug_macro   0x0000000000003549       0x10 _build/nrf52840_xxaa/nrf_balloc.c.o
 .debug_macro   0x0000000000003559      0x23c _build/nrf52840_xxaa/nrf_fprintf.c.o
 .debug_macro   0x0000000000003795       0x58 _build/nrf52840_xxaa/nrf_fprintf.c.o
 .debug_macro   0x00000000000037ed      0x2ae _build/nrf52840_xxaa/nrf_fprintf_format.c.o
 .debug_macro   0x0000000000003a9b      0x30d _build/nrf52840_xxaa/nrf_memobj.c.o
 .debug_macro   0x0000000000003da8      0x10e _build/nrf52840_xxaa/nrf_memobj.c.o
 .debug_macro   0x0000000000003eb6       0x86 _build/nrf52840_xxaa/nrf_memobj.c.o
 .debug_macro   0x0000000000003f3c       0x5b _build/nrf52840_xxaa/nrf_memobj.c.o
 .debug_macro   0x0000000000003f97      0x2bc _build/nrf52840_xxaa/nrf_ringbuf.c.o
 .debug_macro   0x0000000000004253      0x39e _build/nrf52840_xxaa/nrf_drv_twi.c.o
 .debug_macro   0x00000000000045f1       0x56 _build/nrf52840_xxaa/nrf_drv_twi.c.o
 .debug_macro   0x0000000000004647       0x3e _build/nrf52840_xxaa/nrf_drv_twi.c.o
 .debug_macro   0x0000000000004685       0x7f _build/nrf52840_xxaa/nrf_drv_twi.c.o
 .debug_macro   0x0000000000004704       0x10 _build/nrf52840_xxaa/nrf_drv_twi.c.o
 .debug_macro   0x0000000000004714       0x22 _build/nrf52840_xxaa/nrf_drv_twi.c.o
 .debug_macro   0x0000000000004736      0x367 _build/nrf52840_xxaa/nrf_drv_uart.c.o
 .debug_macro   0x0000000000004a9d      0x3d4 _build/nrf52840_xxaa/nrfx_prs.c.o
 .debug_macro   0x0000000000004e71       0x28 _build/nrf52840_xxaa/nrfx_prs.c.o
 .debug_macro   0x0000000000004e99       0x1c _build/nrf52840_xxaa/nrfx_prs.c.o
 .debug_macro   0x0000000000004eb5       0x37 _build/nrf52840_xxaa/nrfx_prs.c.o
 .debug_macro   0x0000000000004eec      0x17f _build/nrf52840_xxaa/nrfx_prs.c.o
 .debug_macro   0x000000000000506b       0x42 _build/nrf52840_xxaa/nrfx_prs.c.o
 .debug_macro   0x00000000000050ad      0x42a _build/nrf52840_xxaa/nrfx_twim.c.o
 .debug_macro   0x00000000000054d7      0x3ef _build/nrf52840_xxaa/nrfx_uart.c.o
 .debug_macro   0x00000000000058c6      0x40d _build/nrf52840_xxaa/nrfx_uarte.c.o
 .debug_macro   0x0000000000005cd3      0x499 _build/nrf52840_xxaa/main.c.o
 .debug_macro   0x000000000000616c       0x5e _build/nrf52840_xxaa/main.c.o
 .debug_macro   0x00000000000061ca       0x5c _build/nrf52840_xxaa/main.c.o
 .debug_macro   0x0000000000006226       0x57 _build/nrf52840_xxaa/main.c.o
 .debug_macro   0x000000000000627d       0x10 _build/nrf52840_xxaa/main.c.o
 .debug_macro   0x000000000000628d       0xb2 _build/nrf52840_xxaa/main.c.o
 .debug_macro   0x000000000000633f       0x10 _build/nrf52840_xxaa/main.c.o
 .debug_macro   0x000000000000634f      0x158 _build/nrf52840_xxaa/system_nrf52840.c.o
 .debug_macro   0x00000000000064a7      0x44e _build/nrf52840_xxaa/system_nrf52840.c.o
 .debug_macro   0x00000000000068f5      0xa28 _build/nrf52840_xxaa/system_nrf52840.c.o
 .debug_macro   0x000000000000731d      0x520 _build/nrf52840_xxaa/system_nrf52840.c.o
 .debug_macro   0x000000000000783d      0x164 _build/nrf52840_xxaa/system_nrf52840.c.o
 .debug_macro   0x00000000000079a1       0x10 _build/nrf52840_xxaa/system_nrf52840.c.o

.debug_frame    0x0000000000000000     0x116c
 .debug_frame   0x0000000000000000       0x40 _build/nrf52840_xxaa/nrf_log_backend_serial.c.o
 .debug_frame   0x0000000000000040       0xb0 _build/nrf52840_xxaa/nrf_log_backend_uart.c.o
 .debug_frame   0x00000000000000f0       0x28 _build/nrf52840_xxaa/nrf_log_default_backends.c.o
 .debug_frame   0x0000000000000118      0x2d0 _build/nrf52840_xxaa/nrf_log_frontend.c.o
 .debug_frame   0x00000000000003e8       0xac _build/nrf52840_xxaa/nrf_log_str_formatter.c.o
 .debug_frame   0x0000000000000494       0x4c _build/nrf52840_xxaa/app_error.c.o
 .debug_frame   0x00000000000004e0       0x28 _build/nrf52840_xxaa/app_error_weak.c.o
 .debug_frame   0x0000000000000508       0x70 _build/nrf52840_xxaa/app_util_platform.c.o
 .debug_frame   0x0000000000000578      0x148 _build/nrf52840_xxaa/nrf_atomic.c.o
 .debug_frame   0x00000000000006c0       0x6c _build/nrf52840_xxaa/nrf_balloc.c.o
 .debug_frame   0x000000000000072c       0x5c _build/nrf52840_xxaa/nrf_fprintf.c.o
 .debug_frame   0x0000000000000788       0xa8 _build/nrf52840_xxaa/nrf_fprintf_format.c.o
 .debug_frame   0x0000000000000830       0xe8 _build/nrf52840_xxaa/nrf_memobj.c.o
 .debug_frame   0x0000000000000918       0xd8 _build/nrf52840_xxaa/nrf_ringbuf.c.o
 .debug_frame   0x00000000000009f0       0x6c _build/nrf52840_xxaa/nrf_drv_twi.c.o
 .debug_frame   0x0000000000000a5c       0x7c _build/nrf52840_xxaa/nrf_drv_uart.c.o
 .debug_frame   0x0000000000000ad8       0x4c _build/nrf52840_xxaa/nrfx_prs.c.o
 .debug_frame   0x0000000000000b24      0x1d0 _build/nrf52840_xxaa/nrfx_twim.c.o
 .debug_frame   0x0000000000000cf4      0x180 _build/nrf52840_xxaa/nrfx_uart.c.o
 .debug_frame   0x0000000000000e74      0x188 _build/nrf52840_xxaa/nrfx_uarte.c.o
 .debug_frame   0x0000000000000ffc       0x58 _build/nrf52840_xxaa/main.c.o
 .debug_frame   0x0000000000001054       0x5c _build/nrf52840_xxaa/system_nrf52840.c.o
 .debug_frame   0x00000000000010b0       0x28 /home/vbshightime/nrf52/gcc-arm-none-eabi-10.3-2021.10/bin/../lib/gcc/arm-none-eabi/10.3.1/../../../../arm-none-eabi/lib/thumb/v7e-m+fp/hard/libc_nano.a(lib_a-exit.o)
 .debug_frame   0x00000000000010d8       0x2c /home/vbshightime/nrf52/gcc-arm-none-eabi-10.3-2021.10/bin/../lib/gcc/arm-none-eabi/10.3.1/../../../../arm-none-eabi/lib/thumb/v7e-m+fp/hard/libc_nano.a(lib_a-init.o)
 .debug_frame   0x0000000000001104       0x28 /home/vbshightime/nrf52/gcc-arm-none-eabi-10.3-2021.10/bin/../lib/gcc/arm-none-eabi/10.3.1/../../../../arm-none-eabi/lib/thumb/v7e-m+fp/hard/libc_nano.a(lib_a-memcpy-stub.o)
 .debug_frame   0x000000000000112c       0x20 /home/vbshightime/nrf52/gcc-arm-none-eabi-10.3-2021.10/bin/../lib/gcc/arm-none-eabi/10.3.1/../../../../arm-none-eabi/lib/thumb/v7e-m+fp/hard/libc_nano.a(lib_a-memset.o)
 .debug_frame   0x000000000000114c       0x20 /home/vbshightime/nrf52/gcc-arm-none-eabi-10.3-2021.10/bin/../lib/gcc/arm-none-eabi/10.3.1/../../../../arm-none-eabi/lib/thumb/v7e-m+fp/hard/libnosys.a(_exit.o)
